Archive member included because of file (symbol)

c:/program files (x86)/atmel/atmel toolchain/arm gcc/native/4.8.1443/arm-gnu-toolchain/bin/../lib/gcc/arm-none-eabi/4.8.4/../../../../arm-none-eabi/lib/armv7-m\libc.a(lib_a-exit.o)
                              c:/program files (x86)/atmel/atmel toolchain/arm gcc/native/4.8.1443/arm-gnu-toolchain/bin/../lib/gcc/arm-none-eabi/4.8.4/../../../../arm-none-eabi/lib/armv7-m/crt0.o (exit)
c:/program files (x86)/atmel/atmel toolchain/arm gcc/native/4.8.1443/arm-gnu-toolchain/bin/../lib/gcc/arm-none-eabi/4.8.4/../../../../arm-none-eabi/lib/armv7-m\libc.a(lib_a-impure.o)
                              c:/program files (x86)/atmel/atmel toolchain/arm gcc/native/4.8.1443/arm-gnu-toolchain/bin/../lib/gcc/arm-none-eabi/4.8.4/../../../../arm-none-eabi/lib/armv7-m\libc.a(lib_a-exit.o) (_global_impure_ptr)
c:/program files (x86)/atmel/atmel toolchain/arm gcc/native/4.8.1443/arm-gnu-toolchain/bin/../lib/gcc/arm-none-eabi/4.8.4/../../../../arm-none-eabi/lib/armv7-m\libc.a(lib_a-init.o)
                              c:/program files (x86)/atmel/atmel toolchain/arm gcc/native/4.8.1443/arm-gnu-toolchain/bin/../lib/gcc/arm-none-eabi/4.8.4/../../../../arm-none-eabi/lib/armv7-m/crt0.o (__libc_init_array)
c:/program files (x86)/atmel/atmel toolchain/arm gcc/native/4.8.1443/arm-gnu-toolchain/bin/../lib/gcc/arm-none-eabi/4.8.4/../../../../arm-none-eabi/lib/armv7-m\libc.a(lib_a-iprintf.o)
                              src/ASF/sam/drivers/adc/adc.o (iprintf)
c:/program files (x86)/atmel/atmel toolchain/arm gcc/native/4.8.1443/arm-gnu-toolchain/bin/../lib/gcc/arm-none-eabi/4.8.4/../../../../arm-none-eabi/lib/armv7-m\libc.a(lib_a-memset.o)
                              c:/program files (x86)/atmel/atmel toolchain/arm gcc/native/4.8.1443/arm-gnu-toolchain/bin/../lib/gcc/arm-none-eabi/4.8.4/../../../../arm-none-eabi/lib/armv7-m/crt0.o (memset)
c:/program files (x86)/atmel/atmel toolchain/arm gcc/native/4.8.1443/arm-gnu-toolchain/bin/../lib/gcc/arm-none-eabi/4.8.4/../../../../arm-none-eabi/lib/armv7-m\libc.a(lib_a-puts.o)
                              src/ASF/sam/drivers/adc/adc.o (puts)
c:/program files (x86)/atmel/atmel toolchain/arm gcc/native/4.8.1443/arm-gnu-toolchain/bin/../lib/gcc/arm-none-eabi/4.8.4/../../../../arm-none-eabi/lib/armv7-m\libc.a(lib_a-sprintf.o)
                              src/matlab_coms/matlab_functions.o (sprintf)
c:/program files (x86)/atmel/atmel toolchain/arm gcc/native/4.8.1443/arm-gnu-toolchain/bin/../lib/gcc/arm-none-eabi/4.8.4/../../../../arm-none-eabi/lib/armv7-m\libc.a(lib_a-strlen.o)
                              c:/program files (x86)/atmel/atmel toolchain/arm gcc/native/4.8.1443/arm-gnu-toolchain/bin/../lib/gcc/arm-none-eabi/4.8.4/../../../../arm-none-eabi/lib/armv7-m\libc.a(lib_a-puts.o) (strlen)
c:/program files (x86)/atmel/atmel toolchain/arm gcc/native/4.8.1443/arm-gnu-toolchain/bin/../lib/gcc/arm-none-eabi/4.8.4/../../../../arm-none-eabi/lib/armv7-m\libc.a(lib_a-svfprintf.o)
                              c:/program files (x86)/atmel/atmel toolchain/arm gcc/native/4.8.1443/arm-gnu-toolchain/bin/../lib/gcc/arm-none-eabi/4.8.4/../../../../arm-none-eabi/lib/armv7-m\libc.a(lib_a-sprintf.o) (_svfprintf_r)
c:/program files (x86)/atmel/atmel toolchain/arm gcc/native/4.8.1443/arm-gnu-toolchain/bin/../lib/gcc/arm-none-eabi/4.8.4/../../../../arm-none-eabi/lib/armv7-m\libc.a(lib_a-vfiprintf.o)
                              c:/program files (x86)/atmel/atmel toolchain/arm gcc/native/4.8.1443/arm-gnu-toolchain/bin/../lib/gcc/arm-none-eabi/4.8.4/../../../../arm-none-eabi/lib/armv7-m\libc.a(lib_a-iprintf.o) (_vfiprintf_r)
c:/program files (x86)/atmel/atmel toolchain/arm gcc/native/4.8.1443/arm-gnu-toolchain/bin/../lib/gcc/arm-none-eabi/4.8.4/../../../../arm-none-eabi/lib/armv7-m\libc.a(lib_a-wsetup.o)
                              c:/program files (x86)/atmel/atmel toolchain/arm gcc/native/4.8.1443/arm-gnu-toolchain/bin/../lib/gcc/arm-none-eabi/4.8.4/../../../../arm-none-eabi/lib/armv7-m\libc.a(lib_a-vfiprintf.o) (__swsetup_r)
c:/program files (x86)/atmel/atmel toolchain/arm gcc/native/4.8.1443/arm-gnu-toolchain/bin/../lib/gcc/arm-none-eabi/4.8.4/../../../../arm-none-eabi/lib/armv7-m\libc.a(lib_a-__call_atexit.o)
                              c:/program files (x86)/atmel/atmel toolchain/arm gcc/native/4.8.1443/arm-gnu-toolchain/bin/../lib/gcc/arm-none-eabi/4.8.4/../../../../arm-none-eabi/lib/armv7-m\libc.a(lib_a-exit.o) (__call_exitprocs)
c:/program files (x86)/atmel/atmel toolchain/arm gcc/native/4.8.1443/arm-gnu-toolchain/bin/../lib/gcc/arm-none-eabi/4.8.4/../../../../arm-none-eabi/lib/armv7-m\libc.a(lib_a-atexit.o)
                              c:/program files (x86)/atmel/atmel toolchain/arm gcc/native/4.8.1443/arm-gnu-toolchain/bin/../lib/gcc/arm-none-eabi/4.8.4/../../../../arm-none-eabi/lib/armv7-m\libc.a(lib_a-__call_atexit.o) (atexit)
[...]
Memory Configuration

Name             Origin             Length             Attributes
rom              0x00080000         0x00080000         xr
sram0            0x20000000         0x00010000         xrw
sram1            0x20080000         0x00008000         xrw
ram              0x20070000         0x00018000         xrw
*default*        0x00000000         0xffffffff

Linker script and memory map

LOAD c:/program files (x86)/atmel/atmel toolchain/arm gcc/native/4.8.1443/arm-gnu-toolchain/bin/../lib/gcc/arm-none-eabi/4.8.4/armv7-m/crti.o
LOAD c:/program files (x86)/atmel/atmel toolchain/arm gcc/native/4.8.1443/arm-gnu-toolchain/bin/../lib/gcc/arm-none-eabi/4.8.4/armv7-m/crtbegin.o
LOAD c:/program files (x86)/atmel/atmel toolchain/arm gcc/native/4.8.1443/arm-gnu-toolchain/bin/../lib/gcc/arm-none-eabi/4.8.4/../../../../arm-none-eabi/lib/armv7-m/crt0.o
LOAD src/ASF/sam/drivers/adc/adc.o
LOAD src/common/pin_mapper.o
LOAD src/io_control/analog_output.o
LOAD src/io_control/dac.o
LOAD src/io_control/io_uart.o
LOAD src/matlab_coms/matlab_functions.o
LOAD src/matlab_coms/matlab_state.o
LOAD src/ASF/sam/drivers/adc/adc_sam3u.o
LOAD src/ASF/common/services/delay/sam/cycle_counter.o
LOAD src/ASF/sam/drivers/dacc/dacc.o
LOAD src/ASF/sam/drivers/pwm/pwm.o
LOAD src/io_control/adc.o
LOAD src/ASF/common/services/clock/sam3x/sysclk.o
LOAD src/ASF/common/utils/interrupt/interrupt_sam_nvic.o
LOAD src/ASF/sam/boards/arduino_due_x/init.o
LOAD src/ASF/sam/drivers/pio/pio.o
LOAD src/ASF/sam/drivers/pio/pio_handler.o
LOAD src/ASF/sam/drivers/pmc/pmc.o
LOAD src/ASF/sam/drivers/pmc/sleep.o
LOAD src/ASF/sam/utils/cmsis/sam3x/source/templates/exceptions.o
LOAD src/ASF/sam/utils/cmsis/sam3x/source/templates/gcc/startup_sam3x.o
LOAD src/ASF/sam/utils/cmsis/sam3x/source/templates/system_sam3x.o
LOAD src/ASF/sam/utils/syscalls/gcc/syscalls.o
LOAD src/main.o
START GROUP
LOAD ../src/ASF/thirdparty/CMSIS/Lib/GCC\libarm_cortexM3l_math.a
LOAD c:/program files (x86)/atmel/atmel toolchain/arm gcc/native/4.8.1443/arm-gnu-toolchain/bin/../lib/gcc/arm-none-eabi/4.8.4/../../../../arm-none-eabi/lib/armv7-m\libm.a
END GROUP
START GROUP
LOAD c:/program files (x86)/atmel/atmel toolchain/arm gcc/native/4.8.1443/arm-gnu-toolchain/bin/../lib/gcc/arm-none-eabi/4.8.4/armv7-m\libgcc.a
LOAD c:/program files (x86)/atmel/atmel toolchain/arm gcc/native/4.8.1443/arm-gnu-toolchain/bin/../lib/gcc/arm-none-eabi/4.8.4/../../../../arm-none-eabi/lib/armv7-m\libc.a
END GROUP
LOAD c:/program files (x86)/atmel/atmel toolchain/arm gcc/native/4.8.1443/arm-gnu-toolchain/bin/../lib/gcc/arm-none-eabi/4.8.4/armv7-m/crtend.o
LOAD c:/program files (x86)/atmel/atmel toolchain/arm gcc/native/4.8.1443/arm-gnu-toolchain/bin/../lib/gcc/arm-none-eabi/4.8.4/armv7-m/crtn.o
                0x00002000                __stack_size__ = DEFINED (__stack_size__)?__stack_size__:0x2000
                0x20087ffc                __ram_end__ = ((ORIGIN (ram) + 0x18000) - 0x4)

.text           0x00080000     0x5d08
                0x00080000                . = ALIGN (0x4)
                0x00080000                _sfixed = .
 *(.vectors .vectors.*)
 .vectors       0x00080000       0xf4 src/ASF/sam/utils/cmsis/sam3x/source/templates/gcc/startup_sam3x.o
                0x00080000                exception_table
 *(.text .text.* .gnu.linkonce.t.*)
 .text          0x000800f4       0x54 c:/program files (x86)/atmel/atmel toolchain/arm gcc/native/4.8.1443/arm-gnu-toolchain/bin/../lib/gcc/arm-none-eabi/4.8.4/armv7-m/crtbegin.o
 .text.adc_init
                0x00080148       0x34 src/ASF/sam/drivers/adc/adc.o
                0x00080148                adc_init
 .text.adc_set_resolution
                0x0008017c       0x10 src/ASF/sam/drivers/adc/adc.o
                0x0008017c                adc_set_resolution
 .text.adc_configure_trigger
                0x0008018c       0x10 src/ASF/sam/drivers/adc/adc.o
                0x0008018c                adc_configure_trigger
 .text.adc_configure_timing
                0x0008019c       0x20 src/ASF/sam/drivers/adc/adc.o
                0x0008019c                adc_configure_timing
 .text.adc_start
                0x000801bc        0x8 src/ASF/sam/drivers/adc/adc.o
                0x000801bc                adc_start
 .text.adc_enable_channel
                0x000801c4        0xc src/ASF/sam/drivers/adc/adc.o
                0x000801c4                adc_enable_channel
 .text.adc_enable_all_channel
                0x000801d0        0x8 src/ASF/sam/drivers/adc/adc.o
                0x000801d0                adc_enable_all_channel
 .text.pin_mapper
                0x000801d8        0xc src/common/pin_mapper.o
                0x000801d8                pin_mapper
 .text.map_value
                0x000801e4       0x1c src/common/pin_mapper.o
                0x000801e4                map_value
 .text.pwm_set_duty
                0x00080200       0x1c src/io_control/analog_output.o
                0x00080200                pwm_set_duty
 .text.pwm_setup
                0x0008021c       0x94 src/io_control/analog_output.o
                0x0008021c                pwm_setup
 .text.dac_setup
                0x000802b0       0x54 src/io_control/dac.o
                0x000802b0                dac_setup
 .text.dac_write
                0x00080304       0x2c src/io_control/dac.o
                0x00080304                dac_write
 .text.uart_config
                0x00080330       0x40 src/io_control/io_uart.o
                0x00080330                uart_config
 .text.uart_transmitter_ready
                0x00080370       0x10 src/io_control/io_uart.o
                0x00080370                uart_transmitter_ready
 .text.uart_receiver_ready
                0x00080380       0x10 src/io_control/io_uart.o
                0x00080380                uart_receiver_ready
 .text.uart_send_char
                0x00080390        0xc src/io_control/io_uart.o
                0x00080390                uart_send_char
 .text.uart_receive_char
                0x0008039c        0xc src/io_control/io_uart.o
                0x0008039c                uart_receive_char
 .text.io_pin_dir
                0x000803a8       0x48 src/matlab_coms/matlab_functions.o
                0x000803a8                io_pin_dir
 .text.io_pin_level
                0x000803f0       0x38 src/matlab_coms/matlab_functions.o
                0x000803f0                io_pin_level
 .text.io_pin_status
                0x00080428       0x30 src/matlab_coms/matlab_functions.o
                0x00080428                io_pin_status
 .text.io_pwm_duty
                0x00080458        0xc src/matlab_coms/matlab_functions.o
                0x00080458                io_pwm_duty
 .text.io_adc_value
                0x00080464        0xc src/matlab_coms/matlab_functions.o
                0x00080464                io_adc_value
 .text.send_char_term
                0x00080470       0x2c src/matlab_coms/matlab_functions.o
                0x00080470                send_char_term
 .text.send_char_no_term
                0x0008049c       0x1c src/matlab_coms/matlab_functions.o
                0x0008049c                send_char_no_term
 .text.read_char
                0x000804b8       0x1c src/matlab_coms/matlab_functions.o
                0x000804b8                read_char
 .text.read_when_ready
                0x000804d4       0x18 src/matlab_coms/matlab_functions.o
                0x000804d4                read_when_ready
 .text.send_number
                0x000804ec       0x3c src/matlab_coms/matlab_functions.o
                0x000804ec                send_number
 .text.io_dac_value
                0x00080528        0xc src/matlab_coms/matlab_functions.o
                0x00080528                io_dac_value
 .text.start_coms
                0x00080534       0xe0 src/matlab_coms/matlab_state.o
                0x00080534                start_coms
 .text.dacc_reset
                0x00080614        0x8 src/ASF/sam/drivers/dacc/dacc.o
                0x00080614                dacc_reset
 .text.dacc_set_transfer_mode
                0x0008061c       0x18 src/ASF/sam/drivers/dacc/dacc.o
                0x0008061c                dacc_set_transfer_mode
 .text.dacc_write_conversion_data
                0x00080634        0x4 src/ASF/sam/drivers/dacc/dacc.o
                0x00080634                dacc_write_conversion_data
 .text.dacc_set_channel_selection
                0x00080638       0x18 src/ASF/sam/drivers/dacc/dacc.o
                0x00080638                dacc_set_channel_selection
 .text.dacc_set_timing
                0x00080650       0x30 src/ASF/sam/drivers/dacc/dacc.o
                0x00080650                dacc_set_timing
 .text.dacc_enable_channel
                0x00080680       0x14 src/ASF/sam/drivers/dacc/dacc.o
                0x00080680                dacc_enable_channel
 .text.pwm_clocks_generate
                0x00080694       0x58 src/ASF/sam/drivers/pwm/pwm.o
 .text.pwm_init
                0x000806ec       0x40 src/ASF/sam/drivers/pwm/pwm.o
                0x000806ec                pwm_init
 .text.pwm_channel_init
                0x0008072c      0x104 src/ASF/sam/drivers/pwm/pwm.o
                0x0008072c                pwm_channel_init
 .text.pwm_channel_update_duty
                0x00080830       0x24 src/ASF/sam/drivers/pwm/pwm.o
                0x00080830                pwm_channel_update_duty
 .text.pwm_channel_enable
                0x00080854        0xc src/ASF/sam/drivers/pwm/pwm.o
                0x00080854                pwm_channel_enable
 .text.pwm_channel_disable
                0x00080860        0xc src/ASF/sam/drivers/pwm/pwm.o
                0x00080860                pwm_channel_disable
 .text.init_adc
                0x0008086c       0x7c src/io_control/adc.o
                0x0008086c                init_adc
 .text.read_adc_value
                0x000808e8       0x20 src/io_control/adc.o
                0x000808e8                read_adc_value
 .text.sysclk_init
                0x00080908       0x64 src/ASF/common/services/clock/sam3x/sysclk.o
                0x00080908                sysclk_init
 .text.board_init
                0x0008096c       0x80 src/ASF/sam/boards/arduino_due_x/init.o
                0x0008096c                board_init
 .text.pio_set_peripheral
                0x000809ec       0x40 src/ASF/sam/drivers/pio/pio.o
                0x000809ec                pio_set_peripheral
 .text.pio_set_input
                0x00080a2c       0x34 src/ASF/sam/drivers/pio/pio.o
                0x00080a2c                pio_set_input
 .text.pio_set_output
                0x00080a60       0x28 src/ASF/sam/drivers/pio/pio.o
                0x00080a60                pio_set_output
 .text.pio_get_interrupt_status
                0x00080a88        0x4 src/ASF/sam/drivers/pio/pio.o
                0x00080a88                pio_get_interrupt_status
 .text.pio_get_interrupt_mask
                0x00080a8c        0x4 src/ASF/sam/drivers/pio/pio.o
                0x00080a8c                pio_get_interrupt_mask
 .text.pio_configure_pin
                0x00080a90       0xd4 src/ASF/sam/drivers/pio/pio.o
                0x00080a90                pio_configure_pin
 .text.pio_configure_pin_group
                0x00080b64       0xa0 src/ASF/sam/drivers/pio/pio.o
                0x00080b64                pio_configure_pin_group
 .text.pio_handler_process
                0x00080c04       0x58 src/ASF/sam/drivers/pio/pio_handler.o
                0x00080c04                pio_handler_process
 .text.PIOA_Handler
                0x00080c5c       0x14 src/ASF/sam/drivers/pio/pio_handler.o
                0x00080c5c                PIOA_Handler
 .text.PIOB_Handler
                0x00080c70       0x14 src/ASF/sam/drivers/pio/pio_handler.o
                0x00080c70                PIOB_Handler
 .text.PIOC_Handler
                0x00080c84       0x14 src/ASF/sam/drivers/pio/pio_handler.o
                0x00080c84                PIOC_Handler
 .text.PIOD_Handler
                0x00080c98       0x14 src/ASF/sam/drivers/pio/pio_handler.o
                0x00080c98                PIOD_Handler
 .text.pmc_switch_mck_to_pllack
                0x00080cac       0x64 src/ASF/sam/drivers/pmc/pmc.o
                0x00080cac                pmc_switch_mck_to_pllack
 .text.pmc_switch_mainck_to_xtal
                0x00080d10       0x54 src/ASF/sam/drivers/pmc/pmc.o
                0x00080d10                pmc_switch_mainck_to_xtal
 .text.pmc_osc_is_ready_mainck
                0x00080d64       0x10 src/ASF/sam/drivers/pmc/pmc.o
                0x00080d64                pmc_osc_is_ready_mainck
 .text.pmc_disable_pllack
                0x00080d74       0x10 src/ASF/sam/drivers/pmc/pmc.o
                0x00080d74                pmc_disable_pllack
 .text.pmc_is_locked_pllack
                0x00080d84       0x10 src/ASF/sam/drivers/pmc/pmc.o
                0x00080d84                pmc_is_locked_pllack
 .text.pmc_enable_periph_clk
                0x00080d94       0x58 src/ASF/sam/drivers/pmc/pmc.o
                0x00080d94                pmc_enable_periph_clk
 .text.Dummy_Handler
                0x00080dec        0x4 src/ASF/sam/utils/cmsis/sam3x/source/templates/exceptions.o
                0x00080dec                DACC_Handler
                0x00080dec                DebugMon_Handler
                0x00080dec                DMAC_Handler
                0x00080dec                TRNG_Handler
                0x00080dec                HardFault_Handler
                0x00080dec                TC2_Handler
                0x00080dec                SysTick_Handler
                0x00080dec                USART3_Handler
                0x00080dec                TWI1_Handler
                0x00080dec                PendSV_Handler
                0x00080dec                NMI_Handler
                0x00080dec                TC7_Handler
                0x00080dec                ADC_Handler
                0x00080dec                SMC_Handler
                0x00080dec                USART0_Handler
                0x00080dec                RTT_Handler
                0x00080dec                EFC1_Handler
                0x00080dec                RTC_Handler
                0x00080dec                UsageFault_Handler
                0x00080dec                TC6_Handler
                0x00080dec                WDT_Handler
                0x00080dec                CAN0_Handler
                0x00080dec                TC4_Handler
                0x00080dec                TC1_Handler
                0x00080dec                HSMCI_Handler
                0x00080dec                TC3_Handler
                0x00080dec                Dummy_Handler
                0x00080dec                TWI0_Handler
                0x00080dec                USART1_Handler
                0x00080dec                SSC_Handler
                0x00080dec                EFC0_Handler
                0x00080dec                PMC_Handler
                0x00080dec                PWM_Handler
                0x00080dec                CAN1_Handler
                0x00080dec                MemManage_Handler
                0x00080dec                SUPC_Handler
                0x00080dec                SVC_Handler
                0x00080dec                TC8_Handler
                0x00080dec                USART2_Handler
                0x00080dec                EMAC_Handler
                0x00080dec                UART_Handler
                0x00080dec                BusFault_Handler
                0x00080dec                RSTC_Handler
                0x00080dec                TC0_Handler
                0x00080dec                TC5_Handler
                0x00080dec                UOTGHS_Handler
                0x00080dec                SPI0_Handler
 .text.Reset_Handler
                0x00080df0       0xb0 src/ASF/sam/utils/cmsis/sam3x/source/templates/gcc/startup_sam3x.o
                0x00080df0                Reset_Handler
 .text.SystemCoreClockUpdate
                0x00080ea0      0x11c src/ASF/sam/utils/cmsis/sam3x/source/templates/system_sam3x.o
                0x00080ea0                SystemCoreClockUpdate
 .text._sbrk    0x00080fbc       0x34 src/ASF/sam/utils/syscalls/gcc/syscalls.o
                0x00080fbc                _sbrk
 .text.main     0x00080ff0       0x44 src/main.o
                0x00080ff0                main
 .text.__libc_init_array
                0x00081034       0x50 c:/program files (x86)/atmel/atmel toolchain/arm gcc/native/4.8.1443/arm-gnu-toolchain/bin/../lib/gcc/arm-none-eabi/4.8.4/../../../../arm-none-eabi/lib/armv7-m\libc.a(lib_a-init.o)
                0x00081034                __libc_init_array
 .text.memset   0x00081084       0x94 c:/program files (x86)/atmel/atmel toolchain/arm gcc/native/4.8.1443/arm-gnu-toolchain/bin/../lib/gcc/arm-none-eabi/4.8.4/../../../../arm-none-eabi/lib/armv7-m\libc.a(lib_a-memset.o)
                0x00081084                memset
 .text.sprintf  0x00081118       0x4c c:/program files (x86)/atmel/atmel toolchain/arm gcc/native/4.8.1443/arm-gnu-toolchain/bin/../lib/gcc/arm-none-eabi/4.8.4/../../../../arm-none-eabi/lib/armv7-m\libc.a(lib_a-sprintf.o)
                0x00081118                sprintf
 .text.strlen   0x00081164       0x60 c:/program files (x86)/atmel/atmel toolchain/arm gcc/native/4.8.1443/arm-gnu-toolchain/bin/../lib/gcc/arm-none-eabi/4.8.4/../../../../arm-none-eabi/lib/armv7-m\libc.a(lib_a-strlen.o)
                0x00081164                strlen
 .text._svfprintf_r
                0x000811c4     0x14e0 c:/program files (x86)/atmel/atmel toolchain/arm gcc/native/4.8.1443/arm-gnu-toolchain/bin/../lib/gcc/arm-none-eabi/4.8.4/../../../../arm-none-eabi/lib/armv7-m\libc.a(lib_a-svfprintf.o)
                0x000811c4                _svfprintf_r
 .text.startup.register_fini
                0x000826a4       0x14 c:/program files (x86)/atmel/atmel toolchain/arm gcc/native/4.8.1443/arm-gnu-toolchain/bin/../lib/gcc/arm-none-eabi/4.8.4/../../../../arm-none-eabi/lib/armv7-m\libc.a(lib_a-__call_atexit.o)
 .text.atexit   0x000826b8        0xc c:/program files (x86)/atmel/atmel toolchain/arm gcc/native/4.8.1443/arm-gnu-toolchain/bin/../lib/gcc/arm-none-eabi/4.8.4/../../../../arm-none-eabi/lib/armv7-m\libc.a(lib_a-atexit.o)
                0x000826b8                atexit
 .text.quorem   0x000826c4      0x134 c:/program files (x86)/atmel/atmel toolchain/arm gcc/native/4.8.1443/arm-gnu-toolchain/bin/../lib/gcc/arm-none-eabi/4.8.4/../../../../arm-none-eabi/lib/armv7-m\libc.a(lib_a-dtoa.o)
 .text._dtoa_r  0x000827f8      0xe38 c:/program files (x86)/atmel/atmel toolchain/arm gcc/native/4.8.1443/arm-gnu-toolchain/bin/../lib/gcc/arm-none-eabi/4.8.4/../../../../arm-none-eabi/lib/armv7-m\libc.a(lib_a-dtoa.o)
                0x000827f8                _dtoa_r
 .text.__libc_fini_array
                0x00083630       0x30 c:/program files (x86)/atmel/atmel toolchain/arm gcc/native/4.8.1443/arm-gnu-toolchain/bin/../lib/gcc/arm-none-eabi/4.8.4/../../../../arm-none-eabi/lib/armv7-m\libc.a(lib_a-fini.o)
                0x00083630                __libc_fini_array
 .text._malloc_trim_r
                0x00083660       0x9c c:/program files (x86)/atmel/atmel toolchain/arm gcc/native/4.8.1443/arm-gnu-toolchain/bin/../lib/gcc/arm-none-eabi/4.8.4/../../../../arm-none-eabi/lib/armv7-m\libc.a(lib_a-freer.o)
                0x00083660                _malloc_trim_r
 .text._free_r  0x000836fc      0x198 c:/program files (x86)/atmel/atmel toolchain/arm gcc/native/4.8.1443/arm-gnu-toolchain/bin/../lib/gcc/arm-none-eabi/4.8.4/../../../../arm-none-eabi/lib/armv7-m\libc.a(lib_a-freer.o)
                0x000836fc                _free_r
 .text._localeconv_r
                0x00083894        0x8 c:/program files (x86)/atmel/atmel toolchain/arm gcc/native/4.8.1443/arm-gnu-toolchain/bin/../lib/gcc/arm-none-eabi/4.8.4/../../../../arm-none-eabi/lib/armv7-m\libc.a(lib_a-locale.o)
                0x00083894                _localeconv_r
 .text._malloc_r
                0x0008389c      0x538 c:/program files (x86)/atmel/atmel toolchain/arm gcc/native/4.8.1443/arm-gnu-toolchain/bin/../lib/gcc/arm-none-eabi/4.8.4/../../../../arm-none-eabi/lib/armv7-m\libc.a(lib_a-mallocr.o)
                0x0008389c                _malloc_r
 .text.memchr   0x00083dd4       0x94 c:/program files (x86)/atmel/atmel toolchain/arm gcc/native/4.8.1443/arm-gnu-toolchain/bin/../lib/gcc/arm-none-eabi/4.8.4/../../../../arm-none-eabi/lib/armv7-m\libc.a(lib_a-memchr-stub.o)
                0x00083dd4                memchr
 .text          0x00083e68       0xec c:/program files (x86)/atmel/atmel toolchain/arm gcc/native/4.8.1443/arm-gnu-toolchain/bin/../lib/gcc/arm-none-eabi/4.8.4/../../../../arm-none-eabi/lib/armv7-m\libc.a(lib_a-memcpy.o)
                0x00083e68                memcpy
 .text.memmove  0x00083f54       0xcc c:/program files (x86)/atmel/atmel toolchain/arm gcc/native/4.8.1443/arm-gnu-toolchain/bin/../lib/gcc/arm-none-eabi/4.8.4/../../../../arm-none-eabi/lib/armv7-m\libc.a(lib_a-memmove.o)
                0x00083f54                memmove
 .text.__malloc_lock
                0x00084020        0x4 c:/program files (x86)/atmel/atmel toolchain/arm gcc/native/4.8.1443/arm-gnu-toolchain/bin/../lib/gcc/arm-none-eabi/4.8.4/../../../../arm-none-eabi/lib/armv7-m\libc.a(lib_a-mlock.o)
                0x00084020                __malloc_lock
 .text.__malloc_unlock
                0x00084024        0x4 c:/program files (x86)/atmel/atmel toolchain/arm gcc/native/4.8.1443/arm-gnu-toolchain/bin/../lib/gcc/arm-none-eabi/4.8.4/../../../../arm-none-eabi/lib/armv7-m\libc.a(lib_a-mlock.o)
                0x00084024                __malloc_unlock
 .text._Balloc  0x00084028       0x4c c:/program files (x86)/atmel/atmel toolchain/arm gcc/native/4.8.1443/arm-gnu-toolchain/bin/../lib/gcc/arm-none-eabi/4.8.4/../../../../arm-none-eabi/lib/armv7-m\libc.a(lib_a-mprec.o)
                0x00084028                _Balloc
 .text._Bfree   0x00084074       0x14 c:/program files (x86)/atmel/atmel toolchain/arm gcc/native/4.8.1443/arm-gnu-toolchain/bin/../lib/gcc/arm-none-eabi/4.8.4/../../../../arm-none-eabi/lib/armv7-m\libc.a(lib_a-mprec.o)
                0x00084074                _Bfree
 .text.__multadd
                0x00084088       0x94 c:/program files (x86)/atmel/atmel toolchain/arm gcc/native/4.8.1443/arm-gnu-toolchain/bin/../lib/gcc/arm-none-eabi/4.8.4/../../../../arm-none-eabi/lib/armv7-m\libc.a(lib_a-mprec.o)
                0x00084088                __multadd
 .text.__hi0bits
                0x0008411c       0x40 c:/program files (x86)/atmel/atmel toolchain/arm gcc/native/4.8.1443/arm-gnu-toolchain/bin/../lib/gcc/arm-none-eabi/4.8.4/../../../../arm-none-eabi/lib/armv7-m\libc.a(lib_a-mprec.o)
                0x0008411c                __hi0bits
 .text.__lo0bits
                0x0008415c       0x5c c:/program files (x86)/atmel/atmel toolchain/arm gcc/native/4.8.1443/arm-gnu-toolchain/bin/../lib/gcc/arm-none-eabi/4.8.4/../../../../arm-none-eabi/lib/armv7-m\libc.a(lib_a-mprec.o)
                0x0008415c                __lo0bits
 .text.__i2b    0x000841b8       0x14 c:/program files (x86)/atmel/atmel toolchain/arm gcc/native/4.8.1443/arm-gnu-toolchain/bin/../lib/gcc/arm-none-eabi/4.8.4/../../../../arm-none-eabi/lib/armv7-m\libc.a(lib_a-mprec.o)
                0x000841b8                __i2b
 .text.__multiply
                0x000841cc      0x13c c:/program files (x86)/atmel/atmel toolchain/arm gcc/native/4.8.1443/arm-gnu-toolchain/bin/../lib/gcc/arm-none-eabi/4.8.4/../../../../arm-none-eabi/lib/armv7-m\libc.a(lib_a-mprec.o)
                0x000841cc                __multiply
 .text.__pow5mult
                0x00084308       0x9c c:/program files (x86)/atmel/atmel toolchain/arm gcc/native/4.8.1443/arm-gnu-toolchain/bin/../lib/gcc/arm-none-eabi/4.8.4/../../../../arm-none-eabi/lib/armv7-m\libc.a(lib_a-mprec.o)
                0x00084308                __pow5mult
 .text.__lshift
                0x000843a4       0xbc c:/program files (x86)/atmel/atmel toolchain/arm gcc/native/4.8.1443/arm-gnu-toolchain/bin/../lib/gcc/arm-none-eabi/4.8.4/../../../../arm-none-eabi/lib/armv7-m\libc.a(lib_a-mprec.o)
                0x000843a4                __lshift
 .text.__mcmp   0x00084460       0x48 c:/program files (x86)/atmel/atmel toolchain/arm gcc/native/4.8.1443/arm-gnu-toolchain/bin/../lib/gcc/arm-none-eabi/4.8.4/../../../../arm-none-eabi/lib/armv7-m\libc.a(lib_a-mprec.o)
                0x00084460                __mcmp
 .text.__mdiff  0x000844a8       0xd8 c:/program files (x86)/atmel/atmel toolchain/arm gcc/native/4.8.1443/arm-gnu-toolchain/bin/../lib/gcc/arm-none-eabi/4.8.4/../../../../arm-none-eabi/lib/armv7-m\libc.a(lib_a-mprec.o)
                0x000844a8                __mdiff
 .text.__d2b    0x00084580       0xbc c:/program files (x86)/atmel/atmel toolchain/arm gcc/native/4.8.1443/arm-gnu-toolchain/bin/../lib/gcc/arm-none-eabi/4.8.4/../../../../arm-none-eabi/lib/armv7-m\libc.a(lib_a-mprec.o)
                0x00084580                __d2b
 .text._realloc_r
                0x0008463c      0x3c0 c:/program files (x86)/atmel/atmel toolchain/arm gcc/native/4.8.1443/arm-gnu-toolchain/bin/../lib/gcc/arm-none-eabi/4.8.4/../../../../arm-none-eabi/lib/armv7-m\libc.a(lib_a-reallocr.o)
                0x0008463c                _realloc_r
 .text.__fpclassifyd
                0x000849fc       0x50 c:/program files (x86)/atmel/atmel toolchain/arm gcc/native/4.8.1443/arm-gnu-toolchain/bin/../lib/gcc/arm-none-eabi/4.8.4/../../../../arm-none-eabi/lib/armv7-m\libc.a(lib_a-s_fpclassify.o)
                0x000849fc                __fpclassifyd
 .text._sbrk_r  0x00084a4c       0x24 c:/program files (x86)/atmel/atmel toolchain/arm gcc/native/4.8.1443/arm-gnu-toolchain/bin/../lib/gcc/arm-none-eabi/4.8.4/../../../../arm-none-eabi/lib/armv7-m\libc.a(lib_a-sbrkr.o)
                0x00084a4c                _sbrk_r
 .text.__ssprint_r
                0x00084a70      0x100 c:/program files (x86)/atmel/atmel toolchain/arm gcc/native/4.8.1443/arm-gnu-toolchain/bin/../lib/gcc/arm-none-eabi/4.8.4/../../../../arm-none-eabi/lib/armv7-m\libc.a(lib_a-svfiprintf.o)
                0x00084a70                __ssprint_r
 .text.__register_exitproc
                0x00084b70       0xa8 c:/program files (x86)/atmel/atmel toolchain/arm gcc/native/4.8.1443/arm-gnu-toolchain/bin/../lib/gcc/arm-none-eabi/4.8.4/../../../../arm-none-eabi/lib/armv7-m\libc.a(lib_a-__atexit.o)
                0x00084b70                __register_exitproc
 .text._calloc_r
                0x00084c18       0x60 c:/program files (x86)/atmel/atmel toolchain/arm gcc/native/4.8.1443/arm-gnu-toolchain/bin/../lib/gcc/arm-none-eabi/4.8.4/../../../../arm-none-eabi/lib/armv7-m\libc.a(lib_a-callocr.o)
                0x00084c18                _calloc_r
 .text          0x00084c78      0x370 c:/program files (x86)/atmel/atmel toolchain/arm gcc/native/4.8.1443/arm-gnu-toolchain/bin/../lib/gcc/arm-none-eabi/4.8.4/armv7-m\libgcc.a(_arm_addsubdf3.o)
                0x00084c78                __aeabi_drsub
                0x00084c80                __aeabi_dsub
                0x00084c80                __subdf3
                0x00084c84                __aeabi_dadd
                0x00084c84                __adddf3
                0x00084efc                __floatunsidf
                0x00084efc                __aeabi_ui2d
                0x00084f1c                __floatsidf
                0x00084f1c                __aeabi_i2d
                0x00084f40                __aeabi_f2d
                0x00084f40                __extendsfdf2
                0x00084f7c                __floatundidf
                0x00084f7c                __aeabi_ul2d
                0x00084f8c                __floatdidf
                0x00084f8c                __aeabi_l2d
 .text          0x00084fe8      0x424 c:/program files (x86)/atmel/atmel toolchain/arm gcc/native/4.8.1443/arm-gnu-toolchain/bin/../lib/gcc/arm-none-eabi/4.8.4/armv7-m\libgcc.a(_arm_muldivdf3.o)
                0x00084fe8                __aeabi_dmul
                0x00084fe8                __muldf3
                0x0008523c                __divdf3
                0x0008523c                __aeabi_ddiv
 .text          0x0008540c      0x110 c:/program files (x86)/atmel/atmel toolchain/arm gcc/native/4.8.1443/arm-gnu-toolchain/bin/../lib/gcc/arm-none-eabi/4.8.4/armv7-m\libgcc.a(_arm_cmpdf2.o)
                0x0008540c                __gtdf2
                0x0008540c                __gedf2
                0x00085414                __ltdf2
                0x00085414                __ledf2
                0x0008541c                __nedf2
                0x0008541c                __eqdf2
                0x0008541c                __cmpdf2
                0x00085498                __aeabi_cdrcmple
                0x000854a8                __aeabi_cdcmpeq
                0x000854a8                __aeabi_cdcmple
                0x000854b8                __aeabi_dcmpeq
                0x000854cc                __aeabi_dcmplt
                0x000854e0                __aeabi_dcmple
                0x000854f4                __aeabi_dcmpge
                0x00085508                __aeabi_dcmpgt
 .text          0x0008551c       0x50 c:/program files (x86)/atmel/atmel toolchain/arm gcc/native/4.8.1443/arm-gnu-toolchain/bin/../lib/gcc/arm-none-eabi/4.8.4/armv7-m\libgcc.a(_arm_fixdfsi.o)
                0x0008551c                __aeabi_d2iz
                0x0008551c                __fixdfsi
 .text          0x0008556c       0x2c c:/program files (x86)/atmel/atmel toolchain/arm gcc/native/4.8.1443/arm-gnu-toolchain/bin/../lib/gcc/arm-none-eabi/4.8.4/armv7-m\libgcc.a(_aeabi_uldivmod.o)
                0x0008556c                __aeabi_uldivmod
 .text          0x00085598       0x60 c:/program files (x86)/atmel/atmel toolchain/arm gcc/native/4.8.1443/arm-gnu-toolchain/bin/../lib/gcc/arm-none-eabi/4.8.4/armv7-m\libgcc.a(bpabi.o)
                0x00085598                __gnu_ldivmod_helper
                0x000855c8                __gnu_uldivmod_helper
 .text          0x000855f8        0x4 c:/program files (x86)/atmel/atmel toolchain/arm gcc/native/4.8.1443/arm-gnu-toolchain/bin/../lib/gcc/arm-none-eabi/4.8.4/armv7-m\libgcc.a(_dvmd_tls.o)
                0x000855f8                __aeabi_idiv0
                0x000855f8                __aeabi_ldiv0
 .text          0x000855fc      0x2a0 c:/program files (x86)/atmel/atmel toolchain/arm gcc/native/4.8.1443/arm-gnu-toolchain/bin/../lib/gcc/arm-none-eabi/4.8.4/armv7-m\libgcc.a(_divdi3.o)
                0x000855fc                __divdi3
 .text          0x0008589c      0x290 c:/program files (x86)/atmel/atmel toolchain/arm gcc/native/4.8.1443/arm-gnu-toolchain/bin/../lib/gcc/arm-none-eabi/4.8.4/armv7-m\libgcc.a(_udivdi3.o)
                0x0008589c                __udivdi3
 *(.glue_7t)
 .glue_7t       0x00000000        0x0 linker stubs
 *(.glue_7)
 .glue_7        0x00000000        0x0 linker stubs
 *(.rodata .rodata* .gnu.linkonce.r.*)
 .rodata.str1.4
                0x00085b2c        0x3 src/matlab_coms/matlab_functions.o
                                  0x4 (size before relaxing)
 *fill*         0x00085b2f        0x1 
 .rodata        0x00085b30       0x2c src/ASF/sam/drivers/pwm/pwm.o
 .rodata.str1.4
                0x00085b5c        0x2 c:/program files (x86)/atmel/atmel toolchain/arm gcc/native/4.8.1443/arm-gnu-toolchain/bin/../lib/gcc/arm-none-eabi/4.8.4/../../../../arm-none-eabi/lib/armv7-m\libc.a(lib_a-impure.o)
                                  0x4 (size before relaxing)
 *fill*         0x00085b5e        0x2 
 .rodata._global_impure_ptr
                0x00085b60        0x4 c:/program files (x86)/atmel/atmel toolchain/arm gcc/native/4.8.1443/arm-gnu-toolchain/bin/../lib/gcc/arm-none-eabi/4.8.4/../../../../arm-none-eabi/lib/armv7-m\libc.a(lib_a-impure.o)
                0x00085b60                _global_impure_ptr
 .rodata.zeroes.6763
                0x00085b64       0x10 c:/program files (x86)/atmel/atmel toolchain/arm gcc/native/4.8.1443/arm-gnu-toolchain/bin/../lib/gcc/arm-none-eabi/4.8.4/../../../../arm-none-eabi/lib/armv7-m\libc.a(lib_a-svfprintf.o)
 .rodata.str1.4
                0x00085b74       0x42 c:/program files (x86)/atmel/atmel toolchain/arm gcc/native/4.8.1443/arm-gnu-toolchain/bin/../lib/gcc/arm-none-eabi/4.8.4/../../../../arm-none-eabi/lib/armv7-m\libc.a(lib_a-svfprintf.o)
                                 0x44 (size before relaxing)
 *fill*         0x00085bb6        0x2 
 .rodata.blanks.6762
                0x00085bb8       0x10 c:/program files (x86)/atmel/atmel toolchain/arm gcc/native/4.8.1443/arm-gnu-toolchain/bin/../lib/gcc/arm-none-eabi/4.8.4/../../../../arm-none-eabi/lib/armv7-m\libc.a(lib_a-svfprintf.o)
 .rodata.str1.4
                0x00085bc8       0x10 c:/program files (x86)/atmel/atmel toolchain/arm gcc/native/4.8.1443/arm-gnu-toolchain/bin/../lib/gcc/arm-none-eabi/4.8.4/../../../../arm-none-eabi/lib/armv7-m\libc.a(lib_a-dtoa.o)
                                 0x14 (size before relaxing)
 .rodata.str1.4
                0x00085bd8        0xc c:/program files (x86)/atmel/atmel toolchain/arm gcc/native/4.8.1443/arm-gnu-toolchain/bin/../lib/gcc/arm-none-eabi/4.8.4/../../../../arm-none-eabi/lib/armv7-m\libc.a(lib_a-locale.o)
                                 0x14 (size before relaxing)
 *fill*         0x00085be4        0x4 
 .rodata.__mprec_tens
                0x00085be8       0xc8 c:/program files (x86)/atmel/atmel toolchain/arm gcc/native/4.8.1443/arm-gnu-toolchain/bin/../lib/gcc/arm-none-eabi/4.8.4/../../../../arm-none-eabi/lib/armv7-m\libc.a(lib_a-mprec.o)
                0x00085be8                __mprec_tens
 .rodata.__mprec_bigtens
                0x00085cb0       0x28 c:/program files (x86)/atmel/atmel toolchain/arm gcc/native/4.8.1443/arm-gnu-toolchain/bin/../lib/gcc/arm-none-eabi/4.8.4/../../../../arm-none-eabi/lib/armv7-m\libc.a(lib_a-mprec.o)
                0x00085cb0                __mprec_bigtens
 .rodata.p05.5269
                0x00085cd8        0xc c:/program files (x86)/atmel/atmel toolchain/arm gcc/native/4.8.1443/arm-gnu-toolchain/bin/../lib/gcc/arm-none-eabi/4.8.4/../../../../arm-none-eabi/lib/armv7-m\libc.a(lib_a-mprec.o)
 *(.ARM.extab* .gnu.linkonce.armextab.*)
                0x00085ce4                . = ALIGN (0x4)
 *(.init)
 .init          0x00085ce4        0x4 c:/program files (x86)/atmel/atmel toolchain/arm gcc/native/4.8.1443/arm-gnu-toolchain/bin/../lib/gcc/arm-none-eabi/4.8.4/armv7-m/crti.o
                0x00085ce4                _init
 .init          0x00085ce8        0x8 c:/program files (x86)/atmel/atmel toolchain/arm gcc/native/4.8.1443/arm-gnu-toolchain/bin/../lib/gcc/arm-none-eabi/4.8.4/armv7-m/crtn.o
                0x00085cf0                . = ALIGN (0x4)
                0x00085cf0                __preinit_array_start = .
 *(.preinit_array)
                0x00085cf0                __preinit_array_end = .
                0x00085cf0                . = ALIGN (0x4)
                0x00085cf0                __init_array_start = .
 *(SORT(.init_array.*))
 .init_array.00000
                0x00085cf0        0x4 c:/program files (x86)/atmel/atmel toolchain/arm gcc/native/4.8.1443/arm-gnu-toolchain/bin/../lib/gcc/arm-none-eabi/4.8.4/../../../../arm-none-eabi/lib/armv7-m\libc.a(lib_a-__call_atexit.o)
 *(.init_array)
 .init_array    0x00085cf4        0x4 c:/program files (x86)/atmel/atmel toolchain/arm gcc/native/4.8.1443/arm-gnu-toolchain/bin/../lib/gcc/arm-none-eabi/4.8.4/armv7-m/crtbegin.o
                0x00085cf8                __init_array_end = .
                0x00085cf8                . = ALIGN (0x4)
 *crtbegin.o(.ctors)
 *(EXCLUDE_FILE(*crtend.o) .ctors)
 *(SORT(.ctors.*))
 *crtend.o(.ctors)
                0x00085cf8                . = ALIGN (0x4)
 *(.fini)
 .fini          0x00085cf8        0x4 c:/program files (x86)/atmel/atmel toolchain/arm gcc/native/4.8.1443/arm-gnu-toolchain/bin/../lib/gcc/arm-none-eabi/4.8.4/armv7-m/crti.o
                0x00085cf8                _fini
 .fini          0x00085cfc        0x8 c:/program files (x86)/atmel/atmel toolchain/arm gcc/native/4.8.1443/arm-gnu-toolchain/bin/../lib/gcc/arm-none-eabi/4.8.4/armv7-m/crtn.o
                0x00085d04                . = ALIGN (0x4)
                0x00085d04                __fini_array_start = .
 *(.fini_array)
 .fini_array    0x00085d04        0x4 c:/program files (x86)/atmel/atmel toolchain/arm gcc/native/4.8.1443/arm-gnu-toolchain/bin/../lib/gcc/arm-none-eabi/4.8.4/armv7-m/crtbegin.o
 *(SORT(.fini_array.*))
                0x00085d08                __fini_array_end = .
 *crtbegin.o(.dtors)
 *(EXCLUDE_FILE(*crtend.o) .dtors)
 *(SORT(.dtors.*))
 *crtend.o(.dtors)
                0x00085d08                . = ALIGN (0x4)
                0x00085d08                _efixed = .
                0x00085d08                PROVIDE (__exidx_start, .)

.vfp11_veneer   0x00085d08        0x0
 .vfp11_veneer  0x00000000        0x0 linker stubs

.v4_bx          0x00085d08        0x0
 .v4_bx         0x00000000        0x0 linker stubs

.iplt           0x00085d08        0x0
 .iplt          0x00000000        0x0 c:/program files (x86)/atmel/atmel toolchain/arm gcc/native/4.8.1443/arm-gnu-toolchain/bin/../lib/gcc/arm-none-eabi/4.8.4/armv7-m/crtbegin.o

.ARM.exidx      0x00085d08        0x8
 *(.ARM.exidx* .gnu.linkonce.armexidx.*)
 .ARM.exidx     0x00085d08        0x8 c:/program files (x86)/atmel/atmel toolchain/arm gcc/native/4.8.1443/arm-gnu-toolchain/bin/../lib/gcc/arm-none-eabi/4.8.4/armv7-m\libgcc.a(_divdi3.o)
 .ARM.exidx     0x00085d10        0x0 c:/program files (x86)/atmel/atmel toolchain/arm gcc/native/4.8.1443/arm-gnu-toolchain/bin/../lib/gcc/arm-none-eabi/4.8.4/armv7-m\libgcc.a(_udivdi3.o)
                                  0x8 (size before relaxing)
                0x00085d10                PROVIDE (__exidx_end, .)

.eh_frame       0x00085d10        0x0
 .eh_frame      0x00085d10        0x0 c:/program files (x86)/atmel/atmel toolchain/arm gcc/native/4.8.1443/arm-gnu-toolchain/bin/../lib/gcc/arm-none-eabi/4.8.4/armv7-m/crtbegin.o

.rel.dyn        0x00085d10        0x0
 .rel.iplt      0x00000000        0x0 c:/program files (x86)/atmel/atmel toolchain/arm gcc/native/4.8.1443/arm-gnu-toolchain/bin/../lib/gcc/arm-none-eabi/4.8.4/armv7-m/crtbegin.o

.jcr            0x00085d10        0x0
 .jcr           0x00085d10        0x0 c:/program files (x86)/atmel/atmel toolchain/arm gcc/native/4.8.1443/arm-gnu-toolchain/bin/../lib/gcc/arm-none-eabi/4.8.4/armv7-m/crtbegin.o

.igot.plt       0x00085d10        0x0
 .igot.plt      0x00000000        0x0 c:/program files (x86)/atmel/atmel toolchain/arm gcc/native/4.8.1443/arm-gnu-toolchain/bin/../lib/gcc/arm-none-eabi/4.8.4/armv7-m/crtbegin.o
                0x00085d10                . = ALIGN (0x4)
                0x00085d10                _etext = .

.relocate       0x20070000      0x9ec load address 0x00085d10
                0x20070000                . = ALIGN (0x4)
                0x20070000                _srelocate = .
 *(.ramfunc .ramfunc.*)
 .ramfunc       0x20070000      0x12c src/ASF/sam/utils/cmsis/sam3x/source/templates/system_sam3x.o
                0x20070000                SystemInit
                0x200700a4                system_init_flash
 *(.data .data.*)
 .data.pin_table
                0x2007012c       0x44 src/common/pin_mapper.o
                0x2007012c                pin_table
 .data.SystemCoreClock
                0x20070170        0x4 src/ASF/sam/utils/cmsis/sam3x/source/templates/system_sam3x.o
                0x20070170                SystemCoreClock
 *fill*         0x20070174        0x4 
 .data.impure_data
                0x20070178      0x428 c:/program files (x86)/atmel/atmel toolchain/arm gcc/native/4.8.1443/arm-gnu-toolchain/bin/../lib/gcc/arm-none-eabi/4.8.4/../../../../arm-none-eabi/lib/armv7-m\libc.a(lib_a-impure.o)
 .data._impure_ptr
                0x200705a0        0x4 c:/program files (x86)/atmel/atmel toolchain/arm gcc/native/4.8.1443/arm-gnu-toolchain/bin/../lib/gcc/arm-none-eabi/4.8.4/../../../../arm-none-eabi/lib/armv7-m\libc.a(lib_a-impure.o)
                0x200705a0                _impure_ptr
 .data.lconv    0x200705a4       0x38 c:/program files (x86)/atmel/atmel toolchain/arm gcc/native/4.8.1443/arm-gnu-toolchain/bin/../lib/gcc/arm-none-eabi/4.8.4/../../../../arm-none-eabi/lib/armv7-m\libc.a(lib_a-locale.o)
 .data.__malloc_av_
                0x200705dc      0x408 c:/program files (x86)/atmel/atmel toolchain/arm gcc/native/4.8.1443/arm-gnu-toolchain/bin/../lib/gcc/arm-none-eabi/4.8.4/../../../../arm-none-eabi/lib/armv7-m\libc.a(lib_a-mallocr.o)
                0x200705dc                __malloc_av_
 .data.__malloc_trim_threshold
                0x200709e4        0x4 c:/program files (x86)/atmel/atmel toolchain/arm gcc/native/4.8.1443/arm-gnu-toolchain/bin/../lib/gcc/arm-none-eabi/4.8.4/../../../../arm-none-eabi/lib/armv7-m\libc.a(lib_a-mallocr.o)
                0x200709e4                __malloc_trim_threshold
 .data.__malloc_sbrk_base
                0x200709e8        0x4 c:/program files (x86)/atmel/atmel toolchain/arm gcc/native/4.8.1443/arm-gnu-toolchain/bin/../lib/gcc/arm-none-eabi/4.8.4/../../../../arm-none-eabi/lib/armv7-m\libc.a(lib_a-mallocr.o)
                0x200709e8                __malloc_sbrk_base
                0x200709ec                . = ALIGN (0x4)
                0x200709ec                _erelocate = .

.bss            0x200709ec       0xf0 load address 0x000866fc
                0x200709ec                . = ALIGN (0x4)
                0x200709ec                _sbss = .
                0x200709ec                _szero = .
 *(.bss .bss.*)
 .bss           0x200709ec       0x1c c:/program files (x86)/atmel/atmel toolchain/arm gcc/native/4.8.1443/arm-gnu-toolchain/bin/../lib/gcc/arm-none-eabi/4.8.4/armv7-m/crtbegin.o
 .bss.pwm_channel_instance
                0x20070a08       0x28 src/io_control/analog_output.o
 .bss.gs_interrupt_sources
                0x20070a30       0x70 src/ASF/sam/drivers/pio/pio_handler.o
 .bss.heap.5098
                0x20070aa0        0x4 src/ASF/sam/utils/syscalls/gcc/syscalls.o
 .bss.__malloc_max_total_mem
                0x20070aa4        0x4 c:/program files (x86)/atmel/atmel toolchain/arm gcc/native/4.8.1443/arm-gnu-toolchain/bin/../lib/gcc/arm-none-eabi/4.8.4/../../../../arm-none-eabi/lib/armv7-m\libc.a(lib_a-mallocr.o)
                0x20070aa4                __malloc_max_total_mem
 .bss.__malloc_max_sbrked_mem
                0x20070aa8        0x4 c:/program files (x86)/atmel/atmel toolchain/arm gcc/native/4.8.1443/arm-gnu-toolchain/bin/../lib/gcc/arm-none-eabi/4.8.4/../../../../arm-none-eabi/lib/armv7-m\libc.a(lib_a-mallocr.o)
                0x20070aa8                __malloc_max_sbrked_mem
 .bss.__malloc_top_pad
                0x20070aac        0x4 c:/program files (x86)/atmel/atmel toolchain/arm gcc/native/4.8.1443/arm-gnu-toolchain/bin/../lib/gcc/arm-none-eabi/4.8.4/../../../../arm-none-eabi/lib/armv7-m\libc.a(lib_a-mallocr.o)
                0x20070aac                __malloc_top_pad
 .bss.__malloc_current_mallinfo
                0x20070ab0       0x28 c:/program files (x86)/atmel/atmel toolchain/arm gcc/native/4.8.1443/arm-gnu-toolchain/bin/../lib/gcc/arm-none-eabi/4.8.4/../../../../arm-none-eabi/lib/armv7-m\libc.a(lib_a-mallocr.o)
                0x20070ab0                __malloc_current_mallinfo
 *(COMMON)
 COMMON         0x20070ad8        0x4 c:/program files (x86)/atmel/atmel toolchain/arm gcc/native/4.8.1443/arm-gnu-toolchain/bin/../lib/gcc/arm-none-eabi/4.8.4/../../../../arm-none-eabi/lib/armv7-m\libc.a(lib_a-reent.o)
                0x20070ad8                errno
                0x20070adc                . = ALIGN (0x4)
                0x20070adc                _ebss = .
                0x20070adc                _ezero = .

.stack          0x20070adc     0x2004 load address 0x000867ec
                0x20070ae0                . = ALIGN (0x8)
 *fill*         0x20070adc        0x4 
                0x20070ae0                _sstack = .
                0x20072ae0                . = (. + __stack_size__)
 *fill*         0x20070ae0     0x2000 
                0x20072ae0                . = ALIGN (0x8)
                0x20072ae0                _estack = .
                0x20072ae0                . = ALIGN (0x4)
                0x20072ae0                _end = .
OUTPUT(dueSrv_6_2.elf elf32-littlearm)

.ARM.attributes
                0x00000000       0x29
 .ARM.attributes
                0x00000000       0x1d c:/program files (x86)/atmel/atmel toolchain/arm gcc/native/4.8.1443/arm-gnu-toolchain/bin/../lib/gcc/arm-none-eabi/4.8.4/armv7-m/crti.o
 .ARM.attributes
                0x0000001d       0x2d c:/program files (x86)/atmel/atmel toolchain/arm gcc/native/4.8.1443/arm-gnu-toolchain/bin/../lib/gcc/arm-none-eabi/4.8.4/armv7-m/crtbegin.o
 .ARM.attributes
                0x0000004a       0x33 src/ASF/sam/drivers/adc/adc.o
 .ARM.attributes
                0x0000007d       0x33 src/common/pin_mapper.o
 .ARM.attributes
                0x000000b0       0x33 src/io_control/analog_output.o
 .ARM.attributes
                0x000000e3       0x33 src/io_control/dac.o
 .ARM.attributes
                0x00000116       0x33 src/io_control/io_uart.o
 .ARM.attributes
                0x00000149       0x33 src/matlab_coms/matlab_functions.o
 .ARM.attributes
                0x0000017c       0x33 src/matlab_coms/matlab_state.o
 .ARM.attributes
                0x000001af       0x33 src/ASF/sam/drivers/dacc/dacc.o
 .ARM.attributes
                0x000001e2       0x33 src/ASF/sam/drivers/pwm/pwm.o
 .ARM.attributes
                0x00000215       0x33 src/io_control/adc.o
 .ARM.attributes
                0x00000248       0x33 src/ASF/common/services/clock/sam3x/sysclk.o
 .ARM.attributes
                0x0000027b       0x33 src/ASF/sam/boards/arduino_due_x/init.o
 .ARM.attributes
                0x000002ae       0x33 src/ASF/sam/drivers/pio/pio.o
 .ARM.attributes
                0x000002e1       0x33 src/ASF/sam/drivers/pio/pio_handler.o
 .ARM.attributes
                0x00000314       0x33 src/ASF/sam/drivers/pmc/pmc.o
 .ARM.attributes
                0x00000347       0x33 src/ASF/sam/utils/cmsis/sam3x/source/templates/exceptions.o
 .ARM.attributes
                0x0000037a       0x33 src/ASF/sam/utils/cmsis/sam3x/source/templates/gcc/startup_sam3x.o
 .ARM.attributes
                0x000003ad       0x33 src/ASF/sam/utils/cmsis/sam3x/source/templates/system_sam3x.o
 .ARM.attributes
                0x000003e0       0x33 src/ASF/sam/utils/syscalls/gcc/syscalls.o
 .ARM.attributes
                0x00000413       0x33 src/main.o
 .ARM.attributes
                0x00000446       0x2d c:/program files (x86)/atmel/atmel toolchain/arm gcc/native/4.8.1443/arm-gnu-toolchain/bin/../lib/gcc/arm-none-eabi/4.8.4/../../../../arm-none-eabi/lib/armv7-m\libc.a(lib_a-impure.o)
 .ARM.attributes
                0x00000473       0x2d c:/program files (x86)/atmel/atmel toolchain/arm gcc/native/4.8.1443/arm-gnu-toolchain/bin/../lib/gcc/arm-none-eabi/4.8.4/../../../../arm-none-eabi/lib/armv7-m\libc.a(lib_a-init.o)
 .ARM.attributes
                0x000004a0       0x2d c:/program files (x86)/atmel/atmel toolchain/arm gcc/native/4.8.1443/arm-gnu-toolchain/bin/../lib/gcc/arm-none-eabi/4.8.4/../../../../arm-none-eabi/lib/armv7-m\libc.a(lib_a-memset.o)
 .ARM.attributes
                0x000004cd       0x2d c:/program files (x86)/atmel/atmel toolchain/arm gcc/native/4.8.1443/arm-gnu-toolchain/bin/../lib/gcc/arm-none-eabi/4.8.4/../../../../arm-none-eabi/lib/armv7-m\libc.a(lib_a-sprintf.o)
 .ARM.attributes
                0x000004fa       0x2d c:/program files (x86)/atmel/atmel toolchain/arm gcc/native/4.8.1443/arm-gnu-toolchain/bin/../lib/gcc/arm-none-eabi/4.8.4/../../../../arm-none-eabi/lib/armv7-m\libc.a(lib_a-strlen.o)
 .ARM.attributes
                0x00000527       0x2d c:/program files (x86)/atmel/atmel toolchain/arm gcc/native/4.8.1443/arm-gnu-toolchain/bin/../lib/gcc/arm-none-eabi/4.8.4/../../../../arm-none-eabi/lib/armv7-m\libc.a(lib_a-svfprintf.o)
 .ARM.attributes
                0x00000554       0x2d c:/program files (x86)/atmel/atmel toolchain/arm gcc/native/4.8.1443/arm-gnu-toolchain/bin/../lib/gcc/arm-none-eabi/4.8.4/../../../../arm-none-eabi/lib/armv7-m\libc.a(lib_a-__call_atexit.o)
 .ARM.attributes
                0x00000581       0x2d c:/program files (x86)/atmel/atmel toolchain/arm gcc/native/4.8.1443/arm-gnu-toolchain/bin/../lib/gcc/arm-none-eabi/4.8.4/../../../../arm-none-eabi/lib/armv7-m\libc.a(lib_a-atexit.o)
 .ARM.attributes
                0x000005ae       0x2d c:/program files (x86)/atmel/atmel toolchain/arm gcc/native/4.8.1443/arm-gnu-toolchain/bin/../lib/gcc/arm-none-eabi/4.8.4/../../../../arm-none-eabi/lib/armv7-m\libc.a(lib_a-dtoa.o)
 .ARM.attributes
                0x000005db       0x2d c:/program files (x86)/atmel/atmel toolchain/arm gcc/native/4.8.1443/arm-gnu-toolchain/bin/../lib/gcc/arm-none-eabi/4.8.4/../../../../arm-none-eabi/lib/armv7-m\libc.a(lib_a-fini.o)
 .ARM.attributes
                0x00000608       0x2d c:/program files (x86)/atmel/atmel toolchain/arm gcc/native/4.8.1443/arm-gnu-toolchain/bin/../lib/gcc/arm-none-eabi/4.8.4/../../../../arm-none-eabi/lib/armv7-m\libc.a(lib_a-freer.o)
 .ARM.attributes
                0x00000635       0x2d c:/program files (x86)/atmel/atmel toolchain/arm gcc/native/4.8.1443/arm-gnu-toolchain/bin/../lib/gcc/arm-none-eabi/4.8.4/../../../../arm-none-eabi/lib/armv7-m\libc.a(lib_a-locale.o)
 .ARM.attributes
                0x00000662       0x2d c:/program files (x86)/atmel/atmel toolchain/arm gcc/native/4.8.1443/arm-gnu-toolchain/bin/../lib/gcc/arm-none-eabi/4.8.4/../../../../arm-none-eabi/lib/armv7-m\libc.a(lib_a-mallocr.o)
 .ARM.attributes
                0x0000068f       0x2d c:/program files (x86)/atmel/atmel toolchain/arm gcc/native/4.8.1443/arm-gnu-toolchain/bin/../lib/gcc/arm-none-eabi/4.8.4/../../../../arm-none-eabi/lib/armv7-m\libc.a(lib_a-memchr-stub.o)
 .ARM.attributes
                0x000006bc       0x1b c:/program files (x86)/atmel/atmel toolchain/arm gcc/native/4.8.1443/arm-gnu-toolchain/bin/../lib/gcc/arm-none-eabi/4.8.4/../../../../arm-none-eabi/lib/armv7-m\libc.a(lib_a-memcpy.o)
 .ARM.attributes
                0x000006d7       0x2d c:/program files (x86)/atmel/atmel toolchain/arm gcc/native/4.8.1443/arm-gnu-toolchain/bin/../lib/gcc/arm-none-eabi/4.8.4/../../../../arm-none-eabi/lib/armv7-m\libc.a(lib_a-memmove.o)
 .ARM.attributes
                0x00000704       0x2d c:/program files (x86)/atmel/atmel toolchain/arm gcc/native/4.8.1443/arm-gnu-toolchain/bin/../lib/gcc/arm-none-eabi/4.8.4/../../../../arm-none-eabi/lib/armv7-m\libc.a(lib_a-mlock.o)
 .ARM.attributes
                0x00000731       0x2d c:/program files (x86)/atmel/atmel toolchain/arm gcc/native/4.8.1443/arm-gnu-toolchain/bin/../lib/gcc/arm-none-eabi/4.8.4/../../../../arm-none-eabi/lib/armv7-m\libc.a(lib_a-mprec.o)
 .ARM.attributes
                0x0000075e       0x2d c:/program files (x86)/atmel/atmel toolchain/arm gcc/native/4.8.1443/arm-gnu-toolchain/bin/../lib/gcc/arm-none-eabi/4.8.4/../../../../arm-none-eabi/lib/armv7-m\libc.a(lib_a-reallocr.o)
 .ARM.attributes
                0x0000078b       0x2d c:/program files (x86)/atmel/atmel toolchain/arm gcc/native/4.8.1443/arm-gnu-toolchain/bin/../lib/gcc/arm-none-eabi/4.8.4/../../../../arm-none-eabi/lib/armv7-m\libc.a(lib_a-s_fpclassify.o)
 .ARM.attributes
                0x000007b8       0x2d c:/program files (x86)/atmel/atmel toolchain/arm gcc/native/4.8.1443/arm-gnu-toolchain/bin/../lib/gcc/arm-none-eabi/4.8.4/../../../../arm-none-eabi/lib/armv7-m\libc.a(lib_a-sbrkr.o)
 .ARM.attributes
                0x000007e5       0x2d c:/program files (x86)/atmel/atmel toolchain/arm gcc/native/4.8.1443/arm-gnu-toolchain/bin/../lib/gcc/arm-none-eabi/4.8.4/../../../../arm-none-eabi/lib/armv7-m\libc.a(lib_a-svfiprintf.o)
 .ARM.attributes
                0x00000812       0x2d c:/program files (x86)/atmel/atmel toolchain/arm gcc/native/4.8.1443/arm-gnu-toolchain/bin/../lib/gcc/arm-none-eabi/4.8.4/../../../../arm-none-eabi/lib/armv7-m\libc.a(lib_a-__atexit.o)
 .ARM.attributes
                0x0000083f       0x2d c:/program files (x86)/atmel/atmel toolchain/arm gcc/native/4.8.1443/arm-gnu-toolchain/bin/../lib/gcc/arm-none-eabi/4.8.4/../../../../arm-none-eabi/lib/armv7-m\libc.a(lib_a-callocr.o)
 .ARM.attributes
                0x0000086c       0x2d c:/program files (x86)/atmel/atmel toolchain/arm gcc/native/4.8.1443/arm-gnu-toolchain/bin/../lib/gcc/arm-none-eabi/4.8.4/../../../../arm-none-eabi/lib/armv7-m\libc.a(lib_a-reent.o)
 .ARM.attributes
                0x00000899       0x1d c:/program files (x86)/atmel/atmel toolchain/arm gcc/native/4.8.1443/arm-gnu-toolchain/bin/../lib/gcc/arm-none-eabi/4.8.4/armv7-m\libgcc.a(_arm_addsubdf3.o)
 .ARM.attributes
                0x000008b6       0x1d c:/program files (x86)/atmel/atmel toolchain/arm gcc/native/4.8.1443/arm-gnu-toolchain/bin/../lib/gcc/arm-none-eabi/4.8.4/armv7-m\libgcc.a(_arm_muldivdf3.o)
 .ARM.attributes
                0x000008d3       0x1d c:/program files (x86)/atmel/atmel toolchain/arm gcc/native/4.8.1443/arm-gnu-toolchain/bin/../lib/gcc/arm-none-eabi/4.8.4/armv7-m\libgcc.a(_arm_cmpdf2.o)
 .ARM.attributes
                0x000008f0       0x1d c:/program files (x86)/atmel/atmel toolchain/arm gcc/native/4.8.1443/arm-gnu-toolchain/bin/../lib/gcc/arm-none-eabi/4.8.4/armv7-m\libgcc.a(_arm_fixdfsi.o)
 .ARM.attributes
                0x0000090d       0x1d c:/program files (x86)/atmel/atmel toolchain/arm gcc/native/4.8.1443/arm-gnu-toolchain/bin/../lib/gcc/arm-none-eabi/4.8.4/armv7-m\libgcc.a(_aeabi_uldivmod.o)
 .ARM.attributes
                0x0000092a       0x2d c:/program files (x86)/atmel/atmel toolchain/arm gcc/native/4.8.1443/arm-gnu-toolchain/bin/../lib/gcc/arm-none-eabi/4.8.4/armv7-m\libgcc.a(bpabi.o)
 .ARM.attributes
                0x00000957       0x1d c:/program files (x86)/atmel/atmel toolchain/arm gcc/native/4.8.1443/arm-gnu-toolchain/bin/../lib/gcc/arm-none-eabi/4.8.4/armv7-m\libgcc.a(_dvmd_tls.o)
 .ARM.attributes
                0x00000974       0x2d c:/program files (x86)/atmel/atmel toolchain/arm gcc/native/4.8.1443/arm-gnu-toolchain/bin/../lib/gcc/arm-none-eabi/4.8.4/armv7-m\libgcc.a(_divdi3.o)
 .ARM.attributes
                0x000009a1       0x2d c:/program files (x86)/atmel/atmel toolchain/arm gcc/native/4.8.1443/arm-gnu-toolchain/bin/../lib/gcc/arm-none-eabi/4.8.4/armv7-m\libgcc.a(_udivdi3.o)
 .ARM.attributes
                0x000009ce       0x1d c:/program files (x86)/atmel/atmel toolchain/arm gcc/native/4.8.1443/arm-gnu-toolchain/bin/../lib/gcc/arm-none-eabi/4.8.4/armv7-m/crtn.o

.comment        0x00000000       0x5b
 .comment       0x00000000       0x5b src/ASF/sam/drivers/adc/adc.o
                                 0x5c (size before relaxing)
 .comment       0x00000000       0x5c src/common/pin_mapper.o
 .comment       0x00000000       0x5c src/io_control/analog_output.o
 .comment       0x00000000       0x5c src/io_control/dac.o
 .comment       0x00000000       0x5c src/io_control/io_uart.o
 .comment       0x00000000       0x5c src/matlab_coms/matlab_functions.o
 .comment       0x00000000       0x5c src/matlab_coms/matlab_state.o
 .comment       0x00000000       0x5c src/ASF/sam/drivers/dacc/dacc.o
 .comment       0x00000000       0x5c src/ASF/sam/drivers/pwm/pwm.o
 .comment       0x00000000       0x5c src/io_control/adc.o
 .comment       0x00000000       0x5c src/ASF/common/services/clock/sam3x/sysclk.o
 .comment       0x00000000       0x5c src/ASF/sam/boards/arduino_due_x/init.o
 .comment       0x00000000       0x5c src/ASF/sam/drivers/pio/pio.o
 .comment       0x00000000       0x5c src/ASF/sam/drivers/pio/pio_handler.o
 .comment       0x00000000       0x5c src/ASF/sam/drivers/pmc/pmc.o
 .comment       0x00000000       0x5c src/ASF/sam/utils/cmsis/sam3x/source/templates/exceptions.o
 .comment       0x00000000       0x5c src/ASF/sam/utils/cmsis/sam3x/source/templates/gcc/startup_sam3x.o
 .comment       0x00000000       0x5c src/ASF/sam/utils/cmsis/sam3x/source/templates/system_sam3x.o
 .comment       0x00000000       0x5c src/ASF/sam/utils/syscalls/gcc/syscalls.o
 .comment       0x00000000       0x5c src/main.o

.debug_info     0x00000000     0xb0ca
 .debug_info    0x00000000     0x1196 src/ASF/sam/drivers/adc/adc.o
 .debug_info    0x00001196      0x1d7 src/common/pin_mapper.o
 .debug_info    0x0000136d      0xdc7 src/io_control/analog_output.o
 .debug_info    0x00002134      0x451 src/io_control/dac.o
 .debug_info    0x00002585      0x7cb src/io_control/io_uart.o
 .debug_info    0x00002d50      0xc53 src/matlab_coms/matlab_functions.o
 .debug_info    0x000039a3      0x228 src/matlab_coms/matlab_state.o
 .debug_info    0x00003bcb      0x8ac src/ASF/sam/drivers/dacc/dacc.o
 .debug_info    0x00004477     0x1574 src/ASF/sam/drivers/pwm/pwm.o
 .debug_info    0x000059eb      0x652 src/io_control/adc.o
 .debug_info    0x0000603d      0x796 src/ASF/common/services/clock/sam3x/sysclk.o
 .debug_info    0x000067d3      0x75c src/ASF/sam/boards/arduino_due_x/init.o
 .debug_info    0x00006f2f     0x1385 src/ASF/sam/drivers/pio/pio.o
 .debug_info    0x000082b4      0xe52 src/ASF/sam/drivers/pio/pio_handler.o
 .debug_info    0x00009106     0x1080 src/ASF/sam/drivers/pmc/pmc.o
 .debug_info    0x0000a186      0x124 src/ASF/sam/utils/cmsis/sam3x/source/templates/exceptions.o
 .debug_info    0x0000a2aa      0x3bd src/ASF/sam/utils/cmsis/sam3x/source/templates/gcc/startup_sam3x.o
 .debug_info    0x0000a667      0x4c6 src/ASF/sam/utils/cmsis/sam3x/source/templates/system_sam3x.o
 .debug_info    0x0000ab2d      0x43f src/ASF/sam/utils/syscalls/gcc/syscalls.o
 .debug_info    0x0000af6c      0x15e src/main.o

.debug_abbrev   0x00000000     0x2088
 .debug_abbrev  0x00000000      0x235 src/ASF/sam/drivers/adc/adc.o
 .debug_abbrev  0x00000235       0xfc src/common/pin_mapper.o
 .debug_abbrev  0x00000331      0x1b3 src/io_control/analog_output.o
 .debug_abbrev  0x000004e4      0x10f src/io_control/dac.o
 .debug_abbrev  0x000005f3      0x1d8 src/io_control/io_uart.o
 .debug_abbrev  0x000007cb      0x291 src/matlab_coms/matlab_functions.o
 .debug_abbrev  0x00000a5c       0xe2 src/matlab_coms/matlab_state.o
 .debug_abbrev  0x00000b3e      0x1c6 src/ASF/sam/drivers/dacc/dacc.o
 .debug_abbrev  0x00000d04      0x231 src/ASF/sam/drivers/pwm/pwm.o
 .debug_abbrev  0x00000f35      0x172 src/io_control/adc.o
 .debug_abbrev  0x000010a7      0x227 src/ASF/common/services/clock/sam3x/sysclk.o
 .debug_abbrev  0x000012ce      0x16f src/ASF/sam/boards/arduino_due_x/init.o
 .debug_abbrev  0x0000143d      0x2d5 src/ASF/sam/drivers/pio/pio.o
 .debug_abbrev  0x00001712      0x257 src/ASF/sam/drivers/pio/pio_handler.o
 .debug_abbrev  0x00001969      0x268 src/ASF/sam/drivers/pmc/pmc.o
 .debug_abbrev  0x00001bd1       0x8c src/ASF/sam/utils/cmsis/sam3x/source/templates/exceptions.o
 .debug_abbrev  0x00001c5d      0x118 src/ASF/sam/utils/cmsis/sam3x/source/templates/gcc/startup_sam3x.o
 .debug_abbrev  0x00001d75      0x115 src/ASF/sam/utils/cmsis/sam3x/source/templates/system_sam3x.o
 .debug_abbrev  0x00001e8a      0x14e src/ASF/sam/utils/syscalls/gcc/syscalls.o
 .debug_abbrev  0x00001fd8       0xb0 src/main.o

.debug_loc      0x00000000     0x4403
 .debug_loc     0x00000000      0x980 src/ASF/sam/drivers/adc/adc.o
 .debug_loc     0x00000980       0x83 src/common/pin_mapper.o
 .debug_loc     0x00000a03       0x78 src/io_control/analog_output.o
 .debug_loc     0x00000a7b       0x8b src/io_control/dac.o
 .debug_loc     0x00000b06       0x44 src/io_control/io_uart.o
 .debug_loc     0x00000b4a      0x4d9 src/matlab_coms/matlab_functions.o
 .debug_loc     0x00001023      0x30d src/matlab_coms/matlab_state.o
 .debug_loc     0x00001330      0x3a7 src/ASF/sam/drivers/dacc/dacc.o
 .debug_loc     0x000016d7      0xd48 src/ASF/sam/drivers/pwm/pwm.o
 .debug_loc     0x0000241f       0x79 src/io_control/adc.o
 .debug_loc     0x00002498      0x12d src/ASF/common/services/clock/sam3x/sysclk.o
 .debug_loc     0x000025c5       0x20 src/ASF/sam/boards/arduino_due_x/init.o
 .debug_loc     0x000025e5      0xa83 src/ASF/sam/drivers/pio/pio.o
 .debug_loc     0x00003068      0x53d src/ASF/sam/drivers/pio/pio_handler.o
 .debug_loc     0x000035a5      0xc95 src/ASF/sam/drivers/pmc/pmc.o
 .debug_loc     0x0000423a       0x7e src/ASF/sam/utils/cmsis/sam3x/source/templates/gcc/startup_sam3x.o
 .debug_loc     0x000042b8      0x12b src/ASF/sam/utils/syscalls/gcc/syscalls.o
 .debug_loc     0x000043e3       0x20 src/main.o

.debug_aranges  0x00000000      0x9f0
 .debug_aranges
                0x00000000      0x178 src/ASF/sam/drivers/adc/adc.o
 .debug_aranges
                0x00000178       0x28 src/common/pin_mapper.o
 .debug_aranges
                0x000001a0       0x28 src/io_control/analog_output.o
 .debug_aranges
                0x000001c8       0x28 src/io_control/dac.o
 .debug_aranges
                0x000001f0       0x40 src/io_control/io_uart.o
 .debug_aranges
                0x00000230       0x70 src/matlab_coms/matlab_functions.o
 .debug_aranges
                0x000002a0       0x20 src/matlab_coms/matlab_state.o
 .debug_aranges
                0x000002c0       0xc0 src/ASF/sam/drivers/dacc/dacc.o
 .debug_aranges
                0x00000380      0x158 src/ASF/sam/drivers/pwm/pwm.o
 .debug_aranges
                0x000004d8       0x28 src/io_control/adc.o
 .debug_aranges
                0x00000500       0x40 src/ASF/common/services/clock/sam3x/sysclk.o
 .debug_aranges
                0x00000540       0x20 src/ASF/sam/boards/arduino_due_x/init.o
 .debug_aranges
                0x00000560      0x148 src/ASF/sam/drivers/pio/pio.o
 .debug_aranges
                0x000006a8       0x58 src/ASF/sam/drivers/pio/pio_handler.o
 .debug_aranges
                0x00000700      0x200 src/ASF/sam/drivers/pmc/pmc.o
 .debug_aranges
                0x00000900       0x20 src/ASF/sam/utils/cmsis/sam3x/source/templates/exceptions.o
 .debug_aranges
                0x00000920       0x20 src/ASF/sam/utils/cmsis/sam3x/source/templates/gcc/startup_sam3x.o
 .debug_aranges
                0x00000940       0x30 src/ASF/sam/utils/cmsis/sam3x/source/templates/system_sam3x.o
 .debug_aranges
                0x00000970       0x60 src/ASF/sam/utils/syscalls/gcc/syscalls.o
 .debug_aranges
                0x000009d0       0x20 src/main.o

.debug_ranges   0x00000000      0x8b0
 .debug_ranges  0x00000000      0x168 src/ASF/sam/drivers/adc/adc.o
 .debug_ranges  0x00000168       0x18 src/common/pin_mapper.o
 .debug_ranges  0x00000180       0x18 src/io_control/analog_output.o
 .debug_ranges  0x00000198       0x18 src/io_control/dac.o
 .debug_ranges  0x000001b0       0x30 src/io_control/io_uart.o
 .debug_ranges  0x000001e0       0x60 src/matlab_coms/matlab_functions.o
 .debug_ranges  0x00000240       0x10 src/matlab_coms/matlab_state.o
 .debug_ranges  0x00000250       0xb0 src/ASF/sam/drivers/dacc/dacc.o
 .debug_ranges  0x00000300      0x148 src/ASF/sam/drivers/pwm/pwm.o
 .debug_ranges  0x00000448       0x18 src/io_control/adc.o
 .debug_ranges  0x00000460       0x30 src/ASF/common/services/clock/sam3x/sysclk.o
 .debug_ranges  0x00000490       0x10 src/ASF/sam/boards/arduino_due_x/init.o
 .debug_ranges  0x000004a0      0x138 src/ASF/sam/drivers/pio/pio.o
 .debug_ranges  0x000005d8       0x48 src/ASF/sam/drivers/pio/pio_handler.o
 .debug_ranges  0x00000620      0x1f0 src/ASF/sam/drivers/pmc/pmc.o
 .debug_ranges  0x00000810       0x10 src/ASF/sam/utils/cmsis/sam3x/source/templates/exceptions.o
 .debug_ranges  0x00000820       0x10 src/ASF/sam/utils/cmsis/sam3x/source/templates/gcc/startup_sam3x.o
 .debug_ranges  0x00000830       0x20 src/ASF/sam/utils/cmsis/sam3x/source/templates/system_sam3x.o
 .debug_ranges  0x00000850       0x50 src/ASF/sam/utils/syscalls/gcc/syscalls.o
 .debug_ranges  0x000008a0       0x10 src/main.o

.debug_macro    0x00000000    0x1897c
 .debug_macro   0x00000000      0x4c9 src/ASF/sam/drivers/adc/adc.o
 .debug_macro   0x000004c9      0x874 src/ASF/sam/drivers/adc/adc.o
 .debug_macro   0x00000d3d      0x166 src/ASF/sam/drivers/adc/adc.o
 .debug_macro   0x00000ea3      0x4fb src/ASF/sam/drivers/adc/adc.o
 .debug_macro   0x0000139e       0x76 src/ASF/sam/drivers/adc/adc.o
 .debug_macro   0x00001414       0x16 src/ASF/sam/drivers/adc/adc.o
 .debug_macro   0x0000142a      0x6e4 src/ASF/sam/drivers/adc/adc.o
 .debug_macro   0x00001b0e       0x16 src/ASF/sam/drivers/adc/adc.o
 .debug_macro   0x00001b24       0x44 src/ASF/sam/drivers/adc/adc.o
 .debug_macro   0x00001b68      0x209 src/ASF/sam/drivers/adc/adc.o
 .debug_macro   0x00001d71       0x20 src/ASF/sam/drivers/adc/adc.o
 .debug_macro   0x00001d91       0x3a src/ASF/sam/drivers/adc/adc.o
 .debug_macro   0x00001dcb       0x2d src/ASF/sam/drivers/adc/adc.o
 .debug_macro   0x00001df8      0xbb1 src/ASF/sam/drivers/adc/adc.o
 .debug_macro   0x000029a9      0xab6 src/ASF/sam/drivers/adc/adc.o
 .debug_macro   0x0000345f      0x569 src/ASF/sam/drivers/adc/adc.o
 .debug_macro   0x000039c8      0x2b5 src/ASF/sam/drivers/adc/adc.o
 .debug_macro   0x00003c7d      0x31a src/ASF/sam/drivers/adc/adc.o
 .debug_macro   0x00003f97      0x74f src/ASF/sam/drivers/adc/adc.o
 .debug_macro   0x000046e6       0x82 src/ASF/sam/drivers/adc/adc.o
 .debug_macro   0x00004768      0x57b src/ASF/sam/drivers/adc/adc.o
 .debug_macro   0x00004ce3       0x1c src/ASF/sam/drivers/adc/adc.o
 .debug_macro   0x00004cff      0x6b7 src/ASF/sam/drivers/adc/adc.o
 .debug_macro   0x000053b6      0x52d src/ASF/sam/drivers/adc/adc.o
 .debug_macro   0x000058e3       0xbe src/ASF/sam/drivers/adc/adc.o
 .debug_macro   0x000059a1     0x2342 src/ASF/sam/drivers/adc/adc.o
 .debug_macro   0x00007ce3      0x85d src/ASF/sam/drivers/adc/adc.o
 .debug_macro   0x00008540      0xdc9 src/ASF/sam/drivers/adc/adc.o
 .debug_macro   0x00009309       0x7c src/ASF/sam/drivers/adc/adc.o
 .debug_macro   0x00009385      0x263 src/ASF/sam/drivers/adc/adc.o
 .debug_macro   0x000095e8       0x58 src/ASF/sam/drivers/adc/adc.o
 .debug_macro   0x00009640      0x9a7 src/ASF/sam/drivers/adc/adc.o
 .debug_macro   0x00009fe7      0x248 src/ASF/sam/drivers/adc/adc.o
 .debug_macro   0x0000a22f      0x4df src/ASF/sam/drivers/adc/adc.o
 .debug_macro   0x0000a70e      0x6b3 src/ASF/sam/drivers/adc/adc.o
 .debug_macro   0x0000adc1      0x59f src/ASF/sam/drivers/adc/adc.o
 .debug_macro   0x0000b360       0x46 src/ASF/sam/drivers/adc/adc.o
 .debug_macro   0x0000b3a6      0x34d src/ASF/sam/drivers/adc/adc.o
 .debug_macro   0x0000b6f3      0x28c src/ASF/sam/drivers/adc/adc.o
 .debug_macro   0x0000b97f     0x14d7 src/ASF/sam/drivers/adc/adc.o
 .debug_macro   0x0000ce56      0x7ba src/ASF/sam/drivers/adc/adc.o
 .debug_macro   0x0000d610       0x76 src/ASF/sam/drivers/adc/adc.o
 .debug_macro   0x0000d686       0x82 src/ASF/sam/drivers/adc/adc.o
 .debug_macro   0x0000d708       0x76 src/ASF/sam/drivers/adc/adc.o
 .debug_macro   0x0000d77e       0x4c src/ASF/sam/drivers/adc/adc.o
 .debug_macro   0x0000d7ca      0x105 src/ASF/sam/drivers/adc/adc.o
 .debug_macro   0x0000d8cf      0x105 src/ASF/sam/drivers/adc/adc.o
 .debug_macro   0x0000d9d4      0x105 src/ASF/sam/drivers/adc/adc.o
 .debug_macro   0x0000dad9       0x88 src/ASF/sam/drivers/adc/adc.o
 .debug_macro   0x0000db61       0x88 src/ASF/sam/drivers/adc/adc.o
 .debug_macro   0x0000dbe9      0x3b4 src/ASF/sam/drivers/adc/adc.o
 .debug_macro   0x0000df9d       0xb8 src/ASF/sam/drivers/adc/adc.o
 .debug_macro   0x0000e055       0xb8 src/ASF/sam/drivers/adc/adc.o
 .debug_macro   0x0000e10d       0xb8 src/ASF/sam/drivers/adc/adc.o
 .debug_macro   0x0000e1c5       0xb8 src/ASF/sam/drivers/adc/adc.o
 .debug_macro   0x0000e27d      0x2b8 src/ASF/sam/drivers/adc/adc.o
 .debug_macro   0x0000e535      0x125 src/ASF/sam/drivers/adc/adc.o
 .debug_macro   0x0000e65a      0x225 src/ASF/sam/drivers/adc/adc.o
 .debug_macro   0x0000e87f      0x225 src/ASF/sam/drivers/adc/adc.o
 .debug_macro   0x0000eaa4       0x2e src/ASF/sam/drivers/adc/adc.o
 .debug_macro   0x0000ead2       0xac src/ASF/sam/drivers/adc/adc.o
 .debug_macro   0x0000eb7e      0x14d src/ASF/sam/drivers/adc/adc.o
 .debug_macro   0x0000eccb       0x7c src/ASF/sam/drivers/adc/adc.o
 .debug_macro   0x0000ed47      0x205 src/ASF/sam/drivers/adc/adc.o
 .debug_macro   0x0000ef4c       0x64 src/ASF/sam/drivers/adc/adc.o
 .debug_macro   0x0000efb0       0xa6 src/ASF/sam/drivers/adc/adc.o
 .debug_macro   0x0000f056       0x7c src/ASF/sam/drivers/adc/adc.o
 .debug_macro   0x0000f0d2       0x16 src/ASF/sam/drivers/adc/adc.o
 .debug_macro   0x0000f0e8       0x22 src/ASF/sam/drivers/adc/adc.o
 .debug_macro   0x0000f10a       0x22 src/ASF/sam/drivers/adc/adc.o
 .debug_macro   0x0000f12c      0x115 src/ASF/sam/drivers/adc/adc.o
 .debug_macro   0x0000f241      0x115 src/ASF/sam/drivers/adc/adc.o
 .debug_macro   0x0000f356      0x115 src/ASF/sam/drivers/adc/adc.o
 .debug_macro   0x0000f46b      0x115 src/ASF/sam/drivers/adc/adc.o
 .debug_macro   0x0000f580       0x1c src/ASF/sam/drivers/adc/adc.o
 .debug_macro   0x0000f59c       0x2e src/ASF/sam/drivers/adc/adc.o
 .debug_macro   0x0000f5ca       0x22 src/ASF/sam/drivers/adc/adc.o
 .debug_macro   0x0000f5ec       0x1c src/ASF/sam/drivers/adc/adc.o
 .debug_macro   0x0000f608       0x58 src/ASF/sam/drivers/adc/adc.o
 .debug_macro   0x0000f660       0x10 src/ASF/sam/drivers/adc/adc.o
 .debug_macro   0x0000f670      0x273 src/ASF/sam/drivers/adc/adc.o
 .debug_macro   0x0000f8e3      0xd43 src/ASF/sam/drivers/adc/adc.o
 .debug_macro   0x00010626      0x131 src/ASF/sam/drivers/adc/adc.o
 .debug_macro   0x00010757       0x58 src/ASF/sam/drivers/adc/adc.o
 .debug_macro   0x000107af       0x35 src/ASF/sam/drivers/adc/adc.o
 .debug_macro   0x000107e4       0xa3 src/ASF/sam/drivers/adc/adc.o
 .debug_macro   0x00010887       0x16 src/ASF/sam/drivers/adc/adc.o
 .debug_macro   0x0001089d       0x35 src/ASF/sam/drivers/adc/adc.o
 .debug_macro   0x000108d2       0x10 src/ASF/sam/drivers/adc/adc.o
 .debug_macro   0x000108e2       0x52 src/ASF/sam/drivers/adc/adc.o
 .debug_macro   0x00010934       0x16 src/ASF/sam/drivers/adc/adc.o
 .debug_macro   0x0001094a       0x43 src/ASF/sam/drivers/adc/adc.o
 .debug_macro   0x0001098d      0x180 src/ASF/sam/drivers/adc/adc.o
 .debug_macro   0x00010b0d       0x10 src/ASF/sam/drivers/adc/adc.o
 .debug_macro   0x00010b1d       0x22 src/ASF/sam/drivers/adc/adc.o
 .debug_macro   0x00010b3f       0xbd src/ASF/sam/drivers/adc/adc.o
 .debug_macro   0x00010bfc       0x16 src/ASF/sam/drivers/adc/adc.o
 .debug_macro   0x00010c12      0x16c src/ASF/sam/drivers/adc/adc.o
 .debug_macro   0x00010d7e       0x22 src/ASF/sam/drivers/adc/adc.o
 .debug_macro   0x00010da0       0x16 src/ASF/sam/drivers/adc/adc.o
 .debug_macro   0x00010db6       0x16 src/ASF/sam/drivers/adc/adc.o
 .debug_macro   0x00010dcc       0x29 src/ASF/sam/drivers/adc/adc.o
 .debug_macro   0x00010df5       0x6e src/ASF/sam/drivers/adc/adc.o
 .debug_macro   0x00010e63       0x45 src/ASF/sam/drivers/adc/adc.o
 .debug_macro   0x00010ea8      0x3ca src/ASF/sam/drivers/adc/adc.o
 .debug_macro   0x00011272       0x1c src/ASF/sam/drivers/adc/adc.o
 .debug_macro   0x0001128e      0x5c7 src/common/pin_mapper.o
 .debug_macro   0x00011855       0x16 src/common/pin_mapper.o
 .debug_macro   0x0001186b       0x34 src/common/pin_mapper.o
 .debug_macro   0x0001189f      0x256 src/common/pin_mapper.o
 .debug_macro   0x00011af5      0x790 src/common/pin_mapper.o
 .debug_macro   0x00012285       0x5e src/common/pin_mapper.o
 .debug_macro   0x000122e3       0x64 src/common/pin_mapper.o
 .debug_macro   0x00012347       0x5f src/common/pin_mapper.o
 .debug_macro   0x000123a6       0x90 src/common/pin_mapper.o
 .debug_macro   0x00012436       0x28 src/common/pin_mapper.o
 .debug_macro   0x0001245e       0x23 src/common/pin_mapper.o
 .debug_macro   0x00012481       0x94 src/common/pin_mapper.o
 .debug_macro   0x00012515       0x40 src/common/pin_mapper.o
 .debug_macro   0x00012555       0x70 src/common/pin_mapper.o
 .debug_macro   0x000125c5       0x34 src/common/pin_mapper.o
 .debug_macro   0x000125f9       0x10 src/common/pin_mapper.o
 .debug_macro   0x00012609      0x5c6 src/io_control/analog_output.o
 .debug_macro   0x00012bcf       0x2e src/io_control/analog_output.o
 .debug_macro   0x00012bfd      0x5d2 src/io_control/dac.o
 .debug_macro   0x000131cf      0x5cc src/io_control/io_uart.o
 .debug_macro   0x0001379b       0x2e src/io_control/io_uart.o
 .debug_macro   0x000137c9      0x601 src/matlab_coms/matlab_functions.o
 .debug_macro   0x00013dca       0x10 src/matlab_coms/matlab_functions.o
 .debug_macro   0x00013dda      0x5db src/matlab_coms/matlab_state.o
 .debug_macro   0x000143b5       0x34 src/matlab_coms/matlab_state.o
 .debug_macro   0x000143e9       0x3a src/matlab_coms/matlab_state.o
 .debug_macro   0x00014423      0x4ca src/ASF/sam/drivers/dacc/dacc.o
 .debug_macro   0x000148ed       0x10 src/ASF/sam/drivers/dacc/dacc.o
 .debug_macro   0x000148fd      0x4dd src/ASF/sam/drivers/pwm/pwm.o
 .debug_macro   0x00014dda      0x5c6 src/io_control/adc.o
 .debug_macro   0x000153a0      0x529 src/ASF/common/services/clock/sam3x/sysclk.o
 .debug_macro   0x000158c9      0x250 src/ASF/common/services/clock/sam3x/sysclk.o
 .debug_macro   0x00015b19      0x568 src/ASF/sam/boards/arduino_due_x/init.o
 .debug_macro   0x00016081       0x16 src/ASF/sam/boards/arduino_due_x/init.o
 .debug_macro   0x00016097       0x6a src/ASF/sam/boards/arduino_due_x/init.o
 .debug_macro   0x00016101      0x4c4 src/ASF/sam/drivers/pio/pio.o
 .debug_macro   0x000165c5       0x8e src/ASF/sam/drivers/pio/pio.o
 .debug_macro   0x00016653      0x4c8 src/ASF/sam/drivers/pio/pio_handler.o
 .debug_macro   0x00016b1b      0x4be src/ASF/sam/drivers/pmc/pmc.o
 .debug_macro   0x00016fd9       0x58 src/ASF/sam/drivers/pmc/pmc.o
 .debug_macro   0x00017031      0x4bd src/ASF/sam/utils/cmsis/sam3x/source/templates/exceptions.o
 .debug_macro   0x000174ee      0x4cb src/ASF/sam/utils/cmsis/sam3x/source/templates/gcc/startup_sam3x.o
 .debug_macro   0x000179b9      0x4cb src/ASF/sam/utils/cmsis/sam3x/source/templates/system_sam3x.o
 .debug_macro   0x00017e84       0x26 src/ASF/sam/utils/cmsis/sam3x/source/templates/system_sam3x.o
 .debug_macro   0x00017eaa      0x129 src/ASF/sam/utils/syscalls/gcc/syscalls.o
 .debug_macro   0x00017fd3       0x97 src/ASF/sam/utils/syscalls/gcc/syscalls.o
 .debug_macro   0x0001806a       0xef src/ASF/sam/utils/syscalls/gcc/syscalls.o
 .debug_macro   0x00018159       0x4a src/ASF/sam/utils/syscalls/gcc/syscalls.o
 .debug_macro   0x000181a3       0x52 src/ASF/sam/utils/syscalls/gcc/syscalls.o
 .debug_macro   0x000181f5       0x16 src/ASF/sam/utils/syscalls/gcc/syscalls.o
 .debug_macro   0x0001820b       0x10 src/ASF/sam/utils/syscalls/gcc/syscalls.o
 .debug_macro   0x0001821b       0x41 src/ASF/sam/utils/syscalls/gcc/syscalls.o
 .debug_macro   0x0001825c      0x120 src/ASF/sam/utils/syscalls/gcc/syscalls.o
 .debug_macro   0x0001837c      0x600 src/main.o

.debug_line     0x00000000    0x10366
 .debug_line    0x00000000      0xe60 src/ASF/sam/drivers/adc/adc.o
 .debug_line    0x00000e60      0xdfe src/common/pin_mapper.o
 .debug_line    0x00001c5e      0xe15 src/io_control/analog_output.o
 .debug_line    0x00002a73      0xe18 src/io_control/dac.o
 .debug_line    0x0000388b      0xe41 src/io_control/io_uart.o
 .debug_line    0x000046cc      0xf8d src/matlab_coms/matlab_functions.o
 .debug_line    0x00005659      0xe68 src/matlab_coms/matlab_state.o
 .debug_line    0x000064c1      0xc43 src/ASF/sam/drivers/dacc/dacc.o
 .debug_line    0x00007104      0xe5d src/ASF/sam/drivers/pwm/pwm.o
 .debug_line    0x00007f61      0xdfd src/io_control/adc.o
 .debug_line    0x00008d5e      0xc48 src/ASF/common/services/clock/sam3x/sysclk.o
 .debug_line    0x000099a6      0xcdf src/ASF/sam/boards/arduino_due_x/init.o
 .debug_line    0x0000a685      0xe42 src/ASF/sam/drivers/pio/pio.o
 .debug_line    0x0000b4c7      0xb8d src/ASF/sam/drivers/pio/pio_handler.o
 .debug_line    0x0000c054     0x1045 src/ASF/sam/drivers/pmc/pmc.o
 .debug_line    0x0000d099      0xab5 src/ASF/sam/utils/cmsis/sam3x/source/templates/exceptions.o
 .debug_line    0x0000db4e      0xb05 src/ASF/sam/utils/cmsis/sam3x/source/templates/gcc/startup_sam3x.o
 .debug_line    0x0000e653      0xb22 src/ASF/sam/utils/cmsis/sam3x/source/templates/system_sam3x.o
 .debug_line    0x0000f175      0x39b src/ASF/sam/utils/syscalls/gcc/syscalls.o
 .debug_line    0x0000f510      0xe56 src/main.o

.debug_str      0x00000000    0x61570
 .debug_str     0x00000000    0x599ec src/ASF/sam/drivers/adc/adc.o
                              0x59d17 (size before relaxing)
 .debug_str     0x000599ec     0x4694 src/common/pin_mapper.o
                              0x5d94f (size before relaxing)
 .debug_str     0x0005e080      0x806 src/io_control/analog_output.o
                              0x5e1db (size before relaxing)
 .debug_str     0x0005e886       0xf3 src/io_control/dac.o
                              0x5da2c (size before relaxing)
 .debug_str     0x0005e979      0x233 src/io_control/io_uart.o
                              0x5dd51 (size before relaxing)
 .debug_str     0x0005ebac      0x199 src/matlab_coms/matlab_functions.o
                              0x5deda (size before relaxing)
 .debug_str     0x0005ed45      0x110 src/matlab_coms/matlab_state.o
                              0x5dac7 (size before relaxing)
 .debug_str     0x0005ee55      0x2f7 src/ASF/sam/drivers/dacc/dacc.o
                              0x596d6 (size before relaxing)
 .debug_str     0x0005f14c      0x7db src/ASF/sam/drivers/pwm/pwm.o
                              0x59f3c (size before relaxing)
 .debug_str     0x0005f927       0x30 src/io_control/adc.o
                              0x5dd18 (size before relaxing)
 .debug_str     0x0005f957      0x233 src/ASF/common/services/clock/sam3x/sysclk.o
                              0x5d050 (size before relaxing)
 .debug_str     0x0005fb8a       0xb7 src/ASF/sam/boards/arduino_due_x/init.o
                              0x5d80a (size before relaxing)
 .debug_str     0x0005fc41      0x428 src/ASF/sam/drivers/pio/pio.o
                              0x59be9 (size before relaxing)
 .debug_str     0x00060069      0x44e src/ASF/sam/drivers/pio/pio_handler.o
                              0x59c31 (size before relaxing)
 .debug_str     0x000604b7      0x67c src/ASF/sam/drivers/pmc/pmc.o
                              0x59c5f (size before relaxing)
 .debug_str     0x00060b33       0x4d src/ASF/sam/utils/cmsis/sam3x/source/templates/exceptions.o
                              0x5925e (size before relaxing)
 .debug_str     0x00060b80       0xb2 src/ASF/sam/utils/cmsis/sam3x/source/templates/gcc/startup_sam3x.o
                              0x59333 (size before relaxing)
 .debug_str     0x00060c32      0x1cd src/ASF/sam/utils/cmsis/sam3x/source/templates/system_sam3x.o
                              0x59546 (size before relaxing)
 .debug_str     0x00060dff      0x749 src/ASF/sam/utils/syscalls/gcc/syscalls.o
                               0x4f64 (size before relaxing)
 .debug_str     0x00061548       0x28 src/main.o
                              0x5dadc (size before relaxing)

.debug_frame    0x00000000     0x1c10
 .debug_frame   0x00000000      0x308 src/ASF/sam/drivers/adc/adc.o
 .debug_frame   0x00000308       0x38 src/common/pin_mapper.o
 .debug_frame   0x00000340       0x44 src/io_control/analog_output.o
 .debug_frame   0x00000384       0x48 src/io_control/dac.o
 .debug_frame   0x000003cc       0x60 src/io_control/io_uart.o
 .debug_frame   0x0000042c      0x124 src/matlab_coms/matlab_functions.o
 .debug_frame   0x00000550       0x30 src/matlab_coms/matlab_state.o
 .debug_frame   0x00000580      0x168 src/ASF/sam/drivers/dacc/dacc.o
 .debug_frame   0x000006e8      0x2f8 src/ASF/sam/drivers/pwm/pwm.o
 .debug_frame   0x000009e0       0x48 src/io_control/adc.o
 .debug_frame   0x00000a28       0x88 src/ASF/common/services/clock/sam3x/sysclk.o
 .debug_frame   0x00000ab0       0x28 src/ASF/sam/boards/arduino_due_x/init.o
 .debug_frame   0x00000ad8      0x2a8 src/ASF/sam/drivers/pio/pio.o
 .debug_frame   0x00000d80       0xf8 src/ASF/sam/drivers/pio/pio_handler.o
 .debug_frame   0x00000e78      0x410 src/ASF/sam/drivers/pmc/pmc.o
 .debug_frame   0x00001288       0x20 src/ASF/sam/utils/cmsis/sam3x/source/templates/exceptions.o
 .debug_frame   0x000012a8       0x28 src/ASF/sam/utils/cmsis/sam3x/source/templates/gcc/startup_sam3x.o
 .debug_frame   0x000012d0       0x40 src/ASF/sam/utils/cmsis/sam3x/source/templates/system_sam3x.o
 .debug_frame   0x00001310       0xa8 src/ASF/sam/utils/syscalls/gcc/syscalls.o
 .debug_frame   0x000013b8       0x28 src/main.o
 .debug_frame   0x000013e0       0x2c c:/program files (x86)/atmel/atmel toolchain/arm gcc/native/4.8.1443/arm-gnu-toolchain/bin/../lib/gcc/arm-none-eabi/4.8.4/../../../../arm-none-eabi/lib/armv7-m\libc.a(lib_a-init.o)
 .debug_frame   0x0000140c       0x2c c:/program files (x86)/atmel/atmel toolchain/arm gcc/native/4.8.1443/arm-gnu-toolchain/bin/../lib/gcc/arm-none-eabi/4.8.4/../../../../arm-none-eabi/lib/armv7-m\libc.a(lib_a-memset.o)
 .debug_frame   0x00001438       0x64 c:/program files (x86)/atmel/atmel toolchain/arm gcc/native/4.8.1443/arm-gnu-toolchain/bin/../lib/gcc/arm-none-eabi/4.8.4/../../../../arm-none-eabi/lib/armv7-m\libc.a(lib_a-sprintf.o)
 .debug_frame   0x0000149c       0x20 c:/program files (x86)/atmel/atmel toolchain/arm gcc/native/4.8.1443/arm-gnu-toolchain/bin/../lib/gcc/arm-none-eabi/4.8.4/../../../../arm-none-eabi/lib/armv7-m\libc.a(lib_a-strlen.o)
 .debug_frame   0x000014bc       0x3c c:/program files (x86)/atmel/atmel toolchain/arm gcc/native/4.8.1443/arm-gnu-toolchain/bin/../lib/gcc/arm-none-eabi/4.8.4/../../../../arm-none-eabi/lib/armv7-m\libc.a(lib_a-svfprintf.o)
 .debug_frame   0x000014f8       0x48 c:/program files (x86)/atmel/atmel toolchain/arm gcc/native/4.8.1443/arm-gnu-toolchain/bin/../lib/gcc/arm-none-eabi/4.8.4/../../../../arm-none-eabi/lib/armv7-m\libc.a(lib_a-__call_atexit.o)
 .debug_frame   0x00001540       0x20 c:/program files (x86)/atmel/atmel toolchain/arm gcc/native/4.8.1443/arm-gnu-toolchain/bin/../lib/gcc/arm-none-eabi/4.8.4/../../../../arm-none-eabi/lib/armv7-m\libc.a(lib_a-atexit.o)
 .debug_frame   0x00001560       0x64 c:/program files (x86)/atmel/atmel toolchain/arm gcc/native/4.8.1443/arm-gnu-toolchain/bin/../lib/gcc/arm-none-eabi/4.8.4/../../../../arm-none-eabi/lib/armv7-m\libc.a(lib_a-dtoa.o)
 .debug_frame   0x000015c4       0x2c c:/program files (x86)/atmel/atmel toolchain/arm gcc/native/4.8.1443/arm-gnu-toolchain/bin/../lib/gcc/arm-none-eabi/4.8.4/../../../../arm-none-eabi/lib/armv7-m\libc.a(lib_a-fini.o)
 .debug_frame   0x000015f0       0x50 c:/program files (x86)/atmel/atmel toolchain/arm gcc/native/4.8.1443/arm-gnu-toolchain/bin/../lib/gcc/arm-none-eabi/4.8.4/../../../../arm-none-eabi/lib/armv7-m\libc.a(lib_a-freer.o)
 .debug_frame   0x00001640       0x98 c:/program files (x86)/atmel/atmel toolchain/arm gcc/native/4.8.1443/arm-gnu-toolchain/bin/../lib/gcc/arm-none-eabi/4.8.4/../../../../arm-none-eabi/lib/armv7-m\libc.a(lib_a-locale.o)
 .debug_frame   0x000016d8       0x38 c:/program files (x86)/atmel/atmel toolchain/arm gcc/native/4.8.1443/arm-gnu-toolchain/bin/../lib/gcc/arm-none-eabi/4.8.4/../../../../arm-none-eabi/lib/armv7-m\libc.a(lib_a-mallocr.o)
 .debug_frame   0x00001710       0x2c c:/program files (x86)/atmel/atmel toolchain/arm gcc/native/4.8.1443/arm-gnu-toolchain/bin/../lib/gcc/arm-none-eabi/4.8.4/../../../../arm-none-eabi/lib/armv7-m\libc.a(lib_a-memchr-stub.o)
 .debug_frame   0x0000173c       0x2c c:/program files (x86)/atmel/atmel toolchain/arm gcc/native/4.8.1443/arm-gnu-toolchain/bin/../lib/gcc/arm-none-eabi/4.8.4/../../../../arm-none-eabi/lib/armv7-m\libc.a(lib_a-memmove.o)
 .debug_frame   0x00001768       0x30 c:/program files (x86)/atmel/atmel toolchain/arm gcc/native/4.8.1443/arm-gnu-toolchain/bin/../lib/gcc/arm-none-eabi/4.8.4/../../../../arm-none-eabi/lib/armv7-m\libc.a(lib_a-mlock.o)
 .debug_frame   0x00001798      0x228 c:/program files (x86)/atmel/atmel toolchain/arm gcc/native/4.8.1443/arm-gnu-toolchain/bin/../lib/gcc/arm-none-eabi/4.8.4/../../../../arm-none-eabi/lib/armv7-m\libc.a(lib_a-mprec.o)
 .debug_frame   0x000019c0       0x38 c:/program files (x86)/atmel/atmel toolchain/arm gcc/native/4.8.1443/arm-gnu-toolchain/bin/../lib/gcc/arm-none-eabi/4.8.4/../../../../arm-none-eabi/lib/armv7-m\libc.a(lib_a-reallocr.o)
 .debug_frame   0x000019f8       0x28 c:/program files (x86)/atmel/atmel toolchain/arm gcc/native/4.8.1443/arm-gnu-toolchain/bin/../lib/gcc/arm-none-eabi/4.8.4/../../../../arm-none-eabi/lib/armv7-m\libc.a(lib_a-s_fpclassify.o)
 .debug_frame   0x00001a20       0x2c c:/program files (x86)/atmel/atmel toolchain/arm gcc/native/4.8.1443/arm-gnu-toolchain/bin/../lib/gcc/arm-none-eabi/4.8.4/../../../../arm-none-eabi/lib/armv7-m\libc.a(lib_a-sbrkr.o)
 .debug_frame   0x00001a4c       0x64 c:/program files (x86)/atmel/atmel toolchain/arm gcc/native/4.8.1443/arm-gnu-toolchain/bin/../lib/gcc/arm-none-eabi/4.8.4/../../../../arm-none-eabi/lib/armv7-m\libc.a(lib_a-svfiprintf.o)
 .debug_frame   0x00001ab0       0x30 c:/program files (x86)/atmel/atmel toolchain/arm gcc/native/4.8.1443/arm-gnu-toolchain/bin/../lib/gcc/arm-none-eabi/4.8.4/../../../../arm-none-eabi/lib/armv7-m\libc.a(lib_a-__atexit.o)
 .debug_frame   0x00001ae0       0x28 c:/program files (x86)/atmel/atmel toolchain/arm gcc/native/4.8.1443/arm-gnu-toolchain/bin/../lib/gcc/arm-none-eabi/4.8.4/../../../../arm-none-eabi/lib/armv7-m\libc.a(lib_a-callocr.o)
 .debug_frame   0x00001b08       0x48 c:/program files (x86)/atmel/atmel toolchain/arm gcc/native/4.8.1443/arm-gnu-toolchain/bin/../lib/gcc/arm-none-eabi/4.8.4/../../../../arm-none-eabi/lib/armv7-m\libc.a(lib_a-reent.o)
 .debug_frame   0x00001b50       0x58 c:/program files (x86)/atmel/atmel toolchain/arm gcc/native/4.8.1443/arm-gnu-toolchain/bin/../lib/gcc/arm-none-eabi/4.8.4/armv7-m\libgcc.a(bpabi.o)
 .debug_frame   0x00001ba8       0x34 c:/program files (x86)/atmel/atmel toolchain/arm gcc/native/4.8.1443/arm-gnu-toolchain/bin/../lib/gcc/arm-none-eabi/4.8.4/armv7-m\libgcc.a(_divdi3.o)
 .debug_frame   0x00001bdc       0x34 c:/program files (x86)/atmel/atmel toolchain/arm gcc/native/4.8.1443/arm-gnu-toolchain/bin/../lib/gcc/arm-none-eabi/4.8.4/armv7-m\libgcc.a(_udivdi3.o)

Cross Reference Table

Symbol                                            File
ADC_Handler                                       src/ASF/sam/utils/cmsis/sam3x/source/templates/exceptions.o
                                                  src/ASF/sam/utils/cmsis/sam3x/source/templates/gcc/startup_sam3x.o
BusFault_Handler                                  src/ASF/sam/utils/cmsis/sam3x/source/templates/exceptions.o
                                                  src/ASF/sam/utils/cmsis/sam3x/source/templates/gcc/startup_sam3x.o
CAN0_Handler                                      src/ASF/sam/utils/cmsis/sam3x/source/templates/exceptions.o
                                                  src/ASF/sam/utils/cmsis/sam3x/source/templates/gcc/startup_sam3x.o
CAN1_Handler                                      src/ASF/sam/utils/cmsis/sam3x/source/templates/exceptions.o
                                                  src/ASF/sam/utils/cmsis/sam3x/source/templates/gcc/startup_sam3x.o
DACC_Handler                                      src/ASF/sam/utils/cmsis/sam3x/source/templates/exceptions.o
                                                  src/ASF/sam/utils/cmsis/sam3x/source/templates/gcc/startup_sam3x.o
DMAC_Handler                                      src/ASF/sam/utils/cmsis/sam3x/source/templates/exceptions.o
                                                  src/ASF/sam/utils/cmsis/sam3x/source/templates/gcc/startup_sam3x.o
DebugMon_Handler                                  src/ASF/sam/utils/cmsis/sam3x/source/templates/exceptions.o
                                                  src/ASF/sam/utils/cmsis/sam3x/source/templates/gcc/startup_sam3x.o
Dummy_Handler                                     src/ASF/sam/utils/cmsis/sam3x/source/templates/exceptions.o
EFC0_Handler                                      src/ASF/sam/utils/cmsis/sam3x/source/templates/exceptions.o
                                                  src/ASF/sam/utils/cmsis/sam3x/source/templates/gcc/startup_sam3x.o
EFC1_Handler                                      src/ASF/sam/utils/cmsis/sam3x/source/templates/exceptions.o
                                                  src/ASF/sam/utils/cmsis/sam3x/source/templates/gcc/startup_sam3x.o
EMAC_Handler                                      src/ASF/sam/utils/cmsis/sam3x/source/templates/exceptions.o
                                                  src/ASF/sam/utils/cmsis/sam3x/source/templates/gcc/startup_sam3x.o
HSMCI_Handler                                     src/ASF/sam/utils/cmsis/sam3x/source/templates/exceptions.o
                                                  src/ASF/sam/utils/cmsis/sam3x/source/templates/gcc/startup_sam3x.o
HardFault_Handler                                 src/ASF/sam/utils/cmsis/sam3x/source/templates/exceptions.o
                                                  src/ASF/sam/utils/cmsis/sam3x/source/templates/gcc/startup_sam3x.o
MemManage_Handler                                 src/ASF/sam/utils/cmsis/sam3x/source/templates/exceptions.o
                                                  src/ASF/sam/utils/cmsis/sam3x/source/templates/gcc/startup_sam3x.o
NMI_Handler                                       src/ASF/sam/utils/cmsis/sam3x/source/templates/exceptions.o
                                                  src/ASF/sam/utils/cmsis/sam3x/source/templates/gcc/startup_sam3x.o
PIOA_Handler                                      src/ASF/sam/drivers/pio/pio_handler.o
                                                  src/ASF/sam/utils/cmsis/sam3x/source/templates/gcc/startup_sam3x.o
PIOB_Handler                                      src/ASF/sam/drivers/pio/pio_handler.o
                                                  src/ASF/sam/utils/cmsis/sam3x/source/templates/gcc/startup_sam3x.o
PIOC_Handler                                      src/ASF/sam/drivers/pio/pio_handler.o
                                                  src/ASF/sam/utils/cmsis/sam3x/source/templates/gcc/startup_sam3x.o
PIOD_Handler                                      src/ASF/sam/drivers/pio/pio_handler.o
                                                  src/ASF/sam/utils/cmsis/sam3x/source/templates/gcc/startup_sam3x.o
PMC_Handler                                       src/ASF/sam/utils/cmsis/sam3x/source/templates/exceptions.o
                                                  src/ASF/sam/utils/cmsis/sam3x/source/templates/gcc/startup_sam3x.o
PWM_Handler                                       src/ASF/sam/utils/cmsis/sam3x/source/templates/exceptions.o
                                                  src/ASF/sam/utils/cmsis/sam3x/source/templates/gcc/startup_sam3x.o
PendSV_Handler                                    src/ASF/sam/utils/cmsis/sam3x/source/templates/exceptions.o
                                                  src/ASF/sam/utils/cmsis/sam3x/source/templates/gcc/startup_sam3x.o
RSTC_Handler                                      src/ASF/sam/utils/cmsis/sam3x/source/templates/exceptions.o
                                                  src/ASF/sam/utils/cmsis/sam3x/source/templates/gcc/startup_sam3x.o
RTC_Handler                                       src/ASF/sam/utils/cmsis/sam3x/source/templates/exceptions.o
                                                  src/ASF/sam/utils/cmsis/sam3x/source/templates/gcc/startup_sam3x.o
RTT_Handler                                       src/ASF/sam/utils/cmsis/sam3x/source/templates/exceptions.o
                                                  src/ASF/sam/utils/cmsis/sam3x/source/templates/gcc/startup_sam3x.o
Reset_Handler                                     src/ASF/sam/utils/cmsis/sam3x/source/templates/gcc/startup_sam3x.o
SMC_Handler                                       src/ASF/sam/utils/cmsis/sam3x/source/templates/exceptions.o
                                                  src/ASF/sam/utils/cmsis/sam3x/source/templates/gcc/startup_sam3x.o
SPI0_Handler                                      src/ASF/sam/utils/cmsis/sam3x/source/templates/exceptions.o
                                                  src/ASF/sam/utils/cmsis/sam3x/source/templates/gcc/startup_sam3x.o
SSC_Handler                                       src/ASF/sam/utils/cmsis/sam3x/source/templates/exceptions.o
                                                  src/ASF/sam/utils/cmsis/sam3x/source/templates/gcc/startup_sam3x.o
SUPC_Handler                                      src/ASF/sam/utils/cmsis/sam3x/source/templates/exceptions.o
                                                  src/ASF/sam/utils/cmsis/sam3x/source/templates/gcc/startup_sam3x.o
SVC_Handler                                       src/ASF/sam/utils/cmsis/sam3x/source/templates/exceptions.o
                                                  src/ASF/sam/utils/cmsis/sam3x/source/templates/gcc/startup_sam3x.o
SysTick_Handler                                   src/ASF/sam/utils/cmsis/sam3x/source/templates/exceptions.o
                                                  src/ASF/sam/utils/cmsis/sam3x/source/templates/gcc/startup_sam3x.o
SystemCoreClock                                   src/ASF/sam/utils/cmsis/sam3x/source/templates/system_sam3x.o
SystemCoreClockUpdate                             src/ASF/sam/utils/cmsis/sam3x/source/templates/system_sam3x.o