Archive member included to satisfy reference by file (symbol)

c:/program files (x86)/atmel/studio/7.0/toolchain/arm/arm-gnu-toolchain/bin/../lib/gcc/arm-none-eabi/6.3.1/../../../../arm-none-eabi/lib/thumb/v7-m\libc.a(lib_a-exit.o)
                              c:/program files (x86)/atmel/studio/7.0/toolchain/arm/arm-gnu-toolchain/bin/../lib/gcc/arm-none-eabi/6.3.1/../../../../arm-none-eabi/lib/thumb/v7-m/crt0.o (exit)
c:/program files (x86)/atmel/studio/7.0/toolchain/arm/arm-gnu-toolchain/bin/../lib/gcc/arm-none-eabi/6.3.1/../../../../arm-none-eabi/lib/thumb/v7-m\libc.a(lib_a-impure.o)
                              c:/program files (x86)/atmel/studio/7.0/toolchain/arm/arm-gnu-toolchain/bin/../lib/gcc/arm-none-eabi/6.3.1/../../../../arm-none-eabi/lib/thumb/v7-m\libc.a(lib_a-exit.o) (_global_impure_ptr)
c:/program files (x86)/atmel/studio/7.0/toolchain/arm/arm-gnu-toolchain/bin/../lib/gcc/arm-none-eabi/6.3.1/../../../../arm-none-eabi/lib/thumb/v7-m\libc.a(lib_a-init.o)
                              c:/program files (x86)/atmel/studio/7.0/toolchain/arm/arm-gnu-toolchain/bin/../lib/gcc/arm-none-eabi/6.3.1/../../../../arm-none-eabi/lib/thumb/v7-m/crt0.o (__libc_init_array)
c:/program files (x86)/atmel/studio/7.0/toolchain/arm/arm-gnu-toolchain/bin/../lib/gcc/arm-none-eabi/6.3.1/../../../../arm-none-eabi/lib/thumb/v7-m\libc.a(lib_a-iprintf.o)
                              src/ASF/sam/drivers/adc/adc.o (iprintf)
c:/program files (x86)/atmel/studio/7.0/toolchain/arm/arm-gnu-toolchain/bin/../lib/gcc/arm-none-eabi/6.3.1/../../../../arm-none-eabi/lib/thumb/v7-m\libc.a(lib_a-memset.o)
                              c:/program files (x86)/atmel/studio/7.0/toolchain/arm/arm-gnu-toolchain/bin/../lib/gcc/arm-none-eabi/6.3.1/../../../../arm-none-eabi/lib/thumb/v7-m/crt0.o (memset)
c:/program files (x86)/atmel/studio/7.0/toolchain/arm/arm-gnu-toolchain/bin/../lib/gcc/arm-none-eabi/6.3.1/../../../../arm-none-eabi/lib/thumb/v7-m\libc.a(lib_a-puts.o)
                              src/ASF/sam/drivers/adc/adc.o (puts)
c:/program files (x86)/atmel/studio/7.0/toolchain/arm/arm-gnu-toolchain/bin/../lib/gcc/arm-none-eabi/6.3.1/../../../../arm-none-eabi/lib/thumb/v7-m\libc.a(lib_a-sprintf.o)
                              src/matlab_coms/matlab_functions.o (sprintf)
c:/program files (x86)/atmel/studio/7.0/toolchain/arm/arm-gnu-toolchain/bin/../lib/gcc/arm-none-eabi/6.3.1/../../../../arm-none-eabi/lib/thumb/v7-m\libc.a(lib_a-strlen-stub.o)
                              c:/program files (x86)/atmel/studio/7.0/toolchain/arm/arm-gnu-toolchain/bin/../lib/gcc/arm-none-eabi/6.3.1/../../../../arm-none-eabi/lib/thumb/v7-m\libc.a(lib_a-puts.o) (strlen)
c:/program files (x86)/atmel/studio/7.0/toolchain/arm/arm-gnu-toolchain/bin/../lib/gcc/arm-none-eabi/6.3.1/../../../../arm-none-eabi/lib/thumb/v7-m\libc.a(lib_a-svfprintf.o)
                              c:/program files (x86)/atmel/studio/7.0/toolchain/arm/arm-gnu-toolchain/bin/../lib/gcc/arm-none-eabi/6.3.1/../../../../arm-none-eabi/lib/thumb/v7-m\libc.a(lib_a-sprintf.o) (_svfprintf_r)
c:/program files (x86)/atmel/studio/7.0/toolchain/arm/arm-gnu-toolchain/bin/../lib/gcc/arm-none-eabi/6.3.1/../../../../arm-none-eabi/lib/thumb/v7-m\libc.a(lib_a-vfiprintf.o)
                              c:/program files (x86)/atmel/studio/7.0/toolchain/arm/arm-gnu-toolchain/bin/../lib/gcc/arm-none-eabi/6.3.1/../../../../arm-none-eabi/lib/thumb/v7-m\libc.a(lib_a-iprintf.o) (_vfiprintf_r)
c:/program files (x86)/atmel/studio/7.0/toolchain/arm/arm-gnu-toolchain/bin/../lib/gcc/arm-none-eabi/6.3.1/../../../../arm-none-eabi/lib/thumb/v7-m\libc.a(lib_a-wsetup.o)
                              c:/program files (x86)/atmel/studio/7.0/toolchain/arm/arm-gnu-toolchain/bin/../lib/gcc/arm-none-eabi/6.3.1/../../../../arm-none-eabi/lib/thumb/v7-m\libc.a(lib_a-vfiprintf.o) (__swsetup_r)
c:/program files (x86)/atmel/studio/7.0/toolchain/arm/arm-gnu-toolchain/bin/../lib/gcc/arm-none-eabi/6.3.1/../../../../arm-none-eabi/lib/thumb/v7-m\libc.a(lib_a-__call_atexit.o)
                              c:/program files (x86)/atmel/studio/7.0/toolchain/arm/arm-gnu-toolchain/bin/../lib/gcc/arm-none-eabi/6.3.1/../../../../arm-none-eabi/lib/thumb/v7-m\libc.a(lib_a-exit.o) (__call_exitprocs)
c:/program files (x86)/atmel/studio/7.0/toolchain/arm/arm-gnu-toolchain/bin/../lib/gcc/arm-none-eabi/6.3.1/../../../../arm-none-eabi/lib/thumb/v7-m\libc.a(lib_a-atexit.o)
                              c:/program files (x86)/atmel/studio/7.0/toolchain/arm/arm-gnu-toolchain/bin/../lib/gcc/arm-none-eabi/6.3.1/../../../../arm-none-eabi/lib/thumb/v7-m\libc.a(lib_a-__call_atexit.o) (atexit)
c:/program files (x86)/atmel/studio/7.0/toolchain/arm/arm-gnu-toolchain/bin/../lib/gcc/arm-none-eabi/6.3.1/../../../../arm-none-eabi/lib/thumb/v7-m\libc.a(lib_a-dtoa.o)
[...]
Memory Configuration

Name             Origin             Length             Attributes
rom              0x00080000         0x00080000         xr
sram0            0x20000000         0x00010000         xrw
sram1            0x20080000         0x00008000         xrw
ram              0x20070000         0x00018000         xrw
*default*        0x00000000         0xffffffff

Linker script and memory map

LOAD c:/program files (x86)/atmel/studio/7.0/toolchain/arm/arm-gnu-toolchain/bin/../lib/gcc/arm-none-eabi/6.3.1/thumb/v7-m/crti.o
LOAD c:/program files (x86)/atmel/studio/7.0/toolchain/arm/arm-gnu-toolchain/bin/../lib/gcc/arm-none-eabi/6.3.1/thumb/v7-m/crtbegin.o
LOAD c:/program files (x86)/atmel/studio/7.0/toolchain/arm/arm-gnu-toolchain/bin/../lib/gcc/arm-none-eabi/6.3.1/../../../../arm-none-eabi/lib/thumb/v7-m/crt0.o
LOAD src/ASF/sam/drivers/adc/adc.o
LOAD src/common/pin_mapper.o
LOAD src/io_control/analog_output.o
LOAD src/io_control/dac.o
LOAD src/io_control/io_uart.o
LOAD src/matlab_coms/matlab_functions.o
LOAD src/matlab_coms/matlab_state.o
LOAD src/ASF/sam/drivers/adc/adc_sam3u.o
LOAD src/ASF/common/services/delay/sam/cycle_counter.o
LOAD src/ASF/sam/drivers/dacc/dacc.o
LOAD src/ASF/sam/drivers/pwm/pwm.o
LOAD src/io_control/adc.o
LOAD src/ASF/common/services/clock/sam3x/sysclk.o
LOAD src/ASF/common/utils/interrupt/interrupt_sam_nvic.o
LOAD src/ASF/sam/boards/arduino_due_x/init.o
LOAD src/ASF/sam/drivers/pio/pio.o
LOAD src/ASF/sam/drivers/pio/pio_handler.o
LOAD src/ASF/sam/drivers/pmc/pmc.o
LOAD src/ASF/sam/drivers/pmc/sleep.o
LOAD src/ASF/sam/utils/cmsis/sam3x/source/templates/exceptions.o
LOAD src/ASF/sam/utils/cmsis/sam3x/source/templates/gcc/startup_sam3x.o
LOAD src/ASF/sam/utils/cmsis/sam3x/source/templates/system_sam3x.o
LOAD src/ASF/sam/utils/syscalls/gcc/syscalls.o
LOAD src/main.o
START GROUP
LOAD ../src/ASF/thirdparty/CMSIS/Lib/GCC\libarm_cortexM3l_math.a
LOAD c:/program files (x86)/atmel/studio/7.0/toolchain/arm/arm-gnu-toolchain/bin/../lib/gcc/arm-none-eabi/6.3.1/../../../../arm-none-eabi/lib/thumb/v7-m\libm.a
END GROUP
START GROUP
LOAD c:/program files (x86)/atmel/studio/7.0/toolchain/arm/arm-gnu-toolchain/bin/../lib/gcc/arm-none-eabi/6.3.1/thumb/v7-m\libgcc.a
LOAD c:/program files (x86)/atmel/studio/7.0/toolchain/arm/arm-gnu-toolchain/bin/../lib/gcc/arm-none-eabi/6.3.1/../../../../arm-none-eabi/lib/thumb/v7-m\libc.a
END GROUP
LOAD c:/program files (x86)/atmel/studio/7.0/toolchain/arm/arm-gnu-toolchain/bin/../lib/gcc/arm-none-eabi/6.3.1/thumb/v7-m/crtend.o
LOAD c:/program files (x86)/atmel/studio/7.0/toolchain/arm/arm-gnu-toolchain/bin/../lib/gcc/arm-none-eabi/6.3.1/thumb/v7-m/crtn.o
                0x00002000                __stack_size__ = DEFINED (__stack_size__)?__stack_size__:0x2000
                0x20087ffc                __ram_end__ = ((ORIGIN (ram) + LENGTH (ram)) - 0x4)

.text           0x00080000     0x5b94
                0x00080000                . = ALIGN (0x4)
                0x00080000                _sfixed = .
 *(.vectors .vectors.*)
 .vectors       0x00080000       0xf4 src/ASF/sam/utils/cmsis/sam3x/source/templates/gcc/startup_sam3x.o
                0x00080000                exception_table
 *(.text .text.* .gnu.linkonce.t.*)
 .text          0x000800f4       0x6c c:/program files (x86)/atmel/studio/7.0/toolchain/arm/arm-gnu-toolchain/bin/../lib/gcc/arm-none-eabi/6.3.1/thumb/v7-m/crtbegin.o
 .text.adc_init
                0x00080160       0x34 src/ASF/sam/drivers/adc/adc.o
                0x00080160                adc_init
 .text.adc_set_resolution
                0x00080194       0x10 src/ASF/sam/drivers/adc/adc.o
                0x00080194                adc_set_resolution
 .text.adc_configure_trigger
                0x000801a4        0xe src/ASF/sam/drivers/adc/adc.o
                0x000801a4                adc_configure_trigger
 .text.adc_configure_timing
                0x000801b2       0x1c src/ASF/sam/drivers/adc/adc.o
                0x000801b2                adc_configure_timing
 .text.adc_start
                0x000801ce        0x6 src/ASF/sam/drivers/adc/adc.o
                0x000801ce                adc_start
 .text.adc_enable_channel
                0x000801d4        0xa src/ASF/sam/drivers/adc/adc.o
                0x000801d4                adc_enable_channel
 .text.adc_enable_all_channel
                0x000801de        0x8 src/ASF/sam/drivers/adc/adc.o
                0x000801de                adc_enable_all_channel
 *fill*         0x000801e6        0x2 
 .text.pin_mapper
                0x000801e8        0xc src/common/pin_mapper.o
                0x000801e8                pin_mapper
 .text.map_value
                0x000801f4       0x18 src/common/pin_mapper.o
                0x000801f4                map_value
 .text.pwm_set_duty
                0x0008020c       0x1c src/io_control/analog_output.o
                0x0008020c                pwm_set_duty
 .text.pwm_setup
                0x00080228       0x94 src/io_control/analog_output.o
                0x00080228                pwm_setup
 .text.dac_setup
                0x000802bc       0x54 src/io_control/dac.o
                0x000802bc                dac_setup
 .text.dac_write
                0x00080310       0x2c src/io_control/dac.o
                0x00080310                dac_write
 .text.uart_config
                0x0008033c       0x3c src/io_control/io_uart.o
                0x0008033c                uart_config
 .text.uart_transmitter_ready
                0x00080378       0x10 src/io_control/io_uart.o
                0x00080378                uart_transmitter_ready
 .text.uart_receiver_ready
                0x00080388       0x10 src/io_control/io_uart.o
                0x00080388                uart_receiver_ready
 .text.uart_send_char
                0x00080398        0xc src/io_control/io_uart.o
                0x00080398                uart_send_char
 .text.uart_receive_char
                0x000803a4        0xc src/io_control/io_uart.o
                0x000803a4                uart_receive_char
 .text.io_pin_dir
                0x000803b0       0x48 src/matlab_coms/matlab_functions.o
                0x000803b0                io_pin_dir
 .text.io_pin_level
                0x000803f8       0x38 src/matlab_coms/matlab_functions.o
                0x000803f8                io_pin_level
 .text.io_pin_status
                0x00080430       0x30 src/matlab_coms/matlab_functions.o
                0x00080430                io_pin_status
 .text.io_pwm_duty
                0x00080460        0xc src/matlab_coms/matlab_functions.o
                0x00080460                io_pwm_duty
 .text.io_adc_value
                0x0008046c        0xc src/matlab_coms/matlab_functions.o
                0x0008046c                io_adc_value
 .text.send_char_term
                0x00080478       0x2c src/matlab_coms/matlab_functions.o
                0x00080478                send_char_term
 .text.send_char_no_term
                0x000804a4       0x1c src/matlab_coms/matlab_functions.o
                0x000804a4                send_char_no_term
 .text.read_char
                0x000804c0       0x1c src/matlab_coms/matlab_functions.o
                0x000804c0                read_char
 .text.read_when_ready
                0x000804dc       0x18 src/matlab_coms/matlab_functions.o
                0x000804dc                read_when_ready
 .text.send_number
                0x000804f4       0x3c src/matlab_coms/matlab_functions.o
                0x000804f4                send_number
 .text.io_dac_value
                0x00080530        0xc src/matlab_coms/matlab_functions.o
                0x00080530                io_dac_value
 .text.start_coms
                0x0008053c       0xfc src/matlab_coms/matlab_state.o
                0x0008053c                start_coms
 .text.dacc_reset
                0x00080638        0x6 src/ASF/sam/drivers/dacc/dacc.o
                0x00080638                dacc_reset
 .text.dacc_set_transfer_mode
                0x0008063e       0x18 src/ASF/sam/drivers/dacc/dacc.o
                0x0008063e                dacc_set_transfer_mode
 .text.dacc_write_conversion_data
                0x00080656        0x4 src/ASF/sam/drivers/dacc/dacc.o
                0x00080656                dacc_write_conversion_data
 .text.dacc_set_channel_selection
                0x0008065a       0x18 src/ASF/sam/drivers/dacc/dacc.o
                0x0008065a                dacc_set_channel_selection
 .text.dacc_set_timing
                0x00080672       0x2e src/ASF/sam/drivers/dacc/dacc.o
                0x00080672                dacc_set_timing
 .text.dacc_enable_channel
                0x000806a0       0x14 src/ASF/sam/drivers/dacc/dacc.o
                0x000806a0                dacc_enable_channel
 .text.pwm_clocks_generate
                0x000806b4       0x54 src/ASF/sam/drivers/pwm/pwm.o
 .text.pwm_init
                0x00080708       0x44 src/ASF/sam/drivers/pwm/pwm.o
                0x00080708                pwm_init
 .text.pwm_channel_init
                0x0008074c      0x104 src/ASF/sam/drivers/pwm/pwm.o
                0x0008074c                pwm_channel_init
 .text.pwm_channel_update_duty
                0x00080850       0x1c src/ASF/sam/drivers/pwm/pwm.o
                0x00080850                pwm_channel_update_duty
 .text.pwm_channel_enable
                0x0008086c        0xa src/ASF/sam/drivers/pwm/pwm.o
                0x0008086c                pwm_channel_enable
 .text.pwm_channel_disable
                0x00080876        0xa src/ASF/sam/drivers/pwm/pwm.o
                0x00080876                pwm_channel_disable
 .text.init_adc
                0x00080880       0x7c src/io_control/adc.o
                0x00080880                init_adc
 .text.read_adc_value
                0x000808fc       0x20 src/io_control/adc.o
                0x000808fc                read_adc_value
 .text.sysclk_init
                0x0008091c       0x64 src/ASF/common/services/clock/sam3x/sysclk.o
                0x0008091c                sysclk_init
 .text.board_init
                0x00080980       0x80 src/ASF/sam/boards/arduino_due_x/init.o
                0x00080980                board_init
 .text.pio_set_peripheral
                0x00080a00       0x3e src/ASF/sam/drivers/pio/pio.o
                0x00080a00                pio_set_peripheral
 .text.pio_set_input
                0x00080a3e       0x32 src/ASF/sam/drivers/pio/pio.o
                0x00080a3e                pio_set_input
 .text.pio_set_output
                0x00080a70       0x26 src/ASF/sam/drivers/pio/pio.o
                0x00080a70                pio_set_output
 .text.pio_get_interrupt_status
                0x00080a96        0x4 src/ASF/sam/drivers/pio/pio.o
                0x00080a96                pio_get_interrupt_status
 .text.pio_get_interrupt_mask
                0x00080a9a        0x4 src/ASF/sam/drivers/pio/pio.o
                0x00080a9a                pio_get_interrupt_mask
 *fill*         0x00080a9e        0x2 
 .text.pio_configure_pin
                0x00080aa0       0xd0 src/ASF/sam/drivers/pio/pio.o
                0x00080aa0                pio_configure_pin
 .text.pio_configure_pin_group
                0x00080b70       0x9c src/ASF/sam/drivers/pio/pio.o
                0x00080b70                pio_configure_pin_group
 .text.pio_handler_process
                0x00080c0c       0x50 src/ASF/sam/drivers/pio/pio_handler.o
                0x00080c0c                pio_handler_process
 .text.PIOA_Handler
                0x00080c5c       0x14 src/ASF/sam/drivers/pio/pio_handler.o
                0x00080c5c                PIOA_Handler
 .text.PIOB_Handler
                0x00080c70       0x14 src/ASF/sam/drivers/pio/pio_handler.o
                0x00080c70                PIOB_Handler
 .text.PIOC_Handler
                0x00080c84       0x14 src/ASF/sam/drivers/pio/pio_handler.o
                0x00080c84                PIOC_Handler
 .text.PIOD_Handler
                0x00080c98       0x14 src/ASF/sam/drivers/pio/pio_handler.o
                0x00080c98                PIOD_Handler
 .text.pmc_switch_mck_to_pllack
                0x00080cac       0x64 src/ASF/sam/drivers/pmc/pmc.o
                0x00080cac                pmc_switch_mck_to_pllack
 .text.pmc_switch_mainck_to_xtal
                0x00080d10       0x54 src/ASF/sam/drivers/pmc/pmc.o
                0x00080d10                pmc_switch_mainck_to_xtal
 .text.pmc_osc_is_ready_mainck
                0x00080d64       0x10 src/ASF/sam/drivers/pmc/pmc.o
                0x00080d64                pmc_osc_is_ready_mainck
 .text.pmc_disable_pllack
                0x00080d74       0x10 src/ASF/sam/drivers/pmc/pmc.o
                0x00080d74                pmc_disable_pllack
 .text.pmc_is_locked_pllack
                0x00080d84       0x10 src/ASF/sam/drivers/pmc/pmc.o
                0x00080d84                pmc_is_locked_pllack
 .text.pmc_enable_periph_clk
                0x00080d94       0x54 src/ASF/sam/drivers/pmc/pmc.o
                0x00080d94                pmc_enable_periph_clk
 .text.Dummy_Handler
                0x00080de8        0x2 src/ASF/sam/utils/cmsis/sam3x/source/templates/exceptions.o
                0x00080de8                DACC_Handler
                0x00080de8                DebugMon_Handler
                0x00080de8                DMAC_Handler
                0x00080de8                TRNG_Handler
                0x00080de8                HardFault_Handler
                0x00080de8                TC2_Handler
                0x00080de8                SysTick_Handler
                0x00080de8                USART3_Handler
                0x00080de8                TWI1_Handler
                0x00080de8                PendSV_Handler
                0x00080de8                NMI_Handler
                0x00080de8                TC7_Handler
                0x00080de8                ADC_Handler
                0x00080de8                SMC_Handler
                0x00080de8                USART0_Handler
                0x00080de8                RTT_Handler
                0x00080de8                EFC1_Handler
                0x00080de8                RTC_Handler
                0x00080de8                UsageFault_Handler
                0x00080de8                TC6_Handler
                0x00080de8                WDT_Handler
                0x00080de8                CAN0_Handler
                0x00080de8                TC4_Handler
                0x00080de8                TC1_Handler
                0x00080de8                HSMCI_Handler
                0x00080de8                TC3_Handler
                0x00080de8                Dummy_Handler
                0x00080de8                TWI0_Handler
                0x00080de8                USART1_Handler
                0x00080de8                SSC_Handler
                0x00080de8                EFC0_Handler
                0x00080de8                PMC_Handler
                0x00080de8                PWM_Handler
                0x00080de8                CAN1_Handler
                0x00080de8                MemManage_Handler
                0x00080de8                SUPC_Handler
                0x00080de8                SVC_Handler
                0x00080de8                TC8_Handler
                0x00080de8                USART2_Handler
                0x00080de8                EMAC_Handler
                0x00080de8                UART_Handler
                0x00080de8                BusFault_Handler
                0x00080de8                RSTC_Handler
                0x00080de8                TC0_Handler
                0x00080de8                TC5_Handler
                0x00080de8                UOTGHS_Handler
                0x00080de8                SPI0_Handler
 *fill*         0x00080dea        0x2 
 .text.Reset_Handler
                0x00080dec       0x98 src/ASF/sam/utils/cmsis/sam3x/source/templates/gcc/startup_sam3x.o
                0x00080dec                Reset_Handler
 .text.SystemCoreClockUpdate
                0x00080e84      0x118 src/ASF/sam/utils/cmsis/sam3x/source/templates/system_sam3x.o
                0x00080e84                SystemCoreClockUpdate
 .text._sbrk    0x00080f9c       0x38 src/ASF/sam/utils/syscalls/gcc/syscalls.o
                0x00080f9c                _sbrk
 .text.main     0x00080fd4       0x44 src/main.o
                0x00080fd4                main
 .text.__libc_init_array
                0x00081018       0x50 c:/program files (x86)/atmel/studio/7.0/toolchain/arm/arm-gnu-toolchain/bin/../lib/gcc/arm-none-eabi/6.3.1/../../../../arm-none-eabi/lib/thumb/v7-m\libc.a(lib_a-init.o)
                0x00081018                __libc_init_array
 .text.memset   0x00081068       0x9c c:/program files (x86)/atmel/studio/7.0/toolchain/arm/arm-gnu-toolchain/bin/../lib/gcc/arm-none-eabi/6.3.1/../../../../arm-none-eabi/lib/thumb/v7-m\libc.a(lib_a-memset.o)
                0x00081068                memset
 .text.sprintf  0x00081104       0x4c c:/program files (x86)/atmel/studio/7.0/toolchain/arm/arm-gnu-toolchain/bin/../lib/gcc/arm-none-eabi/6.3.1/../../../../arm-none-eabi/lib/thumb/v7-m\libc.a(lib_a-sprintf.o)
                0x00081104                sprintf
 .text.strlen   0x00081150       0x5c c:/program files (x86)/atmel/studio/7.0/toolchain/arm/arm-gnu-toolchain/bin/../lib/gcc/arm-none-eabi/6.3.1/../../../../arm-none-eabi/lib/thumb/v7-m\libc.a(lib_a-strlen-stub.o)
                0x00081150                strlen
 .text._svfprintf_r
                0x000811ac     0x1500 c:/program files (x86)/atmel/studio/7.0/toolchain/arm/arm-gnu-toolchain/bin/../lib/gcc/arm-none-eabi/6.3.1/../../../../arm-none-eabi/lib/thumb/v7-m\libc.a(lib_a-svfprintf.o)
                0x000811ac                _svfprintf_r
 .text.startup.register_fini
                0x000826ac       0x14 c:/program files (x86)/atmel/studio/7.0/toolchain/arm/arm-gnu-toolchain/bin/../lib/gcc/arm-none-eabi/6.3.1/../../../../arm-none-eabi/lib/thumb/v7-m\libc.a(lib_a-__call_atexit.o)
 .text.atexit   0x000826c0        0xc c:/program files (x86)/atmel/studio/7.0/toolchain/arm/arm-gnu-toolchain/bin/../lib/gcc/arm-none-eabi/6.3.1/../../../../arm-none-eabi/lib/thumb/v7-m\libc.a(lib_a-atexit.o)
                0x000826c0                atexit
 .text.quorem   0x000826cc      0x128 c:/program files (x86)/atmel/studio/7.0/toolchain/arm/arm-gnu-toolchain/bin/../lib/gcc/arm-none-eabi/6.3.1/../../../../arm-none-eabi/lib/thumb/v7-m\libc.a(lib_a-dtoa.o)
 *fill*         0x000827f4        0x4 
 .text._dtoa_r  0x000827f8      0xe44 c:/program files (x86)/atmel/studio/7.0/toolchain/arm/arm-gnu-toolchain/bin/../lib/gcc/arm-none-eabi/6.3.1/../../../../arm-none-eabi/lib/thumb/v7-m\libc.a(lib_a-dtoa.o)
                0x000827f8                _dtoa_r
 .text.__libc_fini_array
                0x0008363c       0x34 c:/program files (x86)/atmel/studio/7.0/toolchain/arm/arm-gnu-toolchain/bin/../lib/gcc/arm-none-eabi/6.3.1/../../../../arm-none-eabi/lib/thumb/v7-m\libc.a(lib_a-fini.o)
                0x0008363c                __libc_fini_array
 .text._malloc_trim_r
                0x00083670       0xa0 c:/program files (x86)/atmel/studio/7.0/toolchain/arm/arm-gnu-toolchain/bin/../lib/gcc/arm-none-eabi/6.3.1/../../../../arm-none-eabi/lib/thumb/v7-m\libc.a(lib_a-freer.o)
                0x00083670                _malloc_trim_r
 .text._free_r  0x00083710      0x1cc c:/program files (x86)/atmel/studio/7.0/toolchain/arm/arm-gnu-toolchain/bin/../lib/gcc/arm-none-eabi/6.3.1/../../../../arm-none-eabi/lib/thumb/v7-m\libc.a(lib_a-freer.o)
                0x00083710                _free_r
 .text._localeconv_r
                0x000838dc       0x1c c:/program files (x86)/atmel/studio/7.0/toolchain/arm/arm-gnu-toolchain/bin/../lib/gcc/arm-none-eabi/6.3.1/../../../../arm-none-eabi/lib/thumb/v7-m\libc.a(lib_a-localeconv.o)
                0x000838dc                _localeconv_r
 .text.__retarget_lock_acquire_recursive
                0x000838f8        0x4 c:/program files (x86)/atmel/studio/7.0/toolchain/arm/arm-gnu-toolchain/bin/../lib/gcc/arm-none-eabi/6.3.1/../../../../arm-none-eabi/lib/thumb/v7-m\libc.a(lib_a-lock.o)
                0x000838f8                __retarget_lock_acquire_recursive
 .text.__retarget_lock_release_recursive
                0x000838fc        0x4 c:/program files (x86)/atmel/studio/7.0/toolchain/arm/arm-gnu-toolchain/bin/../lib/gcc/arm-none-eabi/6.3.1/../../../../arm-none-eabi/lib/thumb/v7-m\libc.a(lib_a-lock.o)
                0x000838fc                __retarget_lock_release_recursive
 .text._malloc_r
                0x00083900      0x544 c:/program files (x86)/atmel/studio/7.0/toolchain/arm/arm-gnu-toolchain/bin/../lib/gcc/arm-none-eabi/6.3.1/../../../../arm-none-eabi/lib/thumb/v7-m\libc.a(lib_a-mallocr.o)
                0x00083900                _malloc_r
 .text.__ascii_mbtowc
                0x00083e44       0x2c c:/program files (x86)/atmel/studio/7.0/toolchain/arm/arm-gnu-toolchain/bin/../lib/gcc/arm-none-eabi/6.3.1/../../../../arm-none-eabi/lib/thumb/v7-m\libc.a(lib_a-mbtowc_r.o)
                0x00083e44                __ascii_mbtowc
 .text.memchr   0x00083e70       0x8c c:/program files (x86)/atmel/studio/7.0/toolchain/arm/arm-gnu-toolchain/bin/../lib/gcc/arm-none-eabi/6.3.1/../../../../arm-none-eabi/lib/thumb/v7-m\libc.a(lib_a-memchr-stub.o)
                0x00083e70                memchr
 .text          0x00083efc       0xec c:/program files (x86)/atmel/studio/7.0/toolchain/arm/arm-gnu-toolchain/bin/../lib/gcc/arm-none-eabi/6.3.1/../../../../arm-none-eabi/lib/thumb/v7-m\libc.a(lib_a-memcpy.o)
                0x00083efc                memcpy
 .text.memmove  0x00083fe8       0xc8 c:/program files (x86)/atmel/studio/7.0/toolchain/arm/arm-gnu-toolchain/bin/../lib/gcc/arm-none-eabi/6.3.1/../../../../arm-none-eabi/lib/thumb/v7-m\libc.a(lib_a-memmove.o)
                0x00083fe8                memmove
 .text.__malloc_lock
                0x000840b0        0xc c:/program files (x86)/atmel/studio/7.0/toolchain/arm/arm-gnu-toolchain/bin/../lib/gcc/arm-none-eabi/6.3.1/../../../../arm-none-eabi/lib/thumb/v7-m\libc.a(lib_a-mlock.o)
                0x000840b0                __malloc_lock
 .text.__malloc_unlock
                0x000840bc        0xc c:/program files (x86)/atmel/studio/7.0/toolchain/arm/arm-gnu-toolchain/bin/../lib/gcc/arm-none-eabi/6.3.1/../../../../arm-none-eabi/lib/thumb/v7-m\libc.a(lib_a-mlock.o)
                0x000840bc                __malloc_unlock
 .text._Balloc  0x000840c8       0x4c c:/program files (x86)/atmel/studio/7.0/toolchain/arm/arm-gnu-toolchain/bin/../lib/gcc/arm-none-eabi/6.3.1/../../../../arm-none-eabi/lib/thumb/v7-m\libc.a(lib_a-mprec.o)
                0x000840c8                _Balloc
 .text._Bfree   0x00084114       0x14 c:/program files (x86)/atmel/studio/7.0/toolchain/arm/arm-gnu-toolchain/bin/../lib/gcc/arm-none-eabi/6.3.1/../../../../arm-none-eabi/lib/thumb/v7-m\libc.a(lib_a-mprec.o)
                0x00084114                _Bfree
 .text.__multadd
                0x00084128       0x84 c:/program files (x86)/atmel/studio/7.0/toolchain/arm/arm-gnu-toolchain/bin/../lib/gcc/arm-none-eabi/6.3.1/../../../../arm-none-eabi/lib/thumb/v7-m\libc.a(lib_a-mprec.o)
                0x00084128                __multadd
 .text.__hi0bits
                0x000841ac       0x40 c:/program files (x86)/atmel/studio/7.0/toolchain/arm/arm-gnu-toolchain/bin/../lib/gcc/arm-none-eabi/6.3.1/../../../../arm-none-eabi/lib/thumb/v7-m\libc.a(lib_a-mprec.o)
                0x000841ac                __hi0bits
 .text.__lo0bits
                0x000841ec       0x60 c:/program files (x86)/atmel/studio/7.0/toolchain/arm/arm-gnu-toolchain/bin/../lib/gcc/arm-none-eabi/6.3.1/../../../../arm-none-eabi/lib/thumb/v7-m\libc.a(lib_a-mprec.o)
                0x000841ec                __lo0bits
 .text.__i2b    0x0008424c       0x14 c:/program files (x86)/atmel/studio/7.0/toolchain/arm/arm-gnu-toolchain/bin/../lib/gcc/arm-none-eabi/6.3.1/../../../../arm-none-eabi/lib/thumb/v7-m\libc.a(lib_a-mprec.o)
                0x0008424c                __i2b
 .text.__multiply
                0x00084260      0x124 c:/program files (x86)/atmel/studio/7.0/toolchain/arm/arm-gnu-toolchain/bin/../lib/gcc/arm-none-eabi/6.3.1/../../../../arm-none-eabi/lib/thumb/v7-m\libc.a(lib_a-mprec.o)
                0x00084260                __multiply
 .text.__pow5mult
                0x00084384       0xa0 c:/program files (x86)/atmel/studio/7.0/toolchain/arm/arm-gnu-toolchain/bin/../lib/gcc/arm-none-eabi/6.3.1/../../../../arm-none-eabi/lib/thumb/v7-m\libc.a(lib_a-mprec.o)
                0x00084384                __pow5mult
 .text.__lshift
                0x00084424       0xa0 c:/program files (x86)/atmel/studio/7.0/toolchain/arm/arm-gnu-toolchain/bin/../lib/gcc/arm-none-eabi/6.3.1/../../../../arm-none-eabi/lib/thumb/v7-m\libc.a(lib_a-mprec.o)
                0x00084424                __lshift
 .text.__mcmp   0x000844c4       0x38 c:/program files (x86)/atmel/studio/7.0/toolchain/arm/arm-gnu-toolchain/bin/../lib/gcc/arm-none-eabi/6.3.1/../../../../arm-none-eabi/lib/thumb/v7-m\libc.a(lib_a-mprec.o)
                0x000844c4                __mcmp
 .text.__mdiff  0x000844fc      0x11c c:/program files (x86)/atmel/studio/7.0/toolchain/arm/arm-gnu-toolchain/bin/../lib/gcc/arm-none-eabi/6.3.1/../../../../arm-none-eabi/lib/thumb/v7-m\libc.a(lib_a-mprec.o)
                0x000844fc                __mdiff
 .text.__d2b    0x00084618       0xa8 c:/program files (x86)/atmel/studio/7.0/toolchain/arm/arm-gnu-toolchain/bin/../lib/gcc/arm-none-eabi/6.3.1/../../../../arm-none-eabi/lib/thumb/v7-m\libc.a(lib_a-mprec.o)
                0x00084618                __d2b
 .text._realloc_r
                0x000846c0      0x36c c:/program files (x86)/atmel/studio/7.0/toolchain/arm/arm-gnu-toolchain/bin/../lib/gcc/arm-none-eabi/6.3.1/../../../../arm-none-eabi/lib/thumb/v7-m\libc.a(lib_a-reallocr.o)
                0x000846c0                _realloc_r
 .text._sbrk_r  0x00084a2c       0x24 c:/program files (x86)/atmel/studio/7.0/toolchain/arm/arm-gnu-toolchain/bin/../lib/gcc/arm-none-eabi/6.3.1/../../../../arm-none-eabi/lib/thumb/v7-m\libc.a(lib_a-sbrkr.o)
                0x00084a2c                _sbrk_r
 .text.__ssprint_r
                0x00084a50       0xfc c:/program files (x86)/atmel/studio/7.0/toolchain/arm/arm-gnu-toolchain/bin/../lib/gcc/arm-none-eabi/6.3.1/../../../../arm-none-eabi/lib/thumb/v7-m\libc.a(lib_a-svfiprintf.o)
                0x00084a50                __ssprint_r
 .text.__ascii_wctomb
                0x00084b4c       0x18 c:/program files (x86)/atmel/studio/7.0/toolchain/arm/arm-gnu-toolchain/bin/../lib/gcc/arm-none-eabi/6.3.1/../../../../arm-none-eabi/lib/thumb/v7-m\libc.a(lib_a-wctomb_r.o)
                0x00084b4c                __ascii_wctomb
 .text.__register_exitproc
                0x00084b64       0xc4 c:/program files (x86)/atmel/studio/7.0/toolchain/arm/arm-gnu-toolchain/bin/../lib/gcc/arm-none-eabi/6.3.1/../../../../arm-none-eabi/lib/thumb/v7-m\libc.a(lib_a-__atexit.o)
                0x00084b64                __register_exitproc
 .text._calloc_r
                0x00084c28       0x60 c:/program files (x86)/atmel/studio/7.0/toolchain/arm/arm-gnu-toolchain/bin/../lib/gcc/arm-none-eabi/6.3.1/../../../../arm-none-eabi/lib/thumb/v7-m\libc.a(lib_a-callocr.o)
                0x00084c28                _calloc_r
 .text          0x00084c88      0x370 c:/program files (x86)/atmel/studio/7.0/toolchain/arm/arm-gnu-toolchain/bin/../lib/gcc/arm-none-eabi/6.3.1/thumb/v7-m\libgcc.a(_arm_addsubdf3.o)
                0x00084c88                __aeabi_drsub
                0x00084c90                __aeabi_dsub
                0x00084c90                __subdf3
                0x00084c94                __aeabi_dadd
                0x00084c94                __adddf3
                0x00084f0c                __floatunsidf
                0x00084f0c                __aeabi_ui2d
                0x00084f2c                __floatsidf
                0x00084f2c                __aeabi_i2d
                0x00084f50                __aeabi_f2d
                0x00084f50                __extendsfdf2
                0x00084f8c                __floatundidf
                0x00084f8c                __aeabi_ul2d
                0x00084f9c                __floatdidf
                0x00084f9c                __aeabi_l2d
 .text          0x00084ff8      0x424 c:/program files (x86)/atmel/studio/7.0/toolchain/arm/arm-gnu-toolchain/bin/../lib/gcc/arm-none-eabi/6.3.1/thumb/v7-m\libgcc.a(_arm_muldivdf3.o)
                0x00084ff8                __aeabi_dmul
                0x00084ff8                __muldf3
                0x0008524c                __divdf3
                0x0008524c                __aeabi_ddiv
 .text          0x0008541c      0x110 c:/program files (x86)/atmel/studio/7.0/toolchain/arm/arm-gnu-toolchain/bin/../lib/gcc/arm-none-eabi/6.3.1/thumb/v7-m\libgcc.a(_arm_cmpdf2.o)
                0x0008541c                __gtdf2
                0x0008541c                __gedf2
                0x00085424                __ltdf2
                0x00085424                __ledf2
                0x0008542c                __nedf2
                0x0008542c                __eqdf2
                0x0008542c                __cmpdf2
                0x000854a8                __aeabi_cdrcmple
                0x000854b8                __aeabi_cdcmpeq
                0x000854b8                __aeabi_cdcmple
                0x000854c8                __aeabi_dcmpeq
                0x000854dc                __aeabi_dcmplt
                0x000854f0                __aeabi_dcmple
                0x00085504                __aeabi_dcmpge
                0x00085518                __aeabi_dcmpgt
 .text          0x0008552c       0x2c c:/program files (x86)/atmel/studio/7.0/toolchain/arm/arm-gnu-toolchain/bin/../lib/gcc/arm-none-eabi/6.3.1/thumb/v7-m\libgcc.a(_arm_unorddf2.o)
                0x0008552c                __unorddf2
                0x0008552c                __aeabi_dcmpun
 .text          0x00085558       0x50 c:/program files (x86)/atmel/studio/7.0/toolchain/arm/arm-gnu-toolchain/bin/../lib/gcc/arm-none-eabi/6.3.1/thumb/v7-m\libgcc.a(_arm_fixdfsi.o)
                0x00085558                __aeabi_d2iz
                0x00085558                __fixdfsi
 .text          0x000855a8       0x30 c:/program files (x86)/atmel/studio/7.0/toolchain/arm/arm-gnu-toolchain/bin/../lib/gcc/arm-none-eabi/6.3.1/thumb/v7-m\libgcc.a(_aeabi_uldivmod.o)
                0x000855a8                __aeabi_uldivmod
 .text          0x000855d8      0x2dc c:/program files (x86)/atmel/studio/7.0/toolchain/arm/arm-gnu-toolchain/bin/../lib/gcc/arm-none-eabi/6.3.1/thumb/v7-m\libgcc.a(_udivmoddi4.o)
                0x000855d8                __udivmoddi4
 .text          0x000858b4        0x4 c:/program files (x86)/atmel/studio/7.0/toolchain/arm/arm-gnu-toolchain/bin/../lib/gcc/arm-none-eabi/6.3.1/thumb/v7-m\libgcc.a(_dvmd_tls.o)
                0x000858b4                __aeabi_idiv0
                0x000858b4                __aeabi_ldiv0
 *(.glue_7t)
 .glue_7t       0x000858b8        0x0 linker stubs
 *(.glue_7)
 .glue_7        0x000858b8        0x0 linker stubs
 *(.rodata .rodata* .gnu.linkonce.r.*)
 .rodata.send_number.str1.4
                0x000858b8        0x3 src/matlab_coms/matlab_functions.o
 *fill*         0x000858bb        0x1 
 .rodata        0x000858bc       0x2c src/ASF/sam/drivers/pwm/pwm.o
 .rodata._global_impure_ptr
                0x000858e8        0x4 c:/program files (x86)/atmel/studio/7.0/toolchain/arm/arm-gnu-toolchain/bin/../lib/gcc/arm-none-eabi/6.3.1/../../../../arm-none-eabi/lib/thumb/v7-m\libc.a(lib_a-impure.o)
                0x000858e8                _global_impure_ptr
 .rodata._svfprintf_r.str1.4
                0x000858ec       0x42 c:/program files (x86)/atmel/studio/7.0/toolchain/arm/arm-gnu-toolchain/bin/../lib/gcc/arm-none-eabi/6.3.1/../../../../arm-none-eabi/lib/thumb/v7-m\libc.a(lib_a-svfprintf.o)
 *fill*         0x0008592e        0x2 
 .rodata.blanks.7223
                0x00085930       0x10 c:/program files (x86)/atmel/studio/7.0/toolchain/arm/arm-gnu-toolchain/bin/../lib/gcc/arm-none-eabi/6.3.1/../../../../arm-none-eabi/lib/thumb/v7-m\libc.a(lib_a-svfprintf.o)
 .rodata.zeroes.7224
                0x00085940       0x10 c:/program files (x86)/atmel/studio/7.0/toolchain/arm/arm-gnu-toolchain/bin/../lib/gcc/arm-none-eabi/6.3.1/../../../../arm-none-eabi/lib/thumb/v7-m\libc.a(lib_a-svfprintf.o)
 .rodata._dtoa_r.str1.4
                0x00085950       0x10 c:/program files (x86)/atmel/studio/7.0/toolchain/arm/arm-gnu-toolchain/bin/../lib/gcc/arm-none-eabi/6.3.1/../../../../arm-none-eabi/lib/thumb/v7-m\libc.a(lib_a-dtoa.o)
                                 0x12 (size before relaxing)
 .rodata._setlocale_r.str1.4
                0x00085960        0xa c:/program files (x86)/atmel/studio/7.0/toolchain/arm/arm-gnu-toolchain/bin/../lib/gcc/arm-none-eabi/6.3.1/../../../../arm-none-eabi/lib/thumb/v7-m\libc.a(lib_a-locale.o)
                                  0xd (size before relaxing)
 *fill*         0x0008596a        0x2 
 .rodata.str1.4
                0x0008596c        0x4 c:/program files (x86)/atmel/studio/7.0/toolchain/arm/arm-gnu-toolchain/bin/../lib/gcc/arm-none-eabi/6.3.1/../../../../arm-none-eabi/lib/thumb/v7-m\libc.a(lib_a-locale.o)
                                  0x2 (size before relaxing)
 .rodata.__mprec_bigtens
                0x00085970       0x28 c:/program files (x86)/atmel/studio/7.0/toolchain/arm/arm-gnu-toolchain/bin/../lib/gcc/arm-none-eabi/6.3.1/../../../../arm-none-eabi/lib/thumb/v7-m\libc.a(lib_a-mprec.o)
                0x00085970                __mprec_bigtens
 .rodata.__mprec_tens
                0x00085998       0xc8 c:/program files (x86)/atmel/studio/7.0/toolchain/arm/arm-gnu-toolchain/bin/../lib/gcc/arm-none-eabi/6.3.1/../../../../arm-none-eabi/lib/thumb/v7-m\libc.a(lib_a-mprec.o)
                0x00085998                __mprec_tens
 .rodata.p05.6055
                0x00085a60        0xc c:/program files (x86)/atmel/studio/7.0/toolchain/arm/arm-gnu-toolchain/bin/../lib/gcc/arm-none-eabi/6.3.1/../../../../arm-none-eabi/lib/thumb/v7-m\libc.a(lib_a-mprec.o)
 .rodata._ctype_
                0x00085a6c      0x101 c:/program files (x86)/atmel/studio/7.0/toolchain/arm/arm-gnu-toolchain/bin/../lib/gcc/arm-none-eabi/6.3.1/../../../../arm-none-eabi/lib/thumb/v7-m\libc.a(lib_a-ctype_.o)
                0x00085a6c                _ctype_
 *(.ARM.extab* .gnu.linkonce.armextab.*)
                0x00085b70                . = ALIGN (0x4)
 *fill*         0x00085b6d        0x3 
 *(.init)
 .init          0x00085b70        0x4 c:/program files (x86)/atmel/studio/7.0/toolchain/arm/arm-gnu-toolchain/bin/../lib/gcc/arm-none-eabi/6.3.1/thumb/v7-m/crti.o
                0x00085b70                _init
 .init          0x00085b74        0x8 c:/program files (x86)/atmel/studio/7.0/toolchain/arm/arm-gnu-toolchain/bin/../lib/gcc/arm-none-eabi/6.3.1/thumb/v7-m/crtn.o
                0x00085b7c                . = ALIGN (0x4)
                0x00085b7c                __preinit_array_start = .
 *(.preinit_array)
                0x00085b7c                __preinit_array_end = .
                0x00085b7c                . = ALIGN (0x4)
                0x00085b7c                __init_array_start = .
 *(SORT(.init_array.*))
 .init_array.00000
                0x00085b7c        0x4 c:/program files (x86)/atmel/studio/7.0/toolchain/arm/arm-gnu-toolchain/bin/../lib/gcc/arm-none-eabi/6.3.1/../../../../arm-none-eabi/lib/thumb/v7-m\libc.a(lib_a-__call_atexit.o)
 *(.init_array)
 .init_array    0x00085b80        0x4 c:/program files (x86)/atmel/studio/7.0/toolchain/arm/arm-gnu-toolchain/bin/../lib/gcc/arm-none-eabi/6.3.1/thumb/v7-m/crtbegin.o
                0x00085b84                __init_array_end = .
                0x00085b84                . = ALIGN (0x4)
 *crtbegin.o(.ctors)
 *(EXCLUDE_FILE(*crtend.o) .ctors)
 *(SORT(.ctors.*))
 *crtend.o(.ctors)
                0x00085b84                . = ALIGN (0x4)
 *(.fini)
 .fini          0x00085b84        0x4 c:/program files (x86)/atmel/studio/7.0/toolchain/arm/arm-gnu-toolchain/bin/../lib/gcc/arm-none-eabi/6.3.1/thumb/v7-m/crti.o
                0x00085b84                _fini
 .fini          0x00085b88        0x8 c:/program files (x86)/atmel/studio/7.0/toolchain/arm/arm-gnu-toolchain/bin/../lib/gcc/arm-none-eabi/6.3.1/thumb/v7-m/crtn.o
                0x00085b90                . = ALIGN (0x4)
                0x00085b90                __fini_array_start = .
 *(.fini_array)
 .fini_array    0x00085b90        0x4 c:/program files (x86)/atmel/studio/7.0/toolchain/arm/arm-gnu-toolchain/bin/../lib/gcc/arm-none-eabi/6.3.1/thumb/v7-m/crtbegin.o
 *(SORT(.fini_array.*))
                0x00085b94                __fini_array_end = .
 *crtbegin.o(.dtors)
 *(EXCLUDE_FILE(*crtend.o) .dtors)
 *(SORT(.dtors.*))
 *crtend.o(.dtors)
                0x00085b94                . = ALIGN (0x4)
                0x00085b94                _efixed = .
                [!provide]                PROVIDE (__exidx_start, .)

.vfp11_veneer   0x00085b94        0x0
 .vfp11_veneer  0x00085b94        0x0 linker stubs

.v4_bx          0x00085b94        0x0
 .v4_bx         0x00085b94        0x0 linker stubs

.iplt           0x00085b94        0x0
 .iplt          0x00085b94        0x0 c:/program files (x86)/atmel/studio/7.0/toolchain/arm/arm-gnu-toolchain/bin/../lib/gcc/arm-none-eabi/6.3.1/thumb/v7-m/crtbegin.o

.ARM.exidx      0x00085b94        0x8
 *(.ARM.exidx* .gnu.linkonce.armexidx.*)
 .ARM.exidx     0x00085b94        0x8 c:/program files (x86)/atmel/studio/7.0/toolchain/arm/arm-gnu-toolchain/bin/../lib/gcc/arm-none-eabi/6.3.1/thumb/v7-m\libgcc.a(_udivmoddi4.o)
                [!provide]                PROVIDE (__exidx_end, .)

.eh_frame       0x00085b9c        0x0
 .eh_frame      0x00085b9c        0x0 c:/program files (x86)/atmel/studio/7.0/toolchain/arm/arm-gnu-toolchain/bin/../lib/gcc/arm-none-eabi/6.3.1/thumb/v7-m/crtbegin.o

.rel.dyn        0x00085b9c        0x0
 .rel.iplt      0x00085b9c        0x0 c:/program files (x86)/atmel/studio/7.0/toolchain/arm/arm-gnu-toolchain/bin/../lib/gcc/arm-none-eabi/6.3.1/thumb/v7-m/crtbegin.o

.jcr            0x00085b9c        0x0
 .jcr           0x00085b9c        0x0 c:/program files (x86)/atmel/studio/7.0/toolchain/arm/arm-gnu-toolchain/bin/../lib/gcc/arm-none-eabi/6.3.1/thumb/v7-m/crtbegin.o

.igot.plt       0x00085b9c        0x0
 .igot.plt      0x00085b9c        0x0 c:/program files (x86)/atmel/studio/7.0/toolchain/arm/arm-gnu-toolchain/bin/../lib/gcc/arm-none-eabi/6.3.1/thumb/v7-m/crtbegin.o
                0x00085b9c                . = ALIGN (0x4)
                0x00085b9c                _etext = .

.relocate       0x20070000      0xb20 load address 0x00085b9c
                0x20070000                . = ALIGN (0x4)
                0x20070000                _srelocate = .
 *(.ramfunc .ramfunc.*)
 .ramfunc       0x20070000      0x12c src/ASF/sam/utils/cmsis/sam3x/source/templates/system_sam3x.o
                0x20070000                SystemInit
                0x200700a4                system_init_flash
 *(.data .data.*)
 .data.pin_table
                0x2007012c       0x42 src/common/pin_mapper.o
                0x2007012c                pin_table
 *fill*         0x2007016e        0x2 
 .data.SystemCoreClock
                0x20070170        0x4 src/ASF/sam/utils/cmsis/sam3x/source/templates/system_sam3x.o
                0x20070170                SystemCoreClock
 .data._impure_ptr
                0x20070174        0x4 c:/program files (x86)/atmel/studio/7.0/toolchain/arm/arm-gnu-toolchain/bin/../lib/gcc/arm-none-eabi/6.3.1/../../../../arm-none-eabi/lib/thumb/v7-m\libc.a(lib_a-impure.o)
                0x20070174                _impure_ptr
 .data.impure_data
                0x20070178      0x428 c:/program files (x86)/atmel/studio/7.0/toolchain/arm/arm-gnu-toolchain/bin/../lib/gcc/arm-none-eabi/6.3.1/../../../../arm-none-eabi/lib/thumb/v7-m\libc.a(lib_a-impure.o)
 .data.__atexit_recursive_mutex
                0x200705a0        0x4 c:/program files (x86)/atmel/studio/7.0/toolchain/arm/arm-gnu-toolchain/bin/../lib/gcc/arm-none-eabi/6.3.1/../../../../arm-none-eabi/lib/thumb/v7-m\libc.a(lib_a-__call_atexit.o)
                0x200705a0                __atexit_recursive_mutex
 .data.__global_locale
                0x200705a4      0x16c c:/program files (x86)/atmel/studio/7.0/toolchain/arm/arm-gnu-toolchain/bin/../lib/gcc/arm-none-eabi/6.3.1/../../../../arm-none-eabi/lib/thumb/v7-m\libc.a(lib_a-locale.o)
                0x200705a4                __global_locale
 .data.__malloc_av_
                0x20070710      0x408 c:/program files (x86)/atmel/studio/7.0/toolchain/arm/arm-gnu-toolchain/bin/../lib/gcc/arm-none-eabi/6.3.1/../../../../arm-none-eabi/lib/thumb/v7-m\libc.a(lib_a-mallocr.o)
                0x20070710                __malloc_av_
 .data.__malloc_sbrk_base
                0x20070b18        0x4 c:/program files (x86)/atmel/studio/7.0/toolchain/arm/arm-gnu-toolchain/bin/../lib/gcc/arm-none-eabi/6.3.1/../../../../arm-none-eabi/lib/thumb/v7-m\libc.a(lib_a-mallocr.o)
                0x20070b18                __malloc_sbrk_base
 .data.__malloc_trim_threshold
                0x20070b1c        0x4 c:/program files (x86)/atmel/studio/7.0/toolchain/arm/arm-gnu-toolchain/bin/../lib/gcc/arm-none-eabi/6.3.1/../../../../arm-none-eabi/lib/thumb/v7-m\libc.a(lib_a-mallocr.o)
                0x20070b1c                __malloc_trim_threshold
                0x20070b20                . = ALIGN (0x4)
                0x20070b20                _erelocate = .

.bss            0x20070b20      0x114 load address 0x000866bc
                0x20070b20                . = ALIGN (0x4)
                0x20070b20                _sbss = .
                0x20070b20                _szero = .
 *(.bss .bss.*)
 .bss           0x20070b20       0x1c c:/program files (x86)/atmel/studio/7.0/toolchain/arm/arm-gnu-toolchain/bin/../lib/gcc/arm-none-eabi/6.3.1/thumb/v7-m/crtbegin.o
 .bss.pwm_channel_instance
                0x20070b3c       0x28 src/io_control/analog_output.o
 .bss.gs_interrupt_sources
                0x20070b64       0x70 src/ASF/sam/drivers/pio/pio_handler.o
 .bss.heap.5297
                0x20070bd4        0x4 src/ASF/sam/utils/syscalls/gcc/syscalls.o
 .bss.__malloc_current_mallinfo
                0x20070bd8       0x28 c:/program files (x86)/atmel/studio/7.0/toolchain/arm/arm-gnu-toolchain/bin/../lib/gcc/arm-none-eabi/6.3.1/../../../../arm-none-eabi/lib/thumb/v7-m\libc.a(lib_a-mallocr.o)
                0x20070bd8                __malloc_current_mallinfo
 .bss.__malloc_max_sbrked_mem
                0x20070c00        0x4 c:/program files (x86)/atmel/studio/7.0/toolchain/arm/arm-gnu-toolchain/bin/../lib/gcc/arm-none-eabi/6.3.1/../../../../arm-none-eabi/lib/thumb/v7-m\libc.a(lib_a-mallocr.o)
                0x20070c00                __malloc_max_sbrked_mem
 .bss.__malloc_max_total_mem
                0x20070c04        0x4 c:/program files (x86)/atmel/studio/7.0/toolchain/arm/arm-gnu-toolchain/bin/../lib/gcc/arm-none-eabi/6.3.1/../../../../arm-none-eabi/lib/thumb/v7-m\libc.a(lib_a-mallocr.o)
                0x20070c04                __malloc_max_total_mem
 .bss.__malloc_top_pad
                0x20070c08        0x4 c:/program files (x86)/atmel/studio/7.0/toolchain/arm/arm-gnu-toolchain/bin/../lib/gcc/arm-none-eabi/6.3.1/../../../../arm-none-eabi/lib/thumb/v7-m\libc.a(lib_a-mallocr.o)
                0x20070c08                __malloc_top_pad
 *(COMMON)
 COMMON         0x20070c0c       0x21 c:/program files (x86)/atmel/studio/7.0/toolchain/arm/arm-gnu-toolchain/bin/../lib/gcc/arm-none-eabi/6.3.1/../../../../arm-none-eabi/lib/thumb/v7-m\libc.a(lib_a-lock.o)
                0x20070c0c                __lock___atexit_recursive_mutex
                0x20070c10                __lock___arc4random_mutex
                0x20070c14                __lock___env_recursive_mutex
                0x20070c18                __lock___sinit_recursive_mutex
                0x20070c1c                __lock___malloc_recursive_mutex
                0x20070c20                __lock___at_quick_exit_mutex
                0x20070c24                __lock___dd_hash_mutex
                0x20070c28                __lock___tz_mutex
                0x20070c2c                __lock___sfp_recursive_mutex
 *fill*         0x20070c2d        0x3 
 COMMON         0x20070c30        0x4 c:/program files (x86)/atmel/studio/7.0/toolchain/arm/arm-gnu-toolchain/bin/../lib/gcc/arm-none-eabi/6.3.1/../../../../arm-none-eabi/lib/thumb/v7-m\libc.a(lib_a-reent.o)
                0x20070c30                errno
                0x20070c34                . = ALIGN (0x4)
                0x20070c34                _ebss = .
                0x20070c34                _ezero = .

.stack          0x20070c34     0x2004 load address 0x000867d0
                0x20070c38                . = ALIGN (0x8)
 *fill*         0x20070c34        0x4 
                0x20070c38                _sstack = .
                0x20072c38                . = (. + __stack_size__)
 *fill*         0x20070c38     0x2000 
                0x20072c38                . = ALIGN (0x8)
                0x20072c38                _estack = .
                0x20072c38                . = ALIGN (0x4)
                0x20072c38                _end = .
OUTPUT(dueSrv.elf elf32-littlearm)

.ARM.attributes
                0x00000000       0x29
 .ARM.attributes
                0x00000000       0x1d c:/program files (x86)/atmel/studio/7.0/toolchain/arm/arm-gnu-toolchain/bin/../lib/gcc/arm-none-eabi/6.3.1/thumb/v7-m/crti.o
 .ARM.attributes
                0x0000001d       0x2d c:/program files (x86)/atmel/studio/7.0/toolchain/arm/arm-gnu-toolchain/bin/../lib/gcc/arm-none-eabi/6.3.1/thumb/v7-m/crtbegin.o
 .ARM.attributes
                0x0000004a       0x33 src/ASF/sam/drivers/adc/adc.o
 .ARM.attributes
                0x0000007d       0x33 src/common/pin_mapper.o
 .ARM.attributes
                0x000000b0       0x33 src/io_control/analog_output.o
 .ARM.attributes
                0x000000e3       0x33 src/io_control/dac.o
 .ARM.attributes
                0x00000116       0x33 src/io_control/io_uart.o
 .ARM.attributes
                0x00000149       0x33 src/matlab_coms/matlab_functions.o
 .ARM.attributes
                0x0000017c       0x33 src/matlab_coms/matlab_state.o
 .ARM.attributes
                0x000001af       0x33 src/ASF/sam/drivers/dacc/dacc.o
 .ARM.attributes
                0x000001e2       0x33 src/ASF/sam/drivers/pwm/pwm.o
 .ARM.attributes
                0x00000215       0x33 src/io_control/adc.o
 .ARM.attributes
                0x00000248       0x33 src/ASF/common/services/clock/sam3x/sysclk.o
 .ARM.attributes
                0x0000027b       0x33 src/ASF/sam/boards/arduino_due_x/init.o
 .ARM.attributes
                0x000002ae       0x33 src/ASF/sam/drivers/pio/pio.o
 .ARM.attributes
                0x000002e1       0x33 src/ASF/sam/drivers/pio/pio_handler.o
 .ARM.attributes
                0x00000314       0x33 src/ASF/sam/drivers/pmc/pmc.o
 .ARM.attributes
                0x00000347       0x33 src/ASF/sam/utils/cmsis/sam3x/source/templates/exceptions.o
 .ARM.attributes
                0x0000037a       0x33 src/ASF/sam/utils/cmsis/sam3x/source/templates/gcc/startup_sam3x.o
 .ARM.attributes
                0x000003ad       0x33 src/ASF/sam/utils/cmsis/sam3x/source/templates/system_sam3x.o
 .ARM.attributes
                0x000003e0       0x33 src/ASF/sam/utils/syscalls/gcc/syscalls.o
 .ARM.attributes
                0x00000413       0x33 src/main.o
 .ARM.attributes
                0x00000446       0x2d c:/program files (x86)/atmel/studio/7.0/toolchain/arm/arm-gnu-toolchain/bin/../lib/gcc/arm-none-eabi/6.3.1/../../../../arm-none-eabi/lib/thumb/v7-m\libc.a(lib_a-impure.o)
 .ARM.attributes
                0x00000473       0x2d c:/program files (x86)/atmel/studio/7.0/toolchain/arm/arm-gnu-toolchain/bin/../lib/gcc/arm-none-eabi/6.3.1/../../../../arm-none-eabi/lib/thumb/v7-m\libc.a(lib_a-init.o)
 .ARM.attributes
                0x000004a0       0x2d c:/program files (x86)/atmel/studio/7.0/toolchain/arm/arm-gnu-toolchain/bin/../lib/gcc/arm-none-eabi/6.3.1/../../../../arm-none-eabi/lib/thumb/v7-m\libc.a(lib_a-memset.o)
 .ARM.attributes
                0x000004cd       0x2d c:/program files (x86)/atmel/studio/7.0/toolchain/arm/arm-gnu-toolchain/bin/../lib/gcc/arm-none-eabi/6.3.1/../../../../arm-none-eabi/lib/thumb/v7-m\libc.a(lib_a-sprintf.o)
 .ARM.attributes
                0x000004fa       0x2d c:/program files (x86)/atmel/studio/7.0/toolchain/arm/arm-gnu-toolchain/bin/../lib/gcc/arm-none-eabi/6.3.1/../../../../arm-none-eabi/lib/thumb/v7-m\libc.a(lib_a-strlen-stub.o)
 .ARM.attributes
                0x00000527       0x2d c:/program files (x86)/atmel/studio/7.0/toolchain/arm/arm-gnu-toolchain/bin/../lib/gcc/arm-none-eabi/6.3.1/../../../../arm-none-eabi/lib/thumb/v7-m\libc.a(lib_a-svfprintf.o)
 .ARM.attributes
                0x00000554       0x2d c:/program files (x86)/atmel/studio/7.0/toolchain/arm/arm-gnu-toolchain/bin/../lib/gcc/arm-none-eabi/6.3.1/../../../../arm-none-eabi/lib/thumb/v7-m\libc.a(lib_a-__call_atexit.o)
 .ARM.attributes
                0x00000581       0x2d c:/program files (x86)/atmel/studio/7.0/toolchain/arm/arm-gnu-toolchain/bin/../lib/gcc/arm-none-eabi/6.3.1/../../../../arm-none-eabi/lib/thumb/v7-m\libc.a(lib_a-atexit.o)
 .ARM.attributes
                0x000005ae       0x2d c:/program files (x86)/atmel/studio/7.0/toolchain/arm/arm-gnu-toolchain/bin/../lib/gcc/arm-none-eabi/6.3.1/../../../../arm-none-eabi/lib/thumb/v7-m\libc.a(lib_a-dtoa.o)
 .ARM.attributes
                0x000005db       0x2d c:/program files (x86)/atmel/studio/7.0/toolchain/arm/arm-gnu-toolchain/bin/../lib/gcc/arm-none-eabi/6.3.1/../../../../arm-none-eabi/lib/thumb/v7-m\libc.a(lib_a-fini.o)
 .ARM.attributes
                0x00000608       0x2d c:/program files (x86)/atmel/studio/7.0/toolchain/arm/arm-gnu-toolchain/bin/../lib/gcc/arm-none-eabi/6.3.1/../../../../arm-none-eabi/lib/thumb/v7-m\libc.a(lib_a-freer.o)
 .ARM.attributes
                0x00000635       0x2d c:/program files (x86)/atmel/studio/7.0/toolchain/arm/arm-gnu-toolchain/bin/../lib/gcc/arm-none-eabi/6.3.1/../../../../arm-none-eabi/lib/thumb/v7-m\libc.a(lib_a-locale.o)
 .ARM.attributes
                0x00000662       0x2d c:/program files (x86)/atmel/studio/7.0/toolchain/arm/arm-gnu-toolchain/bin/../lib/gcc/arm-none-eabi/6.3.1/../../../../arm-none-eabi/lib/thumb/v7-m\libc.a(lib_a-localeconv.o)
 .ARM.attributes
                0x0000068f       0x2d c:/program files (x86)/atmel/studio/7.0/toolchain/arm/arm-gnu-toolchain/bin/../lib/gcc/arm-none-eabi/6.3.1/../../../../arm-none-eabi/lib/thumb/v7-m\libc.a(lib_a-lock.o)
 .ARM.attributes
                0x000006bc       0x2d c:/program files (x86)/atmel/studio/7.0/toolchain/arm/arm-gnu-toolchain/bin/../lib/gcc/arm-none-eabi/6.3.1/../../../../arm-none-eabi/lib/thumb/v7-m\libc.a(lib_a-mallocr.o)
 .ARM.attributes
                0x000006e9       0x2d c:/program files (x86)/atmel/studio/7.0/toolchain/arm/arm-gnu-toolchain/bin/../lib/gcc/arm-none-eabi/6.3.1/../../../../arm-none-eabi/lib/thumb/v7-m\libc.a(lib_a-mbtowc_r.o)
 .ARM.attributes
                0x00000716       0x2d c:/program files (x86)/atmel/studio/7.0/toolchain/arm/arm-gnu-toolchain/bin/../lib/gcc/arm-none-eabi/6.3.1/../../../../arm-none-eabi/lib/thumb/v7-m\libc.a(lib_a-memchr-stub.o)
 .ARM.attributes
                0x00000743       0x1b c:/program files (x86)/atmel/studio/7.0/toolchain/arm/arm-gnu-toolchain/bin/../lib/gcc/arm-none-eabi/6.3.1/../../../../arm-none-eabi/lib/thumb/v7-m\libc.a(lib_a-memcpy.o)
 .ARM.attributes
                0x0000075e       0x2d c:/program files (x86)/atmel/studio/7.0/toolchain/arm/arm-gnu-toolchain/bin/../lib/gcc/arm-none-eabi/6.3.1/../../../../arm-none-eabi/lib/thumb/v7-m\libc.a(lib_a-memmove.o)
 .ARM.attributes
                0x0000078b       0x2d c:/program files (x86)/atmel/studio/7.0/toolchain/arm/arm-gnu-toolchain/bin/../lib/gcc/arm-none-eabi/6.3.1/../../../../arm-none-eabi/lib/thumb/v7-m\libc.a(lib_a-mlock.o)
 .ARM.attributes
                0x000007b8       0x2d c:/program files (x86)/atmel/studio/7.0/toolchain/arm/arm-gnu-toolchain/bin/../lib/gcc/arm-none-eabi/6.3.1/../../../../arm-none-eabi/lib/thumb/v7-m\libc.a(lib_a-mprec.o)
 .ARM.attributes
                0x000007e5       0x2d c:/program files (x86)/atmel/studio/7.0/toolchain/arm/arm-gnu-toolchain/bin/../lib/gcc/arm-none-eabi/6.3.1/../../../../arm-none-eabi/lib/thumb/v7-m\libc.a(lib_a-reallocr.o)
 .ARM.attributes
                0x00000812       0x2d c:/program files (x86)/atmel/studio/7.0/toolchain/arm/arm-gnu-toolchain/bin/../lib/gcc/arm-none-eabi/6.3.1/../../../../arm-none-eabi/lib/thumb/v7-m\libc.a(lib_a-sbrkr.o)
 .ARM.attributes
                0x0000083f       0x2d c:/program files (x86)/atmel/studio/7.0/toolchain/arm/arm-gnu-toolchain/bin/../lib/gcc/arm-none-eabi/6.3.1/../../../../arm-none-eabi/lib/thumb/v7-m\libc.a(lib_a-svfiprintf.o)
 .ARM.attributes
                0x0000086c       0x2d c:/program files (x86)/atmel/studio/7.0/toolchain/arm/arm-gnu-toolchain/bin/../lib/gcc/arm-none-eabi/6.3.1/../../../../arm-none-eabi/lib/thumb/v7-m\libc.a(lib_a-wctomb_r.o)
 .ARM.attributes
                0x00000899       0x2d c:/program files (x86)/atmel/studio/7.0/toolchain/arm/arm-gnu-toolchain/bin/../lib/gcc/arm-none-eabi/6.3.1/../../../../arm-none-eabi/lib/thumb/v7-m\libc.a(lib_a-__atexit.o)
 .ARM.attributes
                0x000008c6       0x2d c:/program files (x86)/atmel/studio/7.0/toolchain/arm/arm-gnu-toolchain/bin/../lib/gcc/arm-none-eabi/6.3.1/../../../../arm-none-eabi/lib/thumb/v7-m\libc.a(lib_a-callocr.o)
 .ARM.attributes
                0x000008f3       0x2d c:/program files (x86)/atmel/studio/7.0/toolchain/arm/arm-gnu-toolchain/bin/../lib/gcc/arm-none-eabi/6.3.1/../../../../arm-none-eabi/lib/thumb/v7-m\libc.a(lib_a-ctype_.o)
 .ARM.attributes
                0x00000920       0x2d c:/program files (x86)/atmel/studio/7.0/toolchain/arm/arm-gnu-toolchain/bin/../lib/gcc/arm-none-eabi/6.3.1/../../../../arm-none-eabi/lib/thumb/v7-m\libc.a(lib_a-reent.o)
 .ARM.attributes
                0x0000094d       0x1d c:/program files (x86)/atmel/studio/7.0/toolchain/arm/arm-gnu-toolchain/bin/../lib/gcc/arm-none-eabi/6.3.1/thumb/v7-m\libgcc.a(_arm_addsubdf3.o)
 .ARM.attributes
                0x0000096a       0x1d c:/program files (x86)/atmel/studio/7.0/toolchain/arm/arm-gnu-toolchain/bin/../lib/gcc/arm-none-eabi/6.3.1/thumb/v7-m\libgcc.a(_arm_muldivdf3.o)
 .ARM.attributes
                0x00000987       0x1d c:/program files (x86)/atmel/studio/7.0/toolchain/arm/arm-gnu-toolchain/bin/../lib/gcc/arm-none-eabi/6.3.1/thumb/v7-m\libgcc.a(_arm_cmpdf2.o)
 .ARM.attributes
                0x000009a4       0x1d c:/program files (x86)/atmel/studio/7.0/toolchain/arm/arm-gnu-toolchain/bin/../lib/gcc/arm-none-eabi/6.3.1/thumb/v7-m\libgcc.a(_arm_unorddf2.o)
 .ARM.attributes
                0x000009c1       0x1d c:/program files (x86)/atmel/studio/7.0/toolchain/arm/arm-gnu-toolchain/bin/../lib/gcc/arm-none-eabi/6.3.1/thumb/v7-m\libgcc.a(_arm_fixdfsi.o)
 .ARM.attributes
                0x000009de       0x1d c:/program files (x86)/atmel/studio/7.0/toolchain/arm/arm-gnu-toolchain/bin/../lib/gcc/arm-none-eabi/6.3.1/thumb/v7-m\libgcc.a(_aeabi_uldivmod.o)
 .ARM.attributes
                0x000009fb       0x2d c:/program files (x86)/atmel/studio/7.0/toolchain/arm/arm-gnu-toolchain/bin/../lib/gcc/arm-none-eabi/6.3.1/thumb/v7-m\libgcc.a(_udivmoddi4.o)
 .ARM.attributes
                0x00000a28       0x1d c:/program files (x86)/atmel/studio/7.0/toolchain/arm/arm-gnu-toolchain/bin/../lib/gcc/arm-none-eabi/6.3.1/thumb/v7-m\libgcc.a(_dvmd_tls.o)
 .ARM.attributes
                0x00000a45       0x1d c:/program files (x86)/atmel/studio/7.0/toolchain/arm/arm-gnu-toolchain/bin/../lib/gcc/arm-none-eabi/6.3.1/thumb/v7-m/crtn.o

.comment        0x00000000       0x59
 .comment       0x00000000       0x59 src/ASF/sam/drivers/adc/adc.o
                                 0x5a (size before relaxing)
 .comment       0x00000059       0x5a src/common/pin_mapper.o
 .comment       0x00000059       0x5a src/io_control/analog_output.o
 .comment       0x00000059       0x5a src/io_control/dac.o
 .comment       0x00000059       0x5a src/io_control/io_uart.o
 .comment       0x00000059       0x5a src/matlab_coms/matlab_functions.o
 .comment       0x00000059       0x5a src/matlab_coms/matlab_state.o
 .comment       0x00000059       0x5a src/ASF/sam/drivers/dacc/dacc.o
 .comment       0x00000059       0x5a src/ASF/sam/drivers/pwm/pwm.o
 .comment       0x00000059       0x5a src/io_control/adc.o
 .comment       0x00000059       0x5a src/ASF/common/services/clock/sam3x/sysclk.o
 .comment       0x00000059       0x5a src/ASF/sam/boards/arduino_due_x/init.o
 .comment       0x00000059       0x5a src/ASF/sam/drivers/pio/pio.o
 .comment       0x00000059       0x5a src/ASF/sam/drivers/pio/pio_handler.o
 .comment       0x00000059       0x5a src/ASF/sam/drivers/pmc/pmc.o
 .comment       0x00000059       0x5a src/ASF/sam/utils/cmsis/sam3x/source/templates/exceptions.o
 .comment       0x00000059       0x5a src/ASF/sam/utils/cmsis/sam3x/source/templates/gcc/startup_sam3x.o
 .comment       0x00000059       0x5a src/ASF/sam/utils/cmsis/sam3x/source/templates/system_sam3x.o
 .comment       0x00000059       0x5a src/ASF/sam/utils/syscalls/gcc/syscalls.o
 .comment       0x00000059       0x5a src/main.o

.debug_info     0x00000000    0x16beb
 .debug_info    0x00000000     0x1af7 src/ASF/sam/drivers/adc/adc.o
 .debug_info    0x00001af7      0xae9 src/common/pin_mapper.o
 .debug_info    0x000025e0     0x1736 src/io_control/analog_output.o
 .debug_info    0x00003d16      0xde3 src/io_control/dac.o
 .debug_info    0x00004af9     0x10c0 src/io_control/io_uart.o
 .debug_info    0x00005bb9     0x15fa src/matlab_coms/matlab_functions.o
 .debug_info    0x000071b3      0xc42 src/matlab_coms/matlab_state.o
 .debug_info    0x00007df5     0x11bc src/ASF/sam/drivers/dacc/dacc.o
 .debug_info    0x00008fb1     0x1e8e src/ASF/sam/drivers/pwm/pwm.o
 .debug_info    0x0000ae3f      0xfee src/io_control/adc.o
 .debug_info    0x0000be2d     0x11ad src/ASF/common/services/clock/sam3x/sysclk.o
 .debug_info    0x0000cfda     0x108a src/ASF/sam/boards/arduino_due_x/init.o
 .debug_info    0x0000e064     0x1c61 src/ASF/sam/drivers/pio/pio.o
 .debug_info    0x0000fcc5     0x17b0 src/ASF/sam/drivers/pio/pio_handler.o
 .debug_info    0x00011475     0x1995 src/ASF/sam/drivers/pmc/pmc.o
 .debug_info    0x00012e0a      0xa39 src/ASF/sam/utils/cmsis/sam3x/source/templates/exceptions.o
 .debug_info    0x00013843      0xd1b src/ASF/sam/utils/cmsis/sam3x/source/templates/gcc/startup_sam3x.o
 .debug_info    0x0001455e      0xdc2 src/ASF/sam/utils/cmsis/sam3x/source/templates/system_sam3x.o
 .debug_info    0x00015320      0xddf src/ASF/sam/utils/syscalls/gcc/syscalls.o
 .debug_info    0x000160ff      0xaec src/main.o

.debug_abbrev   0x00000000     0x33bf
 .debug_abbrev  0x00000000      0x337 src/ASF/sam/drivers/adc/adc.o
 .debug_abbrev  0x00000337      0x200 src/common/pin_mapper.o
 .debug_abbrev  0x00000537      0x29f src/io_control/analog_output.o
 .debug_abbrev  0x000007d6      0x207 src/io_control/dac.o
 .debug_abbrev  0x000009dd      0x2c1 src/io_control/io_uart.o
 .debug_abbrev  0x00000c9e      0x353 src/matlab_coms/matlab_functions.o
 .debug_abbrev  0x00000ff1      0x212 src/matlab_coms/matlab_state.o
 .debug_abbrev  0x00001203      0x2ba src/ASF/sam/drivers/dacc/dacc.o
 .debug_abbrev  0x000014bd      0x324 src/ASF/sam/drivers/pwm/pwm.o
 .debug_abbrev  0x000017e1      0x287 src/io_control/adc.o
 .debug_abbrev  0x00001a68      0x330 src/ASF/common/services/clock/sam3x/sysclk.o
 .debug_abbrev  0x00001d98      0x262 src/ASF/sam/boards/arduino_due_x/init.o
 .debug_abbrev  0x00001ffa      0x3c7 src/ASF/sam/drivers/pio/pio.o
 .debug_abbrev  0x000023c1      0x31a src/ASF/sam/drivers/pio/pio_handler.o
 .debug_abbrev  0x000026db      0x306 src/ASF/sam/drivers/pmc/pmc.o
 .debug_abbrev  0x000029e1      0x1a4 src/ASF/sam/utils/cmsis/sam3x/source/templates/exceptions.o
 .debug_abbrev  0x00002b85      0x1f2 src/ASF/sam/utils/cmsis/sam3x/source/templates/gcc/startup_sam3x.o
 .debug_abbrev  0x00002d77      0x1f4 src/ASF/sam/utils/cmsis/sam3x/source/templates/system_sam3x.o
 .debug_abbrev  0x00002f6b      0x264 src/ASF/sam/utils/syscalls/gcc/syscalls.o
 .debug_abbrev  0x000031cf      0x1f0 src/main.o

.debug_loc      0x00000000     0x42df
 .debug_loc     0x00000000      0x9a4 src/ASF/sam/drivers/adc/adc.o
 .debug_loc     0x000009a4       0xaf src/common/pin_mapper.o
 .debug_loc     0x00000a53       0x90 src/io_control/analog_output.o
 .debug_loc     0x00000ae3       0x97 src/io_control/dac.o
 .debug_loc     0x00000b7a       0x58 src/io_control/io_uart.o
 .debug_loc     0x00000bd2      0x4ec src/matlab_coms/matlab_functions.o
 .debug_loc     0x000010be      0x289 src/matlab_coms/matlab_state.o
 .debug_loc     0x00001347      0x3ca src/ASF/sam/drivers/dacc/dacc.o
 .debug_loc     0x00001711      0xcb2 src/ASF/sam/drivers/pwm/pwm.o
 .debug_loc     0x000023c3       0x79 src/io_control/adc.o
 .debug_loc     0x0000243c      0x183 src/ASF/common/services/clock/sam3x/sysclk.o
 .debug_loc     0x000025bf       0x70 src/ASF/sam/boards/arduino_due_x/init.o
 .debug_loc     0x0000262f      0xacc src/ASF/sam/drivers/pio/pio.o
 .debug_loc     0x000030fb      0x525 src/ASF/sam/drivers/pio/pio_handler.o
 .debug_loc     0x00003620      0xaeb src/ASF/sam/drivers/pmc/pmc.o
 .debug_loc     0x0000410b       0x6b src/ASF/sam/utils/cmsis/sam3x/source/templates/gcc/startup_sam3x.o
 .debug_loc     0x00004176      0x149 src/ASF/sam/utils/syscalls/gcc/syscalls.o
 .debug_loc     0x000042bf       0x20 src/main.o

.debug_aranges  0x00000000      0x9f0
 .debug_aranges
                0x00000000      0x178 src/ASF/sam/drivers/adc/adc.o
 .debug_aranges
                0x00000178       0x28 src/common/pin_mapper.o
 .debug_aranges
                0x000001a0       0x28 src/io_control/analog_output.o
 .debug_aranges
                0x000001c8       0x28 src/io_control/dac.o
 .debug_aranges
                0x000001f0       0x40 src/io_control/io_uart.o
 .debug_aranges
                0x00000230       0x70 src/matlab_coms/matlab_functions.o
 .debug_aranges
                0x000002a0       0x20 src/matlab_coms/matlab_state.o
 .debug_aranges
                0x000002c0       0xc0 src/ASF/sam/drivers/dacc/dacc.o
 .debug_aranges
                0x00000380      0x158 src/ASF/sam/drivers/pwm/pwm.o
 .debug_aranges
                0x000004d8       0x28 src/io_control/adc.o
 .debug_aranges
                0x00000500       0x40 src/ASF/common/services/clock/sam3x/sysclk.o
 .debug_aranges
                0x00000540       0x20 src/ASF/sam/boards/arduino_due_x/init.o
 .debug_aranges
                0x00000560      0x148 src/ASF/sam/drivers/pio/pio.o
 .debug_aranges
                0x000006a8       0x58 src/ASF/sam/drivers/pio/pio_handler.o
 .debug_aranges
                0x00000700      0x200 src/ASF/sam/drivers/pmc/pmc.o
 .debug_aranges
                0x00000900       0x20 src/ASF/sam/utils/cmsis/sam3x/source/templates/exceptions.o
 .debug_aranges
                0x00000920       0x20 src/ASF/sam/utils/cmsis/sam3x/source/templates/gcc/startup_sam3x.o
 .debug_aranges
                0x00000940       0x30 src/ASF/sam/utils/cmsis/sam3x/source/templates/system_sam3x.o
 .debug_aranges
                0x00000970       0x60 src/ASF/sam/utils/syscalls/gcc/syscalls.o
 .debug_aranges
                0x000009d0       0x20 src/main.o

.debug_ranges   0x00000000      0x8e0
 .debug_ranges  0x00000000      0x168 src/ASF/sam/drivers/adc/adc.o
 .debug_ranges  0x00000168       0x18 src/common/pin_mapper.o
 .debug_ranges  0x00000180       0x18 src/io_control/analog_output.o
 .debug_ranges  0x00000198       0x18 src/io_control/dac.o
 .debug_ranges  0x000001b0       0x30 src/io_control/io_uart.o
 .debug_ranges  0x000001e0       0x60 src/matlab_coms/matlab_functions.o
 .debug_ranges  0x00000240       0x10 src/matlab_coms/matlab_state.o
 .debug_ranges  0x00000250       0xb0 src/ASF/sam/drivers/dacc/dacc.o
 .debug_ranges  0x00000300      0x148 src/ASF/sam/drivers/pwm/pwm.o
 .debug_ranges  0x00000448       0x18 src/io_control/adc.o
 .debug_ranges  0x00000460       0x30 src/ASF/common/services/clock/sam3x/sysclk.o
 .debug_ranges  0x00000490       0x10 src/ASF/sam/boards/arduino_due_x/init.o
 .debug_ranges  0x000004a0      0x150 src/ASF/sam/drivers/pio/pio.o
 .debug_ranges  0x000005f0       0x60 src/ASF/sam/drivers/pio/pio_handler.o
 .debug_ranges  0x00000650      0x1f0 src/ASF/sam/drivers/pmc/pmc.o
 .debug_ranges  0x00000840       0x10 src/ASF/sam/utils/cmsis/sam3x/source/templates/exceptions.o
 .debug_ranges  0x00000850       0x10 src/ASF/sam/utils/cmsis/sam3x/source/templates/gcc/startup_sam3x.o
 .debug_ranges  0x00000860       0x20 src/ASF/sam/utils/cmsis/sam3x/source/templates/system_sam3x.o
 .debug_ranges  0x00000880       0x50 src/ASF/sam/utils/syscalls/gcc/syscalls.o
 .debug_ranges  0x000008d0       0x10 src/main.o

.debug_macro    0x00000000    0x19eb1
 .debug_macro   0x00000000      0x570 src/ASF/sam/drivers/adc/adc.o
 .debug_macro   0x00000570      0x8ce src/ASF/sam/drivers/adc/adc.o
 .debug_macro   0x00000e3e      0x16d src/ASF/sam/drivers/adc/adc.o
 .debug_macro   0x00000fab      0x4fb src/ASF/sam/drivers/adc/adc.o
 .debug_macro   0x000014a6       0x76 src/ASF/sam/drivers/adc/adc.o
 .debug_macro   0x0000151c       0x16 src/ASF/sam/drivers/adc/adc.o
 .debug_macro   0x00001532      0x6e4 src/ASF/sam/drivers/adc/adc.o
 .debug_macro   0x00001c16       0x22 src/ASF/sam/drivers/adc/adc.o
 .debug_macro   0x00001c38       0x87 src/ASF/sam/drivers/adc/adc.o
 .debug_macro   0x00001cbf       0x51 src/ASF/sam/drivers/adc/adc.o
 .debug_macro   0x00001d10       0xef src/ASF/sam/drivers/adc/adc.o
 .debug_macro   0x00001dff       0x6a src/ASF/sam/drivers/adc/adc.o
 .debug_macro   0x00001e69      0x1df src/ASF/sam/drivers/adc/adc.o
 .debug_macro   0x00002048       0x20 src/ASF/sam/drivers/adc/adc.o
 .debug_macro   0x00002068       0x3a src/ASF/sam/drivers/adc/adc.o
 .debug_macro   0x000020a2       0x2d src/ASF/sam/drivers/adc/adc.o
 .debug_macro   0x000020cf      0xbb1 src/ASF/sam/drivers/adc/adc.o
 .debug_macro   0x00002c80      0xab6 src/ASF/sam/drivers/adc/adc.o
 .debug_macro   0x00003736      0x569 src/ASF/sam/drivers/adc/adc.o
 .debug_macro   0x00003c9f      0x2b5 src/ASF/sam/drivers/adc/adc.o
 .debug_macro   0x00003f54      0x31a src/ASF/sam/drivers/adc/adc.o
 .debug_macro   0x0000426e      0x74f src/ASF/sam/drivers/adc/adc.o
 .debug_macro   0x000049bd       0x82 src/ASF/sam/drivers/adc/adc.o
 .debug_macro   0x00004a3f      0x57b src/ASF/sam/drivers/adc/adc.o
 .debug_macro   0x00004fba       0x1c src/ASF/sam/drivers/adc/adc.o
 .debug_macro   0x00004fd6      0x6b7 src/ASF/sam/drivers/adc/adc.o
 .debug_macro   0x0000568d      0x52d src/ASF/sam/drivers/adc/adc.o
 .debug_macro   0x00005bba       0xbe src/ASF/sam/drivers/adc/adc.o
 .debug_macro   0x00005c78     0x2342 src/ASF/sam/drivers/adc/adc.o
 .debug_macro   0x00007fba      0x85d src/ASF/sam/drivers/adc/adc.o
 .debug_macro   0x00008817      0xdc9 src/ASF/sam/drivers/adc/adc.o
 .debug_macro   0x000095e0       0x7c src/ASF/sam/drivers/adc/adc.o
 .debug_macro   0x0000965c      0x263 src/ASF/sam/drivers/adc/adc.o
 .debug_macro   0x000098bf       0x58 src/ASF/sam/drivers/adc/adc.o
 .debug_macro   0x00009917      0x9a7 src/ASF/sam/drivers/adc/adc.o
 .debug_macro   0x0000a2be      0x248 src/ASF/sam/drivers/adc/adc.o
 .debug_macro   0x0000a506      0x4df src/ASF/sam/drivers/adc/adc.o
 .debug_macro   0x0000a9e5      0x6b3 src/ASF/sam/drivers/adc/adc.o
 .debug_macro   0x0000b098      0x59f src/ASF/sam/drivers/adc/adc.o
 .debug_macro   0x0000b637       0x46 src/ASF/sam/drivers/adc/adc.o
 .debug_macro   0x0000b67d      0x34d src/ASF/sam/drivers/adc/adc.o
 .debug_macro   0x0000b9ca      0x28c src/ASF/sam/drivers/adc/adc.o
 .debug_macro   0x0000bc56     0x14d7 src/ASF/sam/drivers/adc/adc.o
 .debug_macro   0x0000d12d      0x7ba src/ASF/sam/drivers/adc/adc.o
 .debug_macro   0x0000d8e7       0x76 src/ASF/sam/drivers/adc/adc.o
 .debug_macro   0x0000d95d       0x82 src/ASF/sam/drivers/adc/adc.o
 .debug_macro   0x0000d9df       0x76 src/ASF/sam/drivers/adc/adc.o
 .debug_macro   0x0000da55       0x4c src/ASF/sam/drivers/adc/adc.o
 .debug_macro   0x0000daa1      0x105 src/ASF/sam/drivers/adc/adc.o
 .debug_macro   0x0000dba6      0x105 src/ASF/sam/drivers/adc/adc.o
 .debug_macro   0x0000dcab      0x105 src/ASF/sam/drivers/adc/adc.o
 .debug_macro   0x0000ddb0       0x88 src/ASF/sam/drivers/adc/adc.o
 .debug_macro   0x0000de38       0x88 src/ASF/sam/drivers/adc/adc.o
 .debug_macro   0x0000dec0      0x3b4 src/ASF/sam/drivers/adc/adc.o
 .debug_macro   0x0000e274       0xb8 src/ASF/sam/drivers/adc/adc.o
 .debug_macro   0x0000e32c       0xb8 src/ASF/sam/drivers/adc/adc.o
 .debug_macro   0x0000e3e4       0xb8 src/ASF/sam/drivers/adc/adc.o
 .debug_macro   0x0000e49c       0xb8 src/ASF/sam/drivers/adc/adc.o
 .debug_macro   0x0000e554      0x2b8 src/ASF/sam/drivers/adc/adc.o
 .debug_macro   0x0000e80c      0x125 src/ASF/sam/drivers/adc/adc.o
 .debug_macro   0x0000e931      0x225 src/ASF/sam/drivers/adc/adc.o
 .debug_macro   0x0000eb56      0x225 src/ASF/sam/drivers/adc/adc.o
 .debug_macro   0x0000ed7b       0x2e src/ASF/sam/drivers/adc/adc.o
 .debug_macro   0x0000eda9       0xac src/ASF/sam/drivers/adc/adc.o
 .debug_macro   0x0000ee55      0x14d src/ASF/sam/drivers/adc/adc.o
 .debug_macro   0x0000efa2       0x7c src/ASF/sam/drivers/adc/adc.o
 .debug_macro   0x0000f01e      0x205 src/ASF/sam/drivers/adc/adc.o
 .debug_macro   0x0000f223       0x64 src/ASF/sam/drivers/adc/adc.o
 .debug_macro   0x0000f287       0xa6 src/ASF/sam/drivers/adc/adc.o
 .debug_macro   0x0000f32d       0x7c src/ASF/sam/drivers/adc/adc.o
 .debug_macro   0x0000f3a9       0x16 src/ASF/sam/drivers/adc/adc.o
 .debug_macro   0x0000f3bf       0x22 src/ASF/sam/drivers/adc/adc.o
 .debug_macro   0x0000f3e1       0x22 src/ASF/sam/drivers/adc/adc.o
 .debug_macro   0x0000f403      0x115 src/ASF/sam/drivers/adc/adc.o
 .debug_macro   0x0000f518      0x115 src/ASF/sam/drivers/adc/adc.o
 .debug_macro   0x0000f62d      0x115 src/ASF/sam/drivers/adc/adc.o
 .debug_macro   0x0000f742      0x115 src/ASF/sam/drivers/adc/adc.o
 .debug_macro   0x0000f857       0x1c src/ASF/sam/drivers/adc/adc.o
 .debug_macro   0x0000f873       0x2e src/ASF/sam/drivers/adc/adc.o
 .debug_macro   0x0000f8a1       0x22 src/ASF/sam/drivers/adc/adc.o
 .debug_macro   0x0000f8c3       0x1c src/ASF/sam/drivers/adc/adc.o
 .debug_macro   0x0000f8df       0x58 src/ASF/sam/drivers/adc/adc.o
 .debug_macro   0x0000f937       0x10 src/ASF/sam/drivers/adc/adc.o
 .debug_macro   0x0000f947      0x273 src/ASF/sam/drivers/adc/adc.o
 .debug_macro   0x0000fbba      0xd43 src/ASF/sam/drivers/adc/adc.o
 .debug_macro   0x000108fd      0x131 src/ASF/sam/drivers/adc/adc.o
 .debug_macro   0x00010a2e       0x58 src/ASF/sam/drivers/adc/adc.o
 .debug_macro   0x00010a86       0x35 src/ASF/sam/drivers/adc/adc.o
 .debug_macro   0x00010abb       0x9c src/ASF/sam/drivers/adc/adc.o
 .debug_macro   0x00010b57       0x16 src/ASF/sam/drivers/adc/adc.o
 .debug_macro   0x00010b6d       0x35 src/ASF/sam/drivers/adc/adc.o
 .debug_macro   0x00010ba2      0x353 src/ASF/sam/drivers/adc/adc.o
 .debug_macro   0x00010ef5       0x10 src/ASF/sam/drivers/adc/adc.o
 .debug_macro   0x00010f05       0x58 src/ASF/sam/drivers/adc/adc.o
 .debug_macro   0x00010f5d       0x1f src/ASF/sam/drivers/adc/adc.o
 .debug_macro   0x00010f7c       0x43 src/ASF/sam/drivers/adc/adc.o
 .debug_macro   0x00010fbf       0x20 src/ASF/sam/drivers/adc/adc.o
 .debug_macro   0x00010fdf      0x187 src/ASF/sam/drivers/adc/adc.o
 .debug_macro   0x00011166       0x10 src/ASF/sam/drivers/adc/adc.o
 .debug_macro   0x00011176       0x1c src/ASF/sam/drivers/adc/adc.o
 .debug_macro   0x00011192       0x52 src/ASF/sam/drivers/adc/adc.o
 .debug_macro   0x000111e4       0x40 src/ASF/sam/drivers/adc/adc.o
 .debug_macro   0x00011224       0x10 src/ASF/sam/drivers/adc/adc.o
 .debug_macro   0x00011234       0x40 src/ASF/sam/drivers/adc/adc.o
 .debug_macro   0x00011274       0xd7 src/ASF/sam/drivers/adc/adc.o
 .debug_macro   0x0001134b       0x16 src/ASF/sam/drivers/adc/adc.o
 .debug_macro   0x00011361      0x18b src/ASF/sam/drivers/adc/adc.o
 .debug_macro   0x000114ec       0x22 src/ASF/sam/drivers/adc/adc.o
 .debug_macro   0x0001150e       0x16 src/ASF/sam/drivers/adc/adc.o
 .debug_macro   0x00011524       0x16 src/ASF/sam/drivers/adc/adc.o
 .debug_macro   0x0001153a       0x29 src/ASF/sam/drivers/adc/adc.o
 .debug_macro   0x00011563       0x6e src/ASF/sam/drivers/adc/adc.o
 .debug_macro   0x000115d1       0x45 src/ASF/sam/drivers/adc/adc.o
 .debug_macro   0x00011616      0x3ca src/ASF/sam/drivers/adc/adc.o
 .debug_macro   0x000119e0       0x1c src/ASF/sam/drivers/adc/adc.o
 .debug_macro   0x000119fc      0x67a src/common/pin_mapper.o
 .debug_macro   0x00012076       0x16 src/common/pin_mapper.o
 .debug_macro   0x0001208c       0x34 src/common/pin_mapper.o
 .debug_macro   0x000120c0      0x256 src/common/pin_mapper.o
 .debug_macro   0x00012316      0x790 src/common/pin_mapper.o
 .debug_macro   0x00012aa6       0x5e src/common/pin_mapper.o
 .debug_macro   0x00012b04       0x64 src/common/pin_mapper.o
 .debug_macro   0x00012b68       0x5f src/common/pin_mapper.o
 .debug_macro   0x00012bc7       0x90 src/common/pin_mapper.o
 .debug_macro   0x00012c57       0x28 src/common/pin_mapper.o
 .debug_macro   0x00012c7f       0x23 src/common/pin_mapper.o
 .debug_macro   0x00012ca2       0x94 src/common/pin_mapper.o
 .debug_macro   0x00012d36       0x40 src/common/pin_mapper.o
 .debug_macro   0x00012d76       0x70 src/common/pin_mapper.o
 .debug_macro   0x00012de6       0x34 src/common/pin_mapper.o
 .debug_macro   0x00012e1a       0x10 src/common/pin_mapper.o
 .debug_macro   0x00012e2a      0x679 src/io_control/analog_output.o
 .debug_macro   0x000134a3       0x2e src/io_control/analog_output.o
 .debug_macro   0x000134d1      0x685 src/io_control/dac.o
 .debug_macro   0x00013b56      0x67f src/io_control/io_uart.o
 .debug_macro   0x000141d5       0x2e src/io_control/io_uart.o
 .debug_macro   0x00014203      0x6b5 src/matlab_coms/matlab_functions.o
 .debug_macro   0x000148b8       0x10 src/matlab_coms/matlab_functions.o
 .debug_macro   0x000148c8      0x68e src/matlab_coms/matlab_state.o
 .debug_macro   0x00014f56       0x34 src/matlab_coms/matlab_state.o
 .debug_macro   0x00014f8a       0x3a src/matlab_coms/matlab_state.o
 .debug_macro   0x00014fc4      0x571 src/ASF/sam/drivers/dacc/dacc.o
 .debug_macro   0x00015535       0x10 src/ASF/sam/drivers/dacc/dacc.o
 .debug_macro   0x00015545      0x584 src/ASF/sam/drivers/pwm/pwm.o
 .debug_macro   0x00015ac9      0x679 src/io_control/adc.o
 .debug_macro   0x00016142      0x5d1 src/ASF/common/services/clock/sam3x/sysclk.o
 .debug_macro   0x00016713      0x250 src/ASF/common/services/clock/sam3x/sysclk.o
 .debug_macro   0x00016963      0x616 src/ASF/sam/boards/arduino_due_x/init.o
 .debug_macro   0x00016f79       0x16 src/ASF/sam/boards/arduino_due_x/init.o
 .debug_macro   0x00016f8f       0x6a src/ASF/sam/boards/arduino_due_x/init.o
 .debug_macro   0x00016ff9      0x56b src/ASF/sam/drivers/pio/pio.o
 .debug_macro   0x00017564       0x8e src/ASF/sam/drivers/pio/pio.o
 .debug_macro   0x000175f2      0x56f src/ASF/sam/drivers/pio/pio_handler.o
 .debug_macro   0x00017b61      0x565 src/ASF/sam/drivers/pmc/pmc.o
 .debug_macro   0x000180c6       0x58 src/ASF/sam/drivers/pmc/pmc.o
 .debug_macro   0x0001811e      0x564 src/ASF/sam/utils/cmsis/sam3x/source/templates/exceptions.o
 .debug_macro   0x00018682      0x572 src/ASF/sam/utils/cmsis/sam3x/source/templates/gcc/startup_sam3x.o
 .debug_macro   0x00018bf4      0x572 src/ASF/sam/utils/cmsis/sam3x/source/templates/system_sam3x.o
 .debug_macro   0x00019166       0x26 src/ASF/sam/utils/cmsis/sam3x/source/templates/system_sam3x.o
 .debug_macro   0x0001918c      0x1d6 src/ASF/sam/utils/syscalls/gcc/syscalls.o
 .debug_macro   0x00019362       0x52 src/ASF/sam/utils/syscalls/gcc/syscalls.o
 .debug_macro   0x000193b4       0x8d src/ASF/sam/utils/syscalls/gcc/syscalls.o
 .debug_macro   0x00019441       0x57 src/ASF/sam/utils/syscalls/gcc/syscalls.o
 .debug_macro   0x00019498       0x97 src/ASF/sam/utils/syscalls/gcc/syscalls.o
 .debug_macro   0x0001952f       0xf6 src/ASF/sam/utils/syscalls/gcc/syscalls.o
 .debug_macro   0x00019625       0x4c src/ASF/sam/utils/syscalls/gcc/syscalls.o
 .debug_macro   0x00019671       0x16 src/ASF/sam/utils/syscalls/gcc/syscalls.o
 .debug_macro   0x00019687       0x10 src/ASF/sam/utils/syscalls/gcc/syscalls.o
 .debug_macro   0x00019697       0x10 src/ASF/sam/utils/syscalls/gcc/syscalls.o
 .debug_macro   0x000196a7       0x35 src/ASF/sam/utils/syscalls/gcc/syscalls.o
 .debug_macro   0x000196dc      0x122 src/ASF/sam/utils/syscalls/gcc/syscalls.o
 .debug_macro   0x000197fe      0x6b3 src/main.o

.debug_line     0x00000000    0x10c7d
 .debug_line    0x00000000      0xeea src/ASF/sam/drivers/adc/adc.o
 .debug_line    0x00000eea      0xe6c src/common/pin_mapper.o
 .debug_line    0x00001d56      0xe88 src/io_control/analog_output.o
 .debug_line    0x00002bde      0xe86 src/io_control/dac.o
 .debug_line    0x00003a64      0xeaf src/io_control/io_uart.o
 .debug_line    0x00004913     0x1009 src/matlab_coms/matlab_functions.o
 .debug_line    0x0000591c      0xeda src/matlab_coms/matlab_state.o
 .debug_line    0x000067f6      0xcbd src/ASF/sam/drivers/dacc/dacc.o
 .debug_line    0x000074b3      0xee3 src/ASF/sam/drivers/pwm/pwm.o
 .debug_line    0x00008396      0xe6b src/io_control/adc.o
 .debug_line    0x00009201      0xcba src/ASF/common/services/clock/sam3x/sysclk.o
 .debug_line    0x00009ebb      0xd4d src/ASF/sam/boards/arduino_due_x/init.o
 .debug_line    0x0000ac08      0xeca src/ASF/sam/drivers/pio/pio.o
 .debug_line    0x0000bad2      0xbfd src/ASF/sam/drivers/pio/pio_handler.o
 .debug_line    0x0000c6cf     0x10b2 src/ASF/sam/drivers/pmc/pmc.o
 .debug_line    0x0000d781      0xb23 src/ASF/sam/utils/cmsis/sam3x/source/templates/exceptions.o
 .debug_line    0x0000e2a4      0xb6c src/ASF/sam/utils/cmsis/sam3x/source/templates/gcc/startup_sam3x.o
 .debug_line    0x0000ee10      0xb9e src/ASF/sam/utils/cmsis/sam3x/source/templates/system_sam3x.o
 .debug_line    0x0000f9ae      0x40b src/ASF/sam/utils/syscalls/gcc/syscalls.o
 .debug_line    0x0000fdb9      0xec4 src/main.o

.debug_str      0x00000000    0x63a94
 .debug_str     0x00000000    0x5bed2 src/ASF/sam/drivers/adc/adc.o
                              0x5c2a5 (size before relaxing)
 .debug_str     0x0005bed2     0x4694 src/common/pin_mapper.o
                              0x5fec1 (size before relaxing)
 .debug_str     0x00060566      0x888 src/io_control/analog_output.o
                              0x607cf (size before relaxing)
 .debug_str     0x00060dee      0x16f src/io_control/dac.o
                              0x6003a (size before relaxing)
 .debug_str     0x00060f5d      0x233 src/io_control/io_uart.o
                              0x602c3 (size before relaxing)
 .debug_str     0x00061190      0x1ba src/matlab_coms/matlab_functions.o
                              0x604e3 (size before relaxing)
 .debug_str     0x0006134a      0x110 src/matlab_coms/matlab_state.o
                              0x600ba (size before relaxing)
 .debug_str     0x0006145a      0x27b src/ASF/sam/drivers/dacc/dacc.o
                              0x5bc48 (size before relaxing)
 .debug_str     0x000616d5      0x77b src/ASF/sam/drivers/pwm/pwm.o
                              0x5c4ae (size before relaxing)
 .debug_str     0x00061e50       0x21 src/io_control/adc.o
                              0x6031b (size before relaxing)
 .debug_str     0x00061e71      0x34b src/ASF/common/services/clock/sam3x/sysclk.o
                              0x5f6da (size before relaxing)
 .debug_str     0x000621bc       0xe1 src/ASF/sam/boards/arduino_due_x/init.o
                              0x5fdbc (size before relaxing)
 .debug_str     0x0006229d      0x3eb src/ASF/sam/drivers/pio/pio.o
                              0x5c15b (size before relaxing)
 .debug_str     0x00062688      0x44e src/ASF/sam/drivers/pio/pio_handler.o
                              0x5c254 (size before relaxing)
 .debug_str     0x00062ad6      0x576 src/ASF/sam/drivers/pmc/pmc.o
                              0x5c1d1 (size before relaxing)
 .debug_str     0x0006304c       0x4d src/ASF/sam/utils/cmsis/sam3x/source/templates/exceptions.o
                              0x5b7d0 (size before relaxing)
 .debug_str     0x00063099       0xd9 src/ASF/sam/utils/cmsis/sam3x/source/templates/gcc/startup_sam3x.o
                              0x5b8cc (size before relaxing)
 .debug_str     0x00063172      0x195 src/ASF/sam/utils/cmsis/sam3x/source/templates/system_sam3x.o
                              0x5baa8 (size before relaxing)
 .debug_str     0x00063307      0x76a src/ASF/sam/utils/syscalls/gcc/syscalls.o
                               0x7431 (size before relaxing)
 .debug_str     0x00063a71       0x23 src/main.o
                              0x60099 (size before relaxing)

.debug_frame    0x00000000     0x204c
 .debug_frame   0x00000000      0x320 src/ASF/sam/drivers/adc/adc.o
 .debug_frame   0x00000320       0x3c src/common/pin_mapper.o
 .debug_frame   0x0000035c       0x4c src/io_control/analog_output.o
 .debug_frame   0x000003a8       0x4c src/io_control/dac.o
 .debug_frame   0x000003f4       0x60 src/io_control/io_uart.o
 .debug_frame   0x00000454      0x128 src/matlab_coms/matlab_functions.o
 .debug_frame   0x0000057c       0x30 src/matlab_coms/matlab_state.o
 .debug_frame   0x000005ac      0x16c src/ASF/sam/drivers/dacc/dacc.o
 .debug_frame   0x00000718      0x30c src/ASF/sam/drivers/pwm/pwm.o
 .debug_frame   0x00000a24       0x48 src/io_control/adc.o
 .debug_frame   0x00000a6c       0x88 src/ASF/common/services/clock/sam3x/sysclk.o
 .debug_frame   0x00000af4       0x28 src/ASF/sam/boards/arduino_due_x/init.o
 .debug_frame   0x00000b1c      0x2b8 src/ASF/sam/drivers/pio/pio.o
 .debug_frame   0x00000dd4       0xf8 src/ASF/sam/drivers/pio/pio_handler.o
 .debug_frame   0x00000ecc      0x3ec src/ASF/sam/drivers/pmc/pmc.o
 .debug_frame   0x000012b8       0x20 src/ASF/sam/utils/cmsis/sam3x/source/templates/exceptions.o
 .debug_frame   0x000012d8       0x28 src/ASF/sam/utils/cmsis/sam3x/source/templates/gcc/startup_sam3x.o
 .debug_frame   0x00001300       0x40 src/ASF/sam/utils/cmsis/sam3x/source/templates/system_sam3x.o
 .debug_frame   0x00001340       0xa8 src/ASF/sam/utils/syscalls/gcc/syscalls.o
 .debug_frame   0x000013e8       0x28 src/main.o
 .debug_frame   0x00001410       0x2c c:/program files (x86)/atmel/studio/7.0/toolchain/arm/arm-gnu-toolchain/bin/../lib/gcc/arm-none-eabi/6.3.1/../../../../arm-none-eabi/lib/thumb/v7-m\libc.a(lib_a-init.o)
 .debug_frame   0x0000143c       0x34 c:/program files (x86)/atmel/studio/7.0/toolchain/arm/arm-gnu-toolchain/bin/../lib/gcc/arm-none-eabi/6.3.1/../../../../arm-none-eabi/lib/thumb/v7-m\libc.a(lib_a-memset.o)
 .debug_frame   0x00001470       0x84 c:/program files (x86)/atmel/studio/7.0/toolchain/arm/arm-gnu-toolchain/bin/../lib/gcc/arm-none-eabi/6.3.1/../../../../arm-none-eabi/lib/thumb/v7-m\libc.a(lib_a-sprintf.o)
 .debug_frame   0x000014f4       0x20 c:/program files (x86)/atmel/studio/7.0/toolchain/arm/arm-gnu-toolchain/bin/../lib/gcc/arm-none-eabi/6.3.1/../../../../arm-none-eabi/lib/thumb/v7-m\libc.a(lib_a-strlen-stub.o)
 .debug_frame   0x00001514       0x40 c:/program files (x86)/atmel/studio/7.0/toolchain/arm/arm-gnu-toolchain/bin/../lib/gcc/arm-none-eabi/6.3.1/../../../../arm-none-eabi/lib/thumb/v7-m\libc.a(lib_a-svfprintf.o)
 .debug_frame   0x00001554       0x5c c:/program files (x86)/atmel/studio/7.0/toolchain/arm/arm-gnu-toolchain/bin/../lib/gcc/arm-none-eabi/6.3.1/../../../../arm-none-eabi/lib/thumb/v7-m\libc.a(lib_a-__call_atexit.o)
 .debug_frame   0x000015b0       0x20 c:/program files (x86)/atmel/studio/7.0/toolchain/arm/arm-gnu-toolchain/bin/../lib/gcc/arm-none-eabi/6.3.1/../../../../arm-none-eabi/lib/thumb/v7-m\libc.a(lib_a-atexit.o)
 .debug_frame   0x000015d0       0x84 c:/program files (x86)/atmel/studio/7.0/toolchain/arm/arm-gnu-toolchain/bin/../lib/gcc/arm-none-eabi/6.3.1/../../../../arm-none-eabi/lib/thumb/v7-m\libc.a(lib_a-dtoa.o)
 .debug_frame   0x00001654       0x34 c:/program files (x86)/atmel/studio/7.0/toolchain/arm/arm-gnu-toolchain/bin/../lib/gcc/arm-none-eabi/6.3.1/../../../../arm-none-eabi/lib/thumb/v7-m\libc.a(lib_a-fini.o)
 .debug_frame   0x00001688       0x74 c:/program files (x86)/atmel/studio/7.0/toolchain/arm/arm-gnu-toolchain/bin/../lib/gcc/arm-none-eabi/6.3.1/../../../../arm-none-eabi/lib/thumb/v7-m\libc.a(lib_a-freer.o)
 .debug_frame   0x000016fc       0x6c c:/program files (x86)/atmel/studio/7.0/toolchain/arm/arm-gnu-toolchain/bin/../lib/gcc/arm-none-eabi/6.3.1/../../../../arm-none-eabi/lib/thumb/v7-m\libc.a(lib_a-locale.o)
 .debug_frame   0x00001768       0x40 c:/program files (x86)/atmel/studio/7.0/toolchain/arm/arm-gnu-toolchain/bin/../lib/gcc/arm-none-eabi/6.3.1/../../../../arm-none-eabi/lib/thumb/v7-m\libc.a(lib_a-localeconv.o)
 .debug_frame   0x000017a8       0xb0 c:/program files (x86)/atmel/studio/7.0/toolchain/arm/arm-gnu-toolchain/bin/../lib/gcc/arm-none-eabi/6.3.1/../../../../arm-none-eabi/lib/thumb/v7-m\libc.a(lib_a-lock.o)
 .debug_frame   0x00001858       0x54 c:/program files (x86)/atmel/studio/7.0/toolchain/arm/arm-gnu-toolchain/bin/../lib/gcc/arm-none-eabi/6.3.1/../../../../arm-none-eabi/lib/thumb/v7-m\libc.a(lib_a-mallocr.o)
 .debug_frame   0x000018ac       0x4c c:/program files (x86)/atmel/studio/7.0/toolchain/arm/arm-gnu-toolchain/bin/../lib/gcc/arm-none-eabi/6.3.1/../../../../arm-none-eabi/lib/thumb/v7-m\libc.a(lib_a-mbtowc_r.o)
 .debug_frame   0x000018f8       0x34 c:/program files (x86)/atmel/studio/7.0/toolchain/arm/arm-gnu-toolchain/bin/../lib/gcc/arm-none-eabi/6.3.1/../../../../arm-none-eabi/lib/thumb/v7-m\libc.a(lib_a-memchr-stub.o)
 .debug_frame   0x0000192c       0x30 c:/program files (x86)/atmel/studio/7.0/toolchain/arm/arm-gnu-toolchain/bin/../lib/gcc/arm-none-eabi/6.3.1/../../../../arm-none-eabi/lib/thumb/v7-m\libc.a(lib_a-memmove.o)
 .debug_frame   0x0000195c       0x30 c:/program files (x86)/atmel/studio/7.0/toolchain/arm/arm-gnu-toolchain/bin/../lib/gcc/arm-none-eabi/6.3.1/../../../../arm-none-eabi/lib/thumb/v7-m\libc.a(lib_a-mlock.o)
 .debug_frame   0x0000198c      0x260 c:/program files (x86)/atmel/studio/7.0/toolchain/arm/arm-gnu-toolchain/bin/../lib/gcc/arm-none-eabi/6.3.1/../../../../arm-none-eabi/lib/thumb/v7-m\libc.a(lib_a-mprec.o)
 .debug_frame   0x00001bec       0x68 c:/program files (x86)/atmel/studio/7.0/toolchain/arm/arm-gnu-toolchain/bin/../lib/gcc/arm-none-eabi/6.3.1/../../../../arm-none-eabi/lib/thumb/v7-m\libc.a(lib_a-reallocr.o)
 .debug_frame   0x00001c54       0x2c c:/program files (x86)/atmel/studio/7.0/toolchain/arm/arm-gnu-toolchain/bin/../lib/gcc/arm-none-eabi/6.3.1/../../../../arm-none-eabi/lib/thumb/v7-m\libc.a(lib_a-sbrkr.o)
 .debug_frame   0x00001c80       0x78 c:/program files (x86)/atmel/studio/7.0/toolchain/arm/arm-gnu-toolchain/bin/../lib/gcc/arm-none-eabi/6.3.1/../../../../arm-none-eabi/lib/thumb/v7-m\libc.a(lib_a-svfiprintf.o)
 .debug_frame   0x00001cf8       0x3c c:/program files (x86)/atmel/studio/7.0/toolchain/arm/arm-gnu-toolchain/bin/../lib/gcc/arm-none-eabi/6.3.1/../../../../arm-none-eabi/lib/thumb/v7-m\libc.a(lib_a-wctomb_r.o)
 .debug_frame   0x00001d34       0x34 c:/program files (x86)/atmel/studio/7.0/toolchain/arm/arm-gnu-toolchain/bin/../lib/gcc/arm-none-eabi/6.3.1/../../../../arm-none-eabi/lib/thumb/v7-m\libc.a(lib_a-__atexit.o)
 .debug_frame   0x00001d68       0x28 c:/program files (x86)/atmel/studio/7.0/toolchain/arm/arm-gnu-toolchain/bin/../lib/gcc/arm-none-eabi/6.3.1/../../../../arm-none-eabi/lib/thumb/v7-m\libc.a(lib_a-callocr.o)
 .debug_frame   0x00001d90       0x58 c:/program files (x86)/atmel/studio/7.0/toolchain/arm/arm-gnu-toolchain/bin/../lib/gcc/arm-none-eabi/6.3.1/../../../../arm-none-eabi/lib/thumb/v7-m\libc.a(lib_a-reent.o)
 .debug_frame   0x00001de8       0xac c:/program files (x86)/atmel/studio/7.0/toolchain/arm/arm-gnu-toolchain/bin/../lib/gcc/arm-none-eabi/6.3.1/thumb/v7-m\libgcc.a(_arm_addsubdf3.o)
 .debug_frame   0x00001e94       0x50 c:/program files (x86)/atmel/studio/7.0/toolchain/arm/arm-gnu-toolchain/bin/../lib/gcc/arm-none-eabi/6.3.1/thumb/v7-m\libgcc.a(_arm_muldivdf3.o)
 .debug_frame   0x00001ee4       0xc4 c:/program files (x86)/atmel/studio/7.0/toolchain/arm/arm-gnu-toolchain/bin/../lib/gcc/arm-none-eabi/6.3.1/thumb/v7-m\libgcc.a(_arm_cmpdf2.o)
 .debug_frame   0x00001fa8       0x20 c:/program files (x86)/atmel/studio/7.0/toolchain/arm/arm-gnu-toolchain/bin/../lib/gcc/arm-none-eabi/6.3.1/thumb/v7-m\libgcc.a(_arm_unorddf2.o)
 .debug_frame   0x00001fc8       0x24 c:/program files (x86)/atmel/studio/7.0/toolchain/arm/arm-gnu-toolchain/bin/../lib/gcc/arm-none-eabi/6.3.1/thumb/v7-m\libgcc.a(_arm_fixdfsi.o)
 .debug_frame   0x00001fec       0x2c c:/program files (x86)/atmel/studio/7.0/toolchain/arm/arm-gnu-toolchain/bin/../lib/gcc/arm-none-eabi/6.3.1/thumb/v7-m\libgcc.a(_aeabi_uldivmod.o)
 .debug_frame   0x00002018       0x34 c:/program files (x86)/atmel/studio/7.0/toolchain/arm/arm-gnu-toolchain/bin/../lib/gcc/arm-none-eabi/6.3.1/thumb/v7-m\libgcc.a(_udivmoddi4.o)

Cross Reference Table

Symbol                                            File
ADC_Handler                                       src/ASF/sam/utils/cmsis/sam3x/source/templates/exceptions.o
                                                  src/ASF/sam/utils/cmsis/sam3x/source/templates/gcc/startup_sam3x.o
BusFault_Handler                                  src/ASF/sam/utils/cmsis/sam3x/source/templates/exceptions.o
                                                  src/ASF/sam/utils/cmsis/sam3x/source/templates/gcc/startup_sam3x.o
CAN0_Handler                                      src/ASF/sam/utils/cmsis/sam3x/source/templates/exceptions.o
                                                  src/ASF/sam/utils/cmsis/sam3x/source/templates/gcc/startup_sam3x.o
CAN1_Handler                                      src/ASF/sam/utils/cmsis/sam3x/source/templates/exceptions.o
                                                  src/ASF/sam/utils/cmsis/sam3x/source/templates/gcc/startup_sam3x.o
DACC_Handler                                      src/ASF/sam/utils/cmsis/sam3x/source/templates/exceptions.o
                                                  src/ASF/sam/utils/cmsis/sam3x/source/templates/gcc/startup_sam3x.o
DMAC_Handler                                      src/ASF/sam/utils/cmsis/sam3x/source/templates/exceptions.o
                                                  src/ASF/sam/utils/cmsis/sam3x/source/templates/gcc/startup_sam3x.o
DebugMon_Handler                                  src/ASF/sam/utils/cmsis/sam3x/source/templates/exceptions.o
                                                  src/ASF/sam/utils/cmsis/sam3x/source/templates/gcc/startup_sam3x.o
Dummy_Handler                                     src/ASF/sam/utils/cmsis/sam3x/source/templates/exceptions.o
EFC0_Handler                                      src/ASF/sam/utils/cmsis/sam3x/source/templates/exceptions.o
                                                  src/ASF/sam/utils/cmsis/sam3x/source/templates/gcc/startup_sam3x.o
EFC1_Handler                                      src/ASF/sam/utils/cmsis/sam3x/source/templates/exceptions.o
                                                  src/ASF/sam/utils/cmsis/sam3x/source/templates/gcc/startup_sam3x.o
EMAC_Handler                                      src/ASF/sam/utils/cmsis/sam3x/source/templates/exceptions.o
                                                  src/ASF/sam/utils/cmsis/sam3x/source/templates/gcc/startup_sam3x.o
HSMCI_Handler                                     src/ASF/sam/utils/cmsis/sam3x/source/templates/exceptions.o
                                                  src/ASF/sam/utils/cmsis/sam3x/source/templates/gcc/startup_sam3x.o
HardFault_Handler                                 src/ASF/sam/utils/cmsis/sam3x/source/templates/exceptions.o
                                                  src/ASF/sam/utils/cmsis/sam3x/source/templates/gcc/startup_sam3x.o
MemManage_Handler                                 src/ASF/sam/utils/cmsis/sam3x/source/templates/exceptions.o
                                                  src/ASF/sam/utils/cmsis/sam3x/source/templates/gcc/startup_sam3x.o
NMI_Handler                                       src/ASF/sam/utils/cmsis/sam3x/source/templates/exceptions.o
                                                  src/ASF/sam/utils/cmsis/sam3x/source/templates/gcc/startup_sam3x.o
PIOA_Handler                                      src/ASF/sam/drivers/pio/pio_handler.o
                                                  src/ASF/sam/utils/cmsis/sam3x/source/templates/gcc/startup_sam3x.o
PIOB_Handler                                      src/ASF/sam/drivers/pio/pio_handler.o
                                                  src/ASF/sam/utils/cmsis/sam3x/source/templates/gcc/startup_sam3x.o
PIOC_Handler                                      src/ASF/sam/drivers/pio/pio_handler.o
                                                  src/ASF/sam/utils/cmsis/sam3x/source/templates/gcc/startup_sam3x.o